Archive member included to satisfy reference by file (symbol)

/opt/devkitpro/libgba/lib/libgba.a(interrupt.o)
                              console.o (irqInit)
/opt/devkitpro/libgba/lib/libgba.a(console.o)
                              console.o (consoleDemoInit)
/opt/devkitpro/libgba/lib/libgba.a(InterruptDispatcher.o)
                              /opt/devkitpro/libgba/lib/libgba.a(interrupt.o) (IntrMain)
/opt/devkitpro/libgba/lib/libgba.a(amiga.fnt.o)
                              /opt/devkitpro/libgba/lib/libgba.a(console.o) (amiga_fnt_size)
/opt/devkitpro/libgba/lib/libgba.a(CpuSet.o)
                              /opt/devkitpro/libgba/lib/libgba.a(console.o) (CpuFastSet)
/opt/devkitpro/devkitARM/lib/gcc/arm-none-eabi/10.1.0/../../../../arm-none-eabi/lib/thumb/libg.a(lib_a-init.o)
                              /opt/devkitpro/devkitARM/lib/gcc/arm-none-eabi/10.1.0/../../../../arm-none-eabi/lib/thumb/gba_crt0.o (__libc_init_array)
/opt/devkitpro/devkitARM/lib/gcc/arm-none-eabi/10.1.0/../../../../arm-none-eabi/lib/thumb/libg.a(lib_a-iprintf.o)
                              console.o (iprintf)
/opt/devkitpro/devkitARM/lib/gcc/arm-none-eabi/10.1.0/../../../../arm-none-eabi/lib/thumb/libg.a(lib_a-setvbuf.o)
                              /opt/devkitpro/libgba/lib/libgba.a(console.o) (setvbuf)
/opt/devkitpro/devkitARM/lib/gcc/arm-none-eabi/10.1.0/../../../../arm-none-eabi/lib/thumb/libg.a(lib_a-siscanf.o)
                              /opt/devkitpro/libgba/lib/libgba.a(console.o) (siscanf)
/opt/devkitpro/devkitARM/lib/gcc/arm-none-eabi/10.1.0/../../../../arm-none-eabi/lib/thumb/libg.a(lib_a-stdio.o)
                              /opt/devkitpro/devkitARM/lib/gcc/arm-none-eabi/10.1.0/../../../../arm-none-eabi/lib/thumb/libg.a(lib_a-siscanf.o) (__seofread)
/opt/devkitpro/devkitARM/lib/gcc/arm-none-eabi/10.1.0/../../../../arm-none-eabi/lib/thumb/libg.a(lib_a-strlen-stub.o)
                              /opt/devkitpro/devkitARM/lib/gcc/arm-none-eabi/10.1.0/../../../../arm-none-eabi/lib/thumb/libg.a(lib_a-siscanf.o) (strlen)
/opt/devkitpro/devkitARM/lib/gcc/arm-none-eabi/10.1.0/../../../../arm-none-eabi/lib/thumb/libg.a(lib_a-svfiscanf.o)
                              /opt/devkitpro/devkitARM/lib/gcc/arm-none-eabi/10.1.0/../../../../arm-none-eabi/lib/thumb/libg.a(lib_a-siscanf.o) (__ssvfiscanf_r)
/opt/devkitpro/devkitARM/lib/gcc/arm-none-eabi/10.1.0/../../../../arm-none-eabi/lib/thumb/libg.a(lib_a-ungetc.o)
                              /opt/devkitpro/devkitARM/lib/gcc/arm-none-eabi/10.1.0/../../../../arm-none-eabi/lib/thumb/libg.a(lib_a-svfiscanf.o) (__submore)
/opt/devkitpro/devkitARM/lib/gcc/arm-none-eabi/10.1.0/../../../../arm-none-eabi/lib/thumb/libg.a(lib_a-vfiprintf.o)
                              /opt/devkitpro/devkitARM/lib/gcc/arm-none-eabi/10.1.0/../../../../arm-none-eabi/lib/thumb/libg.a(lib_a-iprintf.o) (_vfiprintf_r)
/opt/devkitpro/devkitARM/lib/gcc/arm-none-eabi/10.1.0/../../../../arm-none-eabi/lib/thumb/libg.a(lib_a-wcrtomb.o)
                              /opt/devkitpro/devkitARM/lib/gcc/arm-none-eabi/10.1.0/../../../../arm-none-eabi/lib/thumb/libg.a(lib_a-vfiprintf.o) (_wcrtomb_r)
/opt/devkitpro/devkitARM/lib/gcc/arm-none-eabi/10.1.0/../../../../arm-none-eabi/lib/thumb/libg.a(lib_a-wcsrtombs.o)
                              /opt/devkitpro/devkitARM/lib/gcc/arm-none-eabi/10.1.0/../../../../arm-none-eabi/lib/thumb/libg.a(lib_a-vfiprintf.o) (_wcsrtombs_r)
/opt/devkitpro/devkitARM/lib/gcc/arm-none-eabi/10.1.0/../../../../arm-none-eabi/lib/thumb/libg.a(lib_a-wsetup.o)
                              /opt/devkitpro/devkitARM/lib/gcc/arm-none-eabi/10.1.0/../../../../arm-none-eabi/lib/thumb/libg.a(lib_a-vfiprintf.o) (__swsetup_r)
/opt/devkitpro/devkitARM/lib/gcc/arm-none-eabi/10.1.0/../../../../arm-none-eabi/lib/thumb/libg.a(lib_a-ctype_.o)
                              /opt/devkitpro/devkitARM/lib/gcc/arm-none-eabi/10.1.0/../../../../arm-none-eabi/lib/thumb/libg.a(lib_a-svfiscanf.o) (_ctype_)
/opt/devkitpro/devkitARM/lib/gcc/arm-none-eabi/10.1.0/../../../../arm-none-eabi/lib/thumb/libg.a(lib_a-fflush.o)
                              /opt/devkitpro/devkitARM/lib/gcc/arm-none-eabi/10.1.0/../../../../arm-none-eabi/lib/thumb/libg.a(lib_a-setvbuf.o) (_fflush_r)
/opt/devkitpro/devkitARM/lib/gcc/arm-none-eabi/10.1.0/../../../../arm-none-eabi/lib/thumb/libg.a(lib_a-findfp.o)
                              /opt/devkitpro/devkitARM/lib/gcc/arm-none-eabi/10.1.0/../../../../arm-none-eabi/lib/thumb/libg.a(lib_a-setvbuf.o) (__sinit)
/opt/devkitpro/devkitARM/lib/gcc/arm-none-eabi/10.1.0/../../../../arm-none-eabi/lib/thumb/libg.a(lib_a-freer.o)
                              /opt/devkitpro/devkitARM/lib/gcc/arm-none-eabi/10.1.0/../../../../arm-none-eabi/lib/thumb/libg.a(lib_a-setvbuf.o) (_free_r)
/opt/devkitpro/devkitARM/lib/gcc/arm-none-eabi/10.1.0/../../../../arm-none-eabi/lib/thumb/libg.a(lib_a-fvwrite.o)
[...]
Memory Configuration

Name             Origin             Length             Attributes
rom              0x0000000008000000 0x0000000002000000
iwram            0x0000000003000000 0x0000000000008000
ewram            0x0000000002000000 0x0000000000040000
*default*        0x0000000000000000 0xffffffffffffffff

Linker script and memory map

                0x0000000008000000                __text_start = ORIGIN (rom)
                0x0000000002040000                __eheap_end = (ORIGIN (ewram) + LENGTH (ewram))
                0x0000000003000000                __iwram_start = ORIGIN (iwram)
                0x0000000003008000                __iwram_top = (ORIGIN (iwram) + LENGTH (iwram))
                0x0000000003007fa0                __sp_irq = (__iwram_top - 0x60)
                0x0000000003007f00                __sp_usr = (__sp_irq - 0xa0)
                0x0000000003007ff8                __irq_flags = 0x3007ff8
                0x0000000008000000                . = __text_start

.crt0           0x0000000008000000      0x210
 *(.crt0)
 .crt0          0x0000000008000000      0x210 /opt/devkitpro/devkitARM/lib/gcc/arm-none-eabi/10.1.0/../../../../arm-none-eabi/lib/thumb/gba_crt0.o
                0x0000000008000000                _start
                0x00000000080000c4                __boot_method
                0x00000000080000c5                __slave_number
                0x00000000080000e0                start_vector
                0x0000000008000210                . = ALIGN (0x4)

.init           0x0000000008000210        0xc
 *(SORT_NONE(.init))
 .init          0x0000000008000210        0x4 /opt/devkitpro/devkitARM/lib/gcc/arm-none-eabi/10.1.0/thumb/crti.o
                0x0000000008000210                _init
 .init          0x0000000008000214        0x8 /opt/devkitpro/devkitARM/lib/gcc/arm-none-eabi/10.1.0/thumb/crtn.o

.plt            0x000000000800021c        0x0
 *(.plt)
                0x000000000800021c                . = ALIGN (0x4)

.text           0x0000000008000220     0x7b68
 *(EXCLUDE_FILE(*.iwram*) .text*)
 .text.deregister_tm_clones
                0x0000000008000220       0x2c /opt/devkitpro/devkitARM/lib/gcc/arm-none-eabi/10.1.0/thumb/crtbegin.o
 .text.register_tm_clones
                0x000000000800024c       0x34 /opt/devkitpro/devkitARM/lib/gcc/arm-none-eabi/10.1.0/thumb/crtbegin.o
 .text.__do_global_dtors_aux
                0x0000000008000280       0x30 /opt/devkitpro/devkitARM/lib/gcc/arm-none-eabi/10.1.0/thumb/crtbegin.o
 .text.frame_dummy
                0x00000000080002b0       0x28 /opt/devkitpro/devkitARM/lib/gcc/arm-none-eabi/10.1.0/thumb/crtbegin.o
 .text.startup  0x00000000080002d8       0x50 console.o
                0x00000000080002d8                main
 .text          0x0000000008000328      0x3b8 /opt/devkitpro/libgba/lib/libgba.a(interrupt.o)
                0x0000000008000328                dummy
                0x000000000800032c                InitInterrupt
                0x0000000008000388                irqInit
                0x00000000080003e4                SetInterrupt
                0x00000000080004c8                irqSet
                0x00000000080005ac                EnableInterrupt
                0x00000000080005f8                irqEnable
                0x0000000008000648                DisableInterrupt
                0x0000000008000694                irqDisable
 .text          0x00000000080006e0      0x5ac /opt/devkitpro/libgba/lib/libgba.a(console.o)
                0x00000000080006e0                con_read
                0x00000000080006e8                con_close
                0x00000000080006f0                con_open
                0x0000000008000700                con_write
                0x0000000008000948                consoleCls
                0x0000000008000978                upcvt_4bit
                0x00000000080009cc                consoleInit
                0x0000000008000ac8                consoleDemoInit
                0x0000000008000bc8                consolePrintChar
 .text          0x0000000008000c8c        0x8 /opt/devkitpro/libgba/lib/libgba.a(CpuSet.o)
                0x0000000008000c8c                CpuSet
                0x0000000008000c90                CpuFastSet
 .text.__libc_init_array
                0x0000000008000c94       0x50 /opt/devkitpro/devkitARM/lib/gcc/arm-none-eabi/10.1.0/../../../../arm-none-eabi/lib/thumb/libg.a(lib_a-init.o)
                0x0000000008000c94                __libc_init_array
 .text.iprintf  0x0000000008000ce4       0x24 /opt/devkitpro/devkitARM/lib/gcc/arm-none-eabi/10.1.0/../../../../arm-none-eabi/lib/thumb/libg.a(lib_a-iprintf.o)
                0x0000000008000ce4                iprintf
 .text.setvbuf  0x0000000008000d08      0x1ac /opt/devkitpro/devkitARM/lib/gcc/arm-none-eabi/10.1.0/../../../../arm-none-eabi/lib/thumb/libg.a(lib_a-setvbuf.o)
                0x0000000008000d08                setvbuf
 .text.siscanf  0x0000000008000eb4       0x4c /opt/devkitpro/devkitARM/lib/gcc/arm-none-eabi/10.1.0/../../../../arm-none-eabi/lib/thumb/libg.a(lib_a-siscanf.o)
                0x0000000008000eb4                siscanf
 .text.__sread  0x0000000008000f00       0x34 /opt/devkitpro/devkitARM/lib/gcc/arm-none-eabi/10.1.0/../../../../arm-none-eabi/lib/thumb/libg.a(lib_a-stdio.o)
                0x0000000008000f00                __sread
 .text.__seofread
                0x0000000008000f34        0x4 /opt/devkitpro/devkitARM/lib/gcc/arm-none-eabi/10.1.0/../../../../arm-none-eabi/lib/thumb/libg.a(lib_a-stdio.o)
                0x0000000008000f34                __seofread
 .text.__swrite
                0x0000000008000f38       0x54 /opt/devkitpro/devkitARM/lib/gcc/arm-none-eabi/10.1.0/../../../../arm-none-eabi/lib/thumb/libg.a(lib_a-stdio.o)
                0x0000000008000f38                __swrite
 .text.__sseek  0x0000000008000f8c       0x40 /opt/devkitpro/devkitARM/lib/gcc/arm-none-eabi/10.1.0/../../../../arm-none-eabi/lib/thumb/libg.a(lib_a-stdio.o)
                0x0000000008000f8c                __sseek
 .text.__sclose
                0x0000000008000fcc       0x10 /opt/devkitpro/devkitARM/lib/gcc/arm-none-eabi/10.1.0/../../../../arm-none-eabi/lib/thumb/libg.a(lib_a-stdio.o)
                0x0000000008000fcc                __sclose
 .text.strlen   0x0000000008000fdc       0x60 /opt/devkitpro/devkitARM/lib/gcc/arm-none-eabi/10.1.0/../../../../arm-none-eabi/lib/thumb/libg.a(lib_a-strlen-stub.o)
                0x0000000008000fdc                strlen
 .text.get_arg  0x000000000800103c       0x32 /opt/devkitpro/devkitARM/lib/gcc/arm-none-eabi/10.1.0/../../../../arm-none-eabi/lib/thumb/libg.a(lib_a-svfiscanf.o)
 .text._sungetc_r
                0x000000000800106e       0x7e /opt/devkitpro/devkitARM/lib/gcc/arm-none-eabi/10.1.0/../../../../arm-none-eabi/lib/thumb/libg.a(lib_a-svfiscanf.o)
                0x000000000800106e                _sungetc_r
 .text.__ssrefill_r
                0x00000000080010ec       0x42 /opt/devkitpro/devkitARM/lib/gcc/arm-none-eabi/10.1.0/../../../../arm-none-eabi/lib/thumb/libg.a(lib_a-svfiscanf.o)
                0x00000000080010ec                __ssrefill_r
 .text._sfread_r
                0x000000000800112e       0x8a /opt/devkitpro/devkitARM/lib/gcc/arm-none-eabi/10.1.0/../../../../arm-none-eabi/lib/thumb/libg.a(lib_a-svfiscanf.o)
                0x000000000800112e                _sfread_r
 .text.__ssvfiscanf_r
                0x00000000080011b8     0x1b6c /opt/devkitpro/devkitARM/lib/gcc/arm-none-eabi/10.1.0/../../../../arm-none-eabi/lib/thumb/libg.a(lib_a-svfiscanf.o)
                0x00000000080011b8                __ssvfiscanf_r
 .text.__submore
                0x0000000008002d24       0x88 /opt/devkitpro/devkitARM/lib/gcc/arm-none-eabi/10.1.0/../../../../arm-none-eabi/lib/thumb/libg.a(lib_a-ungetc.o)
                0x0000000008002d24                __submore
 .text.get_arg  0x0000000008002dac      0x3f0 /opt/devkitpro/devkitARM/lib/gcc/arm-none-eabi/10.1.0/../../../../arm-none-eabi/lib/thumb/libg.a(lib_a-vfiprintf.o)
 .text.__sprint_r
                0x000000000800319c       0x20 /opt/devkitpro/devkitARM/lib/gcc/arm-none-eabi/10.1.0/../../../../arm-none-eabi/lib/thumb/libg.a(lib_a-vfiprintf.o)
                0x000000000800319c                __sprint_r
 .text._vfiprintf_r
                0x00000000080031bc     0x1800 /opt/devkitpro/devkitARM/lib/gcc/arm-none-eabi/10.1.0/../../../../arm-none-eabi/lib/thumb/libg.a(lib_a-vfiprintf.o)
                0x00000000080031bc                _vfiprintf_r
 .text.__sbprintf
                0x00000000080049bc       0x8c /opt/devkitpro/devkitARM/lib/gcc/arm-none-eabi/10.1.0/../../../../arm-none-eabi/lib/thumb/libg.a(lib_a-vfiprintf.o)
 .text._wcrtomb_r
                0x0000000008004a48       0x5c /opt/devkitpro/devkitARM/lib/gcc/arm-none-eabi/10.1.0/../../../../arm-none-eabi/lib/thumb/libg.a(lib_a-wcrtomb.o)
                0x0000000008004a48                _wcrtomb_r
 .text._wcsrtombs_r
                0x0000000008004aa4       0x1c /opt/devkitpro/devkitARM/lib/gcc/arm-none-eabi/10.1.0/../../../../arm-none-eabi/lib/thumb/libg.a(lib_a-wcsrtombs.o)
                0x0000000008004aa4                _wcsrtombs_r
 .text.__swsetup_r
                0x0000000008004ac0       0xe4 /opt/devkitpro/devkitARM/lib/gcc/arm-none-eabi/10.1.0/../../../../arm-none-eabi/lib/thumb/libg.a(lib_a-wsetup.o)
                0x0000000008004ac0                __swsetup_r
 .text.__sflush_r
                0x0000000008004ba4      0x1c0 /opt/devkitpro/devkitARM/lib/gcc/arm-none-eabi/10.1.0/../../../../arm-none-eabi/lib/thumb/libg.a(lib_a-fflush.o)
                0x0000000008004ba4                __sflush_r
 .text._fflush_r
                0x0000000008004d64       0x70 /opt/devkitpro/devkitARM/lib/gcc/arm-none-eabi/10.1.0/../../../../arm-none-eabi/lib/thumb/libg.a(lib_a-fflush.o)
                0x0000000008004d64                _fflush_r
 .text._cleanup_r
                0x0000000008004dd4       0x14 /opt/devkitpro/devkitARM/lib/gcc/arm-none-eabi/10.1.0/../../../../arm-none-eabi/lib/thumb/libg.a(lib_a-findfp.o)
                0x0000000008004dd4                _cleanup_r
 .text.__sinit  0x0000000008004de8      0x124 /opt/devkitpro/devkitARM/lib/gcc/arm-none-eabi/10.1.0/../../../../arm-none-eabi/lib/thumb/libg.a(lib_a-findfp.o)
                0x0000000008004de8                __sinit
 .text.__sfp_lock_acquire
                0x0000000008004f0c       0x14 /opt/devkitpro/devkitARM/lib/gcc/arm-none-eabi/10.1.0/../../../../arm-none-eabi/lib/thumb/libg.a(lib_a-findfp.o)
                0x0000000008004f0c                __sfp_lock_acquire
 .text.__sfp_lock_release
                0x0000000008004f20       0x14 /opt/devkitpro/devkitARM/lib/gcc/arm-none-eabi/10.1.0/../../../../arm-none-eabi/lib/thumb/libg.a(lib_a-findfp.o)
                0x0000000008004f20                __sfp_lock_release
 .text._malloc_trim_r
                0x0000000008004f34       0xa0 /opt/devkitpro/devkitARM/lib/gcc/arm-none-eabi/10.1.0/../../../../arm-none-eabi/lib/thumb/libg.a(lib_a-freer.o)
                0x0000000008004f34                _malloc_trim_r
 .text._free_r  0x0000000008004fd4      0x1e0 /opt/devkitpro/devkitARM/lib/gcc/arm-none-eabi/10.1.0/../../../../arm-none-eabi/lib/thumb/libg.a(lib_a-freer.o)
                0x0000000008004fd4                _free_r
 .text.__sfvwrite_r
                0x00000000080051b4      0x324 /opt/devkitpro/devkitARM/lib/gcc/arm-none-eabi/10.1.0/../../../../arm-none-eabi/lib/thumb/libg.a(lib_a-fvwrite.o)
                0x00000000080051b4                __sfvwrite_r
 .text._fwalk_reent
                0x00000000080054d8       0x50 /opt/devkitpro/devkitARM/lib/gcc/arm-none-eabi/10.1.0/../../../../arm-none-eabi/lib/thumb/libg.a(lib_a-fwalk.o)
                0x00000000080054d8                _fwalk_reent
 .text.iswspace
                0x0000000008005528       0x10 /opt/devkitpro/devkitARM/lib/gcc/arm-none-eabi/10.1.0/../../../../arm-none-eabi/lib/thumb/libg.a(lib_a-iswspace.o)
                0x0000000008005528                iswspace
 .text._localeconv_r
                0x0000000008005538        0x8 /opt/devkitpro/devkitARM/lib/gcc/arm-none-eabi/10.1.0/../../../../arm-none-eabi/lib/thumb/libg.a(lib_a-localeconv.o)
                0x0000000008005538                _localeconv_r
 .text.__locale_mb_cur_max
                0x0000000008005540       0x10 /opt/devkitpro/devkitARM/lib/gcc/arm-none-eabi/10.1.0/../../../../arm-none-eabi/lib/thumb/libg.a(lib_a-locale.o)
                0x0000000008005540                __locale_mb_cur_max
 .text.__smakebuf_r
                0x0000000008005550       0xec /opt/devkitpro/devkitARM/lib/gcc/arm-none-eabi/10.1.0/../../../../arm-none-eabi/lib/thumb/libg.a(lib_a-makebuf.o)
                0x0000000008005550                __smakebuf_r
 .text.__swhatbuf_r
                0x000000000800563c       0x64 /opt/devkitpro/devkitARM/lib/gcc/arm-none-eabi/10.1.0/../../../../arm-none-eabi/lib/thumb/libg.a(lib_a-makebuf.o)
                0x000000000800563c                __swhatbuf_r
 .text.malloc   0x00000000080056a0       0x14 /opt/devkitpro/devkitARM/lib/gcc/arm-none-eabi/10.1.0/../../../../arm-none-eabi/lib/thumb/libg.a(lib_a-malloc.o)
                0x00000000080056a0                malloc
 .text.free     0x00000000080056b4       0x14 /opt/devkitpro/devkitARM/lib/gcc/arm-none-eabi/10.1.0/../../../../arm-none-eabi/lib/thumb/libg.a(lib_a-malloc.o)
                0x00000000080056b4                free
 .text._malloc_r
                0x00000000080056c8      0x59c /opt/devkitpro/devkitARM/lib/gcc/arm-none-eabi/10.1.0/../../../../arm-none-eabi/lib/thumb/libg.a(lib_a-mallocr.o)
                0x00000000080056c8                _malloc_r
 .text._mbrtowc_r
                0x0000000008005c64       0x60 /opt/devkitpro/devkitARM/lib/gcc/arm-none-eabi/10.1.0/../../../../arm-none-eabi/lib/thumb/libg.a(lib_a-mbrtowc.o)
                0x0000000008005c64                _mbrtowc_r
 .text.__utf8_mbtowc
                0x0000000008005cc4      0x280 /opt/devkitpro/devkitARM/lib/gcc/arm-none-eabi/10.1.0/../../../../arm-none-eabi/lib/thumb/libg.a(lib_a-mbtowc_r.o)
                0x0000000008005cc4                __utf8_mbtowc
 .text.memchr   0x0000000008005f44       0x78 /opt/devkitpro/devkitARM/lib/gcc/arm-none-eabi/10.1.0/../../../../arm-none-eabi/lib/thumb/libg.a(lib_a-memchr-stub.o)
                0x0000000008005f44                memchr
 .text.memcpy   0x0000000008005fbc       0xa8 /opt/devkitpro/devkitARM/lib/gcc/arm-none-eabi/10.1.0/../../../../arm-none-eabi/lib/thumb/libg.a(lib_a-memcpy-stub.o)
                0x0000000008005fbc                memcpy
 .text.memmove  0x0000000008006064       0xbc /opt/devkitpro/devkitARM/lib/gcc/arm-none-eabi/10.1.0/../../../../arm-none-eabi/lib/thumb/libg.a(lib_a-memmove.o)
                0x0000000008006064                memmove
 .text.memset   0x0000000008006120       0xb0 /opt/devkitpro/devkitARM/lib/gcc/arm-none-eabi/10.1.0/../../../../arm-none-eabi/lib/thumb/libg.a(lib_a-memset.o)
                0x0000000008006120                memset
 .text.__malloc_lock
                0x00000000080061d0       0x14 /opt/devkitpro/devkitARM/lib/gcc/arm-none-eabi/10.1.0/../../../../arm-none-eabi/lib/thumb/libg.a(lib_a-mlock.o)
                0x00000000080061d0                __malloc_lock
 .text.__malloc_unlock
                0x00000000080061e4       0x14 /opt/devkitpro/devkitARM/lib/gcc/arm-none-eabi/10.1.0/../../../../arm-none-eabi/lib/thumb/libg.a(lib_a-mlock.o)
                0x00000000080061e4                __malloc_unlock
 .text.realloc  0x00000000080061f8       0x18 /opt/devkitpro/devkitARM/lib/gcc/arm-none-eabi/10.1.0/../../../../arm-none-eabi/lib/thumb/libg.a(lib_a-realloc.o)
                0x00000000080061f8                realloc
 .text._realloc_r
                0x0000000008006210      0x38c /opt/devkitpro/devkitARM/lib/gcc/arm-none-eabi/10.1.0/../../../../arm-none-eabi/lib/thumb/libg.a(lib_a-reallocr.o)
                0x0000000008006210                _realloc_r
 .text.__sccl   0x000000000800659c       0x90 /opt/devkitpro/devkitARM/lib/gcc/arm-none-eabi/10.1.0/../../../../arm-none-eabi/lib/thumb/libg.a(lib_a-sccl.o)
                0x000000000800659c                __sccl
 .text          0x000000000800662c      0x224 /opt/devkitpro/devkitARM/lib/gcc/arm-none-eabi/10.1.0/../../../../arm-none-eabi/lib/thumb/libg.a(lib_a-strcmp.o)
                0x000000000800662c                strcmp
 .text.strncpy  0x0000000008006850       0x74 /opt/devkitpro/devkitARM/lib/gcc/arm-none-eabi/10.1.0/../../../../arm-none-eabi/lib/thumb/libg.a(lib_a-strncpy.o)
                0x0000000008006850                strncpy
 .text._strtoll_l.constprop.0
                0x00000000080068c4      0x1ac /opt/devkitpro/devkitARM/lib/gcc/arm-none-eabi/10.1.0/../../../../arm-none-eabi/lib/thumb/libg.a(lib_a-strtoll.o)
 .text._strtoll_r
                0x0000000008006a70        0xc /opt/devkitpro/devkitARM/lib/gcc/arm-none-eabi/10.1.0/../../../../arm-none-eabi/lib/thumb/libg.a(lib_a-strtoll.o)
                0x0000000008006a70                _strtoll_r
 .text._strtol_l.part.0
                0x0000000008006a7c      0x150 /opt/devkitpro/devkitARM/lib/gcc/arm-none-eabi/10.1.0/../../../../arm-none-eabi/lib/thumb/libg.a(lib_a-strtol.o)
 .text._strtol_r
                0x0000000008006bcc       0x20 /opt/devkitpro/devkitARM/lib/gcc/arm-none-eabi/10.1.0/../../../../arm-none-eabi/lib/thumb/libg.a(lib_a-strtol.o)
                0x0000000008006bcc                _strtol_r
 .text._strtoull_l.constprop.0
                0x0000000008006bec      0x1c8 /opt/devkitpro/devkitARM/lib/gcc/arm-none-eabi/10.1.0/../../../../arm-none-eabi/lib/thumb/libg.a(lib_a-strtoull.o)
 .text._strtoull_r
                0x0000000008006db4        0xc /opt/devkitpro/devkitARM/lib/gcc/arm-none-eabi/10.1.0/../../../../arm-none-eabi/lib/thumb/libg.a(lib_a-strtoull.o)
                0x0000000008006db4                _strtoull_r
 .text._strtoul_l.constprop.0
                0x0000000008006dc0      0x148 /opt/devkitpro/devkitARM/lib/gcc/arm-none-eabi/10.1.0/../../../../arm-none-eabi/lib/thumb/libg.a(lib_a-strtoul.o)
 .text._strtoul_r
                0x0000000008006f08        0xc /opt/devkitpro/devkitARM/lib/gcc/arm-none-eabi/10.1.0/../../../../arm-none-eabi/lib/thumb/libg.a(lib_a-strtoul.o)
                0x0000000008006f08                _strtoul_r
 .text._wcsnrtombs_l
                0x0000000008006f14      0x138 /opt/devkitpro/devkitARM/lib/gcc/arm-none-eabi/10.1.0/../../../../arm-none-eabi/lib/thumb/libg.a(lib_a-wcsnrtombs.o)
                0x0000000008006f14                _wcsnrtombs_l
 .text._wcsnrtombs_r
                0x000000000800704c       0x30 /opt/devkitpro/devkitARM/lib/gcc/arm-none-eabi/10.1.0/../../../../arm-none-eabi/lib/thumb/libg.a(lib_a-wcsnrtombs.o)
                0x000000000800704c                _wcsnrtombs_r
 .text.__utf8_wctomb
                0x000000000800707c       0xb4 /opt/devkitpro/devkitARM/lib/gcc/arm-none-eabi/10.1.0/../../../../arm-none-eabi/lib/thumb/libg.a(lib_a-wctomb_r.o)
                0x000000000800707c                __utf8_wctomb
 .text.__errno  0x0000000008007130        0xc /opt/devkitpro/devkitARM/lib/gcc/arm-none-eabi/10.1.0/../../../../arm-none-eabi/lib/thumb/libg.a(lib_a-errno.o)
                0x0000000008007130                __errno
 .text._fclose_r
                0x000000000800713c       0xe8 /opt/devkitpro/devkitARM/lib/gcc/arm-none-eabi/10.1.0/../../../../arm-none-eabi/lib/thumb/libg.a(lib_a-fclose.o)
                0x000000000800713c                _fclose_r
 .text.iswspace_l
                0x0000000008007224       0x2c /opt/devkitpro/devkitARM/lib/gcc/arm-none-eabi/10.1.0/../../../../arm-none-eabi/lib/thumb/libg.a(lib_a-iswspace_l.o)
                0x0000000008007224                iswspace_l
 .text.__jp2uc  0x0000000008007250      0x164 /opt/devkitpro/devkitARM/lib/gcc/arm-none-eabi/10.1.0/../../../../arm-none-eabi/lib/thumb/libg.a(lib_a-jp2uc.o)
 .text._jp2uc_l
                0x00000000080073b4       0x6c /opt/devkitpro/devkitARM/lib/gcc/arm-none-eabi/10.1.0/../../../../arm-none-eabi/lib/thumb/libg.a(lib_a-jp2uc.o)
                0x00000000080073b4                _jp2uc_l
 .text.category
                0x0000000008007420       0x54 /opt/devkitpro/devkitARM/lib/gcc/arm-none-eabi/10.1.0/../../../../arm-none-eabi/lib/thumb/libg.a(lib_a-categories.o)
                0x0000000008007420                category
 .text.null_write
                0x0000000008007474        0x4 /opt/devkitpro/devkitARM/lib/gcc/arm-none-eabi/10.1.0/../../../../arm-none-eabi/lib/thumb/libsysbase.a(iosupport.o)
 .text._fstat_r
                0x0000000008007478       0x4c /opt/devkitpro/devkitARM/lib/gcc/arm-none-eabi/10.1.0/../../../../arm-none-eabi/lib/thumb/libsysbase.a(fstat.o)
                0x0000000008007478                _fstat_r
 .text._isatty_r
                0x00000000080074c4        0x4 /opt/devkitpro/devkitARM/lib/gcc/arm-none-eabi/10.1.0/../../../../arm-none-eabi/lib/thumb/libsysbase.a(isatty.o)
                0x00000000080074c4                _isatty_r
 .text._lseek_r
                0x00000000080074c8       0x5c /opt/devkitpro/devkitARM/lib/gcc/arm-none-eabi/10.1.0/../../../../arm-none-eabi/lib/thumb/libsysbase.a(lseek.o)
                0x00000000080074c8                _lseek_r
 .text._read_r  0x0000000008007524       0x50 /opt/devkitpro/devkitARM/lib/gcc/arm-none-eabi/10.1.0/../../../../arm-none-eabi/lib/thumb/libsysbase.a(read.o)
                0x0000000008007524                _read_r
 .text._sbrk_r  0x0000000008007574       0x54 /opt/devkitpro/devkitARM/lib/gcc/arm-none-eabi/10.1.0/../../../../arm-none-eabi/lib/thumb/libsysbase.a(sbrk.o)
                0x0000000008007574                _sbrk_r
 .text._write_r
                0x00000000080075c8       0x50 /opt/devkitpro/devkitARM/lib/gcc/arm-none-eabi/10.1.0/../../../../arm-none-eabi/lib/thumb/libsysbase.a(write.o)
                0x00000000080075c8                _write_r
 .text.__flockfile
                0x0000000008007618       0x10 /opt/devkitpro/devkitARM/lib/gcc/arm-none-eabi/10.1.0/../../../../arm-none-eabi/lib/thumb/libsysbase.a(flock.o)
                0x0000000008007618                __flockfile
 .text.__funlockfile
                0x0000000008007628       0x10 /opt/devkitpro/devkitARM/lib/gcc/arm-none-eabi/10.1.0/../../../../arm-none-eabi/lib/thumb/libsysbase.a(flock.o)
                0x0000000008007628                __funlockfile
 .text.__libc_lock_acquire
                0x0000000008007638       0x1c /opt/devkitpro/devkitARM/lib/gcc/arm-none-eabi/10.1.0/../../../../arm-none-eabi/lib/thumb/libsysbase.a(syscall_support.o)
                0x0000000008007638                __libc_lock_acquire
 .text.__libc_lock_release
                0x0000000008007654       0x1c /opt/devkitpro/devkitARM/lib/gcc/arm-none-eabi/10.1.0/../../../../arm-none-eabi/lib/thumb/libsysbase.a(syscall_support.o)
                0x0000000008007654                __libc_lock_release
 .text.__libc_lock_init_recursive
                0x0000000008007670       0x1c /opt/devkitpro/devkitARM/lib/gcc/arm-none-eabi/10.1.0/../../../../arm-none-eabi/lib/thumb/libsysbase.a(syscall_support.o)
                0x0000000008007670                __libc_lock_init_recursive
 .text.__libc_lock_acquire_recursive
                0x000000000800768c       0x1c /opt/devkitpro/devkitARM/lib/gcc/arm-none-eabi/10.1.0/../../../../arm-none-eabi/lib/thumb/libsysbase.a(syscall_support.o)
                0x000000000800768c                __libc_lock_acquire_recursive
 .text.__libc_lock_release_recursive
                0x00000000080076a8       0x1c /opt/devkitpro/devkitARM/lib/gcc/arm-none-eabi/10.1.0/../../../../arm-none-eabi/lib/thumb/libsysbase.a(syscall_support.o)
                0x00000000080076a8                __libc_lock_release_recursive
 .text.__libc_lock_close_recursive
                0x00000000080076c4       0x1c /opt/devkitpro/devkitARM/lib/gcc/arm-none-eabi/10.1.0/../../../../arm-none-eabi/lib/thumb/libsysbase.a(syscall_support.o)
                0x00000000080076c4                __libc_lock_close_recursive
 .text.__get_handle
                0x00000000080076e0       0x34 /opt/devkitpro/devkitARM/lib/gcc/arm-none-eabi/10.1.0/../../../../arm-none-eabi/lib/thumb/libsysbase.a(handle_manager.o)
                0x00000000080076e0                __get_handle
 .text._close_r
                0x0000000008007714       0xb8 /opt/devkitpro/devkitARM/lib/gcc/arm-none-eabi/10.1.0/../../../../arm-none-eabi/lib/thumb/libsysbase.a(handle_manager.o)
                0x0000000008007714                _close_r
 .text.__getreent
                0x00000000080077cc       0x28 /opt/devkitpro/devkitARM/lib/gcc/arm-none-eabi/10.1.0/../../../../arm-none-eabi/lib/thumb/libsysbase.a(getreent.o)
                0x00000000080077cc                __getreent
 .text          0x00000000080077f4       0x14 /opt/devkitpro/devkitARM/lib/gcc/arm-none-eabi/10.1.0/thumb/libgcc.a(_thumb1_case_uqi.o)
                0x00000000080077f4                __gnu_thumb1_case_uqi
 .text          0x0000000008007808       0x14 /opt/devkitpro/devkitARM/lib/gcc/arm-none-eabi/10.1.0/thumb/libgcc.a(_thumb1_case_uhi.o)
                0x0000000008007808                __gnu_thumb1_case_uhi
 .text          0x000000000800781c      0x11c /opt/devkitpro/devkitARM/lib/gcc/arm-none-eabi/10.1.0/thumb/libgcc.a(_udivsi3.o)
                0x000000000800781c                __udivsi3
                0x000000000800781c                __aeabi_uidiv
                0x0000000008007918                __aeabi_uidivmod
 .text          0x0000000008007938      0x150 /opt/devkitpro/devkitARM/lib/gcc/arm-none-eabi/10.1.0/thumb/libgcc.a(_divsi3.o)
                0x0000000008007938                __aeabi_idiv
                0x0000000008007938                __divsi3
                0x0000000008007a68                __aeabi_idivmod
 .text          0x0000000008007a88        0x4 /opt/devkitpro/devkitARM/lib/gcc/arm-none-eabi/10.1.0/thumb/libgcc.a(_dvmd_tls.o)
                0x0000000008007a88                __aeabi_ldiv0
                0x0000000008007a88                __aeabi_idiv0
 .text          0x0000000008007a8c       0x3c /opt/devkitpro/devkitARM/lib/gcc/arm-none-eabi/10.1.0/thumb/libgcc.a(_aeabi_uldivmod.o)
                0x0000000008007a8c                __aeabi_uldivmod
 .text.__muldi3
                0x0000000008007ac8       0x54 /opt/devkitpro/devkitARM/lib/gcc/arm-none-eabi/10.1.0/thumb/libgcc.a(_muldi3.o)
                0x0000000008007ac8                __aeabi_lmul
                0x0000000008007ac8                __muldi3
 .text.__udivmoddi4
                0x0000000008007b1c      0x19c /opt/devkitpro/devkitARM/lib/gcc/arm-none-eabi/10.1.0/thumb/libgcc.a(_udivmoddi4.o)
                0x0000000008007b1c                __udivmoddi4
 .text          0x0000000008007cb8       0x28 /opt/devkitpro/devkitARM/lib/gcc/arm-none-eabi/10.1.0/thumb/libgcc.a(_clzdi2.o)
                0x0000000008007cb8                __clzdi2
 .text          0x0000000008007ce0       0x48 /opt/devkitpro/devkitARM/lib/gcc/arm-none-eabi/10.1.0/thumb/libgcc.a(_clzsi2.o)
                0x0000000008007ce0                __clzsi2
 .text.__stub   0x0000000008007d28       0x54 linker stubs
 *(.gnu.linkonce.t.*)
 *(.text.*personality*)
 *(.gnu.warning)
 *(.glue_7t)
 .glue_7t       0x0000000008007d88        0x0 linker stubs
 *(.glue_7)
 .glue_7        0x0000000008007d88        0x0 linker stubs
 *(.vfp11_veneer)
 .vfp11_veneer  0x0000000008007d88        0x0 linker stubs
                0x0000000008007d88                . = ALIGN (0x4)
                0x0000000008007d88                __text_end = .

.v4_bx          0x0000000008007d88        0x0
 .v4_bx         0x0000000008007d88        0x0 linker stubs

.iplt           0x0000000008007d88        0x0
 .iplt          0x0000000008007d88        0x0 /opt/devkitpro/devkitARM/lib/gcc/arm-none-eabi/10.1.0/../../../../arm-none-eabi/lib/thumb/gba_crt0.o

.fini           0x0000000008007d88        0xc
 *(.fini)
 .fini          0x0000000008007d88        0x4 /opt/devkitpro/devkitARM/lib/gcc/arm-none-eabi/10.1.0/thumb/crti.o
                0x0000000008007d88                _fini
 .fini          0x0000000008007d8c        0x8 /opt/devkitpro/devkitARM/lib/gcc/arm-none-eabi/10.1.0/thumb/crtn.o
                0x0000000008007d94                . = ALIGN (0x4)

.rodata         0x0000000008007d94     0x7534
 *(.rodata)
 .rodata        0x0000000008007d94      0x1b4 /opt/devkitpro/libgba/lib/libgba.a(console.o)
                0x0000000008007e68                dotab_stdout
                0x0000000008007ed8                dotab_stderr
 .rodata        0x0000000008007f48      0x804 /opt/devkitpro/libgba/lib/libgba.a(amiga.fnt.o)
                0x0000000008007f48                amiga_fnt
                0x0000000008008748                amiga_fnt_end
                0x0000000008008748                amiga_fnt_size
 *all.rodata*(*)
 *(.roda)
 *(.rodata.*)
 .rodata.str1.4
                0x000000000800874c       0x5a console.o
 *fill*         0x00000000080087a6        0x2 ff
 .rodata.str1.4
                0x00000000080087a8       0x2c /opt/devkitpro/libgba/lib/libgba.a(console.o)
 .rodata.basefix.0
                0x00000000080087d4       0x22 /opt/devkitpro/devkitARM/lib/gcc/arm-none-eabi/10.1.0/../../../../arm-none-eabi/lib/thumb/libg.a(lib_a-svfiscanf.o)
 .rodata._vfiprintf_r.str1.1
                0x00000000080087f6       0x29 /opt/devkitpro/devkitARM/lib/gcc/arm-none-eabi/10.1.0/../../../../arm-none-eabi/lib/thumb/libg.a(lib_a-vfiprintf.o)
 *fill*         0x000000000800881f        0x1 ff
 .rodata.blanks.1
                0x0000000008008820       0x10 /opt/devkitpro/devkitARM/lib/gcc/arm-none-eabi/10.1.0/../../../../arm-none-eabi/lib/thumb/libg.a(lib_a-vfiprintf.o)
 .rodata.zeroes.0
                0x0000000008008830       0x10 /opt/devkitpro/devkitARM/lib/gcc/arm-none-eabi/10.1.0/../../../../arm-none-eabi/lib/thumb/libg.a(lib_a-vfiprintf.o)
 .rodata._ctype_
                0x0000000008008840      0x101 /opt/devkitpro/devkitARM/lib/gcc/arm-none-eabi/10.1.0/../../../../arm-none-eabi/lib/thumb/libg.a(lib_a-ctype_.o)
                0x0000000008008840                _ctype_
 *fill*         0x0000000008008941        0x3 ff
 .rodata.str1.4
                0x0000000008008944       0x48 /opt/devkitpro/devkitARM/lib/gcc/arm-none-eabi/10.1.0/../../../../arm-none-eabi/lib/thumb/libg.a(lib_a-locale.o)
                                         0x4c (size before relaxing)
 .rodata._mbrtowc_r.str1.4
                0x000000000800898c        0x1 /opt/devkitpro/devkitARM/lib/gcc/arm-none-eabi/10.1.0/../../../../arm-none-eabi/lib/thumb/libg.a(lib_a-mbrtowc.o)
 .rodata.__action_table
                0x000000000800898c       0x6c /opt/devkitpro/devkitARM/lib/gcc/arm-none-eabi/10.1.0/../../../../arm-none-eabi/lib/thumb/libg.a(lib_a-svfiprintf.o)
                0x000000000800898c                __action_table
 .rodata.__chclass
                0x00000000080089f8      0x100 /opt/devkitpro/devkitARM/lib/gcc/arm-none-eabi/10.1.0/../../../../arm-none-eabi/lib/thumb/libg.a(lib_a-svfiprintf.o)
                0x00000000080089f8                __chclass
 .rodata.__state_table
                0x0000000008008af8       0x6c /opt/devkitpro/devkitARM/lib/gcc/arm-none-eabi/10.1.0/../../../../arm-none-eabi/lib/thumb/libg.a(lib_a-svfiprintf.o)
                0x0000000008008af8                __state_table
 .rodata.__jp2uc
                0x0000000008008b64       0x20 /opt/devkitpro/devkitARM/lib/gcc/arm-none-eabi/10.1.0/../../../../arm-none-eabi/lib/thumb/libg.a(lib_a-jp2uc.o)
 .rodata._jp2uc_l.str1.4
                0x0000000008008b84       0x12 /opt/devkitpro/devkitARM/lib/gcc/arm-none-eabi/10.1.0/../../../../arm-none-eabi/lib/thumb/libg.a(lib_a-jp2uc.o)
 *fill*         0x0000000008008b96        0x2 ff
 .rodata.a1     0x0000000008008b98       0xbc /opt/devkitpro/devkitARM/lib/gcc/arm-none-eabi/10.1.0/../../../../arm-none-eabi/lib/thumb/libg.a(lib_a-jp2uc.o)
 .rodata.a2     0x0000000008008c54       0xbc /opt/devkitpro/devkitARM/lib/gcc/arm-none-eabi/10.1.0/../../../../arm-none-eabi/lib/thumb/libg.a(lib_a-jp2uc.o)
 .rodata.a3     0x0000000008008d10       0x5b /opt/devkitpro/devkitARM/lib/gcc/arm-none-eabi/10.1.0/../../../../arm-none-eabi/lib/thumb/libg.a(lib_a-jp2uc.o)
 *fill*         0x0000000008008d6b        0x1 ff
 .rodata.a6     0x0000000008008d6c       0x70 /opt/devkitpro/devkitARM/lib/gcc/arm-none-eabi/10.1.0/../../../../arm-none-eabi/lib/thumb/libg.a(lib_a-jp2uc.o)
 .rodata.a7     0x0000000008008ddc       0xa2 /opt/devkitpro/devkitARM/lib/gcc/arm-none-eabi/10.1.0/../../../../arm-none-eabi/lib/thumb/libg.a(lib_a-jp2uc.o)
 *fill*         0x0000000008008e7e        0x2 ff
 .rodata.a8     0x0000000008008e80       0x40 /opt/devkitpro/devkitARM/lib/gcc/arm-none-eabi/10.1.0/../../../../arm-none-eabi/lib/thumb/libg.a(lib_a-jp2uc.o)
 .rodata.b02cf  0x0000000008008ec0     0x172a /opt/devkitpro/devkitARM/lib/gcc/arm-none-eabi/10.1.0/../../../../arm-none-eabi/lib/thumb/libg.a(lib_a-jp2uc.o)
 *fill*         0x000000000800a5ea        0x2 ff
 .rodata.d02f4  0x000000000800a5ec     0x1a7c /opt/devkitpro/devkitARM/lib/gcc/arm-none-eabi/10.1.0/../../../../arm-none-eabi/lib/thumb/libg.a(lib_a-jp2uc.o)
 .rodata.categories
                0x000000000800c068     0x31e6 /opt/devkitpro/devkitARM/lib/gcc/arm-none-eabi/10.1.0/../../../../arm-none-eabi/lib/thumb/libg.a(lib_a-categories.o)
 *fill*         0x000000000800f24e        0x2 ff
 .rodata.AddDevice.str1.4
                0x000000000800f250        0x8 /opt/devkitpro/devkitARM/lib/gcc/arm-none-eabi/10.1.0/../../../../arm-none-eabi/lib/thumb/libsysbase.a(iosupport.o)
 .rodata.dotab_stdnull
                0x000000000800f258       0x70 /opt/devkitpro/devkitARM/lib/gcc/arm-none-eabi/10.1.0/../../../../arm-none-eabi/lib/thumb/libsysbase.a(iosupport.o)
                0x000000000800f258                dotab_stdnull
 *(.gnu.linkonce.r*)
                0x000000000800f2c8                . = ALIGN (0x4)

.ARM.extab
 *(.ARM.extab* .gnu.linkonce.armextab.*)
                0x000000000800f2c8                __exidx_start = .

.ARM.exidx
 *(.ARM.exidx* .gnu.linkonce.armexidx.*)
                0x000000000800f2c8                __exidx_end = .

.ctors          0x000000000800f2c8        0x0
 *crtbegin.o(.ctors)
 *(EXCLUDE_FILE(*crtend.o) .ctors)
 *(SORT_BY_NAME(.ctors.*))
 *(.ctors)
                0x000000000800f2c8                . = ALIGN (0x4)

.dtors          0x000000000800f2c8        0x0
 *crtbegin.o(.dtors)
 *(EXCLUDE_FILE(*crtend.o) .dtors)
 *(SORT_BY_NAME(.dtors.*))
 *(.dtors)
                0x000000000800f2c8                . = ALIGN (0x4)

.eh_frame       0x000000000800f2c8        0x4
 *(.eh_frame)
 .eh_frame      0x000000000800f2c8        0x0 /opt/devkitpro/devkitARM/lib/gcc/arm-none-eabi/10.1.0/thumb/crtbegin.o
 .eh_frame      0x000000000800f2c8        0x4 /opt/devkitpro/devkitARM/lib/gcc/arm-none-eabi/10.1.0/thumb/crtend.o
                0x000000000800f2cc                . = ALIGN (0x4)

.gcc_except_table
                0x000000000800f2cc        0x0
 *(.gcc_except_table)
                0x000000000800f2cc                . = ALIGN (0x4)
                0x000000000800f2cc                __iwram_lma = .

.iwram          0x0000000003000000       0xb8 load address 0x000000000800f2cc
                0x0000000003000000                __iwram_start__ = ABSOLUTE (.)
 *(.iwram .iwram*)
 .iwram         0x0000000003000000       0xb8 /opt/devkitpro/libgba/lib/libgba.a(InterruptDispatcher.o)
                0x0000000003000000                IntrMain
 *iwram.*(.text* .data*)
                0x00000000030000b8                . = ALIGN (0x4)
                0x00000000030000b8                __iwram_end__ = ABSOLUTE (.)
                0x000000000800f384                __data_lma = (__iwram_lma + SIZEOF (.iwram))

.rel.dyn        0x00000000030000b8        0x0 load address 0x000000000800f384
 .rel.iplt      0x00000000030000b8        0x0 /opt/devkitpro/devkitARM/lib/gcc/arm-none-eabi/10.1.0/../../../../arm-none-eabi/lib/thumb/gba_crt0.o

.bss            0x00000000030000b8      0x138
                0x00000000030000b8                __bss_start = ABSOLUTE (.)
                0x00000000030000b8                __bss_start__ = ABSOLUTE (.)
 *(.dynbss)
 *(.gnu.linkonce.b*)
 *(.bss*)
 .bss.completed.1
                0x00000000030000b8        0x1 /opt/devkitpro/devkitARM/lib/gcc/arm-none-eabi/10.1.0/thumb/crtbegin.o
 *fill*         0x00000000030000b9        0x3 
 .bss.object.0  0x00000000030000bc       0x18 /opt/devkitpro/devkitARM/lib/gcc/arm-none-eabi/10.1.0/thumb/crtbegin.o
 .bss           0x00000000030000d4       0x1c /opt/devkitpro/libgba/lib/libgba.a(console.o)
 .bss.__malloc_current_mallinfo
                0x00000000030000f0       0x28 /opt/devkitpro/devkitARM/lib/gcc/arm-none-eabi/10.1.0/../../../../arm-none-eabi/lib/thumb/libg.a(lib_a-mallocr.o)
                0x00000000030000f0                __malloc_current_mallinfo
 .bss.__malloc_max_sbrked_mem
                0x0000000003000118        0x4 /opt/devkitpro/devkitARM/lib/gcc/arm-none-eabi/10.1.0/../../../../arm-none-eabi/lib/thumb/libg.a(lib_a-mallocr.o)
                0x0000000003000118                __malloc_max_sbrked_mem
 .bss.__malloc_max_total_mem
                0x000000000300011c        0x4 /opt/devkitpro/devkitARM/lib/gcc/arm-none-eabi/10.1.0/../../../../arm-none-eabi/lib/thumb/libg.a(lib_a-mallocr.o)
                0x000000000300011c                __malloc_max_total_mem
 .bss.__malloc_top_pad
                0x0000000003000120        0x4 /opt/devkitpro/devkitARM/lib/gcc/arm-none-eabi/10.1.0/../../../../arm-none-eabi/lib/thumb/libg.a(lib_a-mallocr.o)
                0x0000000003000120                __malloc_top_pad
 .bss.heap_start.0
                0x0000000003000124        0x4 /opt/devkitpro/devkitARM/lib/gcc/arm-none-eabi/10.1.0/../../../../arm-none-eabi/lib/thumb/libsysbase.a(sbrk.o)
 .bss.fake_heap_end
                0x0000000003000128        0x4 /opt/devkitpro/devkitARM/lib/gcc/arm-none-eabi/10.1.0/../../../../arm-none-eabi/lib/thumb/libsysbase.a(malloc_vars.o)
                0x0000000003000128                fake_heap_end
 .bss.fake_heap_start
                0x000000000300012c        0x4 /opt/devkitpro/devkitARM/lib/gcc/arm-none-eabi/10.1.0/../../../../arm-none-eabi/lib/thumb/libsysbase.a(malloc_vars.o)
                0x000000000300012c                fake_heap_start
 .bss.__syscalls
                0x0000000003000130       0x48 /opt/devkitpro/devkitARM/lib/gcc/arm-none-eabi/10.1.0/../../../../arm-none-eabi/lib/thumb/libsysbase.a(syscall_support.o)
                0x0000000003000130                __syscalls
 *(COMMON)
 COMMON         0x0000000003000178       0x78 /opt/devkitpro/libgba/lib/libgba.a(interrupt.o)
                0x0000000003000178                IntrTable
                0x00000000030001f0                . = ALIGN (0x4)
                0x00000000030001f0                __bss_end__ = ABSOLUTE (.)

.data           0x00000000030001f0     0x1abc load address 0x000000000800f384
                0x00000000030001f0                __data_start__ = ABSOLUTE (.)
 *(.data*)
 .data.__sfp_recursive_mutex
                0x00000000030001f0        0xc /opt/devkitpro/devkitARM/lib/gcc/arm-none-eabi/10.1.0/../../../../arm-none-eabi/lib/thumb/libg.a(lib_a-findfp.o)
 .data.__sinit_recursive_mutex
                0x00000000030001fc        0xc /opt/devkitpro/devkitARM/lib/gcc/arm-none-eabi/10.1.0/../../../../arm-none-eabi/lib/thumb/libg.a(lib_a-findfp.o)
 .data._impure_ptr
                0x0000000003000208        0x4 /opt/devkitpro/devkitARM/lib/gcc/arm-none-eabi/10.1.0/../../../../arm-none-eabi/lib/thumb/libg.a(lib_a-impure.o)
                0x0000000003000208                _impure_ptr
 *fill*         0x000000000300020c        0x4 ff
 .data.impure_data
                0x0000000003000210      0x460 /opt/devkitpro/devkitARM/lib/gcc/arm-none-eabi/10.1.0/../../../../arm-none-eabi/lib/thumb/libg.a(lib_a-impure.o)
 .data.__global_locale
                0x0000000003000670      0x16c /opt/devkitpro/devkitARM/lib/gcc/arm-none-eabi/10.1.0/../../../../arm-none-eabi/lib/thumb/libg.a(lib_a-locale.o)
                0x0000000003000670                __global_locale
 .data.__malloc_av_
                0x00000000030007dc      0x408 /opt/devkitpro/devkitARM/lib/gcc/arm-none-eabi/10.1.0/../../../../arm-none-eabi/lib/thumb/libg.a(lib_a-mallocr.o)
                0x00000000030007dc                __malloc_av_
 .data.__malloc_sbrk_base
                0x0000000003000be4        0x4 /opt/devkitpro/devkitARM/lib/gcc/arm-none-eabi/10.1.0/../../../../arm-none-eabi/lib/thumb/libg.a(lib_a-mallocr.o)
                0x0000000003000be4                __malloc_sbrk_base
 .data.__malloc_trim_threshold
                0x0000000003000be8        0x4 /opt/devkitpro/devkitARM/lib/gcc/arm-none-eabi/10.1.0/../../../../arm-none-eabi/lib/thumb/libg.a(lib_a-mallocr.o)
                0x0000000003000be8                __malloc_trim_threshold
 .data.__malloc_recursive_mutex
                0x0000000003000bec        0xc /opt/devkitpro/devkitARM/lib/gcc/arm-none-eabi/10.1.0/../../../../arm-none-eabi/lib/thumb/libg.a(lib_a-mlock.o)
 .data.devoptab_list
                0x0000000003000bf8       0x8c /opt/devkitpro/devkitARM/lib/gcc/arm-none-eabi/10.1.0/../../../../arm-none-eabi/lib/thumb/libsysbase.a(iosupport.o)
                0x0000000003000bf8                devoptab_list
 .data.__hndl_lock
                0x0000000003000c84        0x4 /opt/devkitpro/devkitARM/lib/gcc/arm-none-eabi/10.1.0/../../../../arm-none-eabi/lib/thumb/libsysbase.a(handle_manager.o)
 .data.__stderr_handle
                0x0000000003000c88        0xc /opt/devkitpro/devkitARM/lib/gcc/arm-none-eabi/10.1.0/../../../../arm-none-eabi/lib/thumb/libsysbase.a(handle_manager.o)
 .data.__stdin_handle
                0x0000000003000c94        0xc /opt/devkitpro/devkitARM/lib/gcc/arm-none-eabi/10.1.0/../../../../arm-none-eabi/lib/thumb/libsysbase.a(handle_manager.o)
 .data.__stdout_handle
                0x0000000003000ca0        0xc /opt/devkitpro/devkitARM/lib/gcc/arm-none-eabi/10.1.0/../../../../arm-none-eabi/lib/thumb/libsysbase.a(handle_manager.o)
 .data.handles  0x0000000003000cac     0x1000 /opt/devkitpro/devkitARM/lib/gcc/arm-none-eabi/10.1.0/../../../../arm-none-eabi/lib/thumb/libsysbase.a(handle_manager.o)
 *(.gnu.linkonce.d*)
                0x0000000003001cac                . = ALIGN (0x4)
                0x0000000008010e40                __preinit_lma = (__data_lma + SIZEOF (.data))

.igot.plt       0x0000000003001cac        0x0 load address 0x0000000008010e40
 .igot.plt      0x0000000003001cac        0x0 /opt/devkitpro/devkitARM/lib/gcc/arm-none-eabi/10.1.0/../../../../arm-none-eabi/lib/thumb/gba_crt0.o

.tm_clone_table
                0x0000000003001cac        0x0 load address 0x0000000008010e40
 .tm_clone_table
                0x0000000003001cac        0x0 /opt/devkitpro/devkitARM/lib/gcc/arm-none-eabi/10.1.0/thumb/crtbegin.o
 .tm_clone_table
                0x0000000003001cac        0x0 /opt/devkitpro/devkitARM/lib/gcc/arm-none-eabi/10.1.0/thumb/crtend.o

.preinit_array  0x0000000003001cac        0x0 load address 0x0000000008010e40
                0x0000000003001cac                __preinit_array_start = ABSOLUTE (.)
 *(.preinit_array)
                0x0000000003001cac                __preinit_array_end = ABSOLUTE (.)
                0x0000000008010e40                __init_lma = (__preinit_lma + SIZEOF (.preinit_array))

.init_array     0x0000000003001cac        0x4 load address 0x0000000008010e40
                0x0000000003001cac                __init_array_start = ABSOLUTE (.)
 *(SORT_BY_NAME(.init_array.*))
 *(.init_array)
 .init_array    0x0000000003001cac        0x4 /opt/devkitpro/devkitARM/lib/gcc/arm-none-eabi/10.1.0/thumb/crtbegin.o
                0x0000000003001cb0                __init_array_end = ABSOLUTE (.)
                0x0000000008010e44                __fini_lma = (__init_lma + SIZEOF (.init_array))

.fini_array     0x0000000003001cb0        0x4 load address 0x0000000008010e44
                0x0000000003001cb0                __fini_array_start = ABSOLUTE (.)
 *(SORT_BY_NAME(.fini_array.*))
 *(.fini_array)
 .fini_array    0x0000000003001cb0        0x4 /opt/devkitpro/devkitARM/lib/gcc/arm-none-eabi/10.1.0/thumb/crtbegin.o
                0x0000000003001cb4                __fini_array_end = ABSOLUTE (.)
                0x0000000008010e48                __jcr_lma = (__fini_lma + SIZEOF (.fini_array))

.jcr            0x0000000003001cb4        0x0 load address 0x0000000008010e48
 *(.jcr)
                0x0000000003001cb4                __data_end__ = ABSOLUTE (.)
                0x0000000008010e48                __iwram_overlay_lma = (__jcr_lma + SIZEOF (.jcr))
                0x0000000003001cb4                __iwram_overlay_start = .

.iwram0         0x0000000003001cb4        0x0 load address 0x0000000008010e48
 *(.iwram0)
                0x0000000003001cb4                . = ALIGN (0x4)
                0x0000000008010e48                PROVIDE (__load_start_iwram0 = LOADADDR (.iwram0))
                0x0000000008010e48                PROVIDE (__load_stop_iwram0 = (LOADADDR (.iwram0) + SIZEOF (.iwram0)))

.iwram1         0x0000000003001cb4        0x0
 *(.iwram1)
                0x0000000003001cb4                . = ALIGN (0x4)
                [!provide]                        PROVIDE (__load_start_iwram1 = LOADADDR (.iwram1))
                [!provide]                        PROVIDE (__load_stop_iwram1 = (LOADADDR (.iwram1) + SIZEOF (.iwram1)))

.iwram2         0x0000000003001cb4        0x0
 *(.iwram2)
                0x0000000003001cb4                . = ALIGN (0x4)
                [!provide]                        PROVIDE (__load_start_iwram2 = LOADADDR (.iwram2))
                [!provide]                        PROVIDE (__load_stop_iwram2 = (LOADADDR (.iwram2) + SIZEOF (.iwram2)))

.iwram3         0x0000000003001cb4        0x0
 *(.iwram3)
                0x0000000003001cb4                . = ALIGN (0x4)
                [!provide]                        PROVIDE (__load_start_iwram3 = LOADADDR (.iwram3))
                [!provide]                        PROVIDE (__load_stop_iwram3 = (LOADADDR (.iwram3) + SIZEOF (.iwram3)))

.iwram4         0x0000000003001cb4        0x0
 *(.iwram4)
                0x0000000003001cb4                . = ALIGN (0x4)
                [!provide]                        PROVIDE (__load_start_iwram4 = LOADADDR (.iwram4))
                [!provide]                        PROVIDE (__load_stop_iwram4 = (LOADADDR (.iwram4) + SIZEOF (.iwram4)))

.iwram5         0x0000000003001cb4        0x0
 *(.iwram5)
                0x0000000003001cb4                . = ALIGN (0x4)
                [!provide]                        PROVIDE (__load_start_iwram5 = LOADADDR (.iwram5))
                [!provide]                        PROVIDE (__load_stop_iwram5 = (LOADADDR (.iwram5) + SIZEOF (.iwram5)))

.iwram6         0x0000000003001cb4        0x0
 *(.iwram6)
                0x0000000003001cb4                . = ALIGN (0x4)
                [!provide]                        PROVIDE (__load_start_iwram6 = LOADADDR (.iwram6))
                [!provide]                        PROVIDE (__load_stop_iwram6 = (LOADADDR (.iwram6) + SIZEOF (.iwram6)))

.iwram7         0x0000000003001cb4        0x0
 *(.iwram7)
                0x0000000003001cb4                . = ALIGN (0x4)
                [!provide]                        PROVIDE (__load_start_iwram7 = LOADADDR (.iwram7))
                [!provide]                        PROVIDE (__load_stop_iwram7 = (LOADADDR (.iwram7) + SIZEOF (.iwram7)))

.iwram8         0x0000000003001cb4        0x0
 *(.iwram8)
                0x0000000003001cb4                . = ALIGN (0x4)
                [!provide]                        PROVIDE (__load_start_iwram8 = LOADADDR (.iwram8))
                [!provide]                        PROVIDE (__load_stop_iwram8 = (LOADADDR (.iwram8) + SIZEOF (.iwram8)))

.iwram9         0x0000000003001cb4        0x0
 *(.iwram9)
                0x0000000003001cb4                . = ALIGN (0x4)
                [!provide]                        PROVIDE (__load_start_iwram9 = LOADADDR (.iwram9))
                [!provide]                        PROVIDE (__load_stop_iwram9 = (LOADADDR (.iwram9) + SIZEOF (.iwram9)))
                0x0000000003001cb4                __iwram_overlay_end = .
                0x0000000008010e48                __ewram_lma = (__iwram_overlay_lma + (__iwram_overlay_end - __iwram_overlay_start))
                0x0000000003001cb4                __iheap_start = .
                0x0000000002000000                __ewram_start = ORIGIN (ewram)

.ewram          0x0000000002000000        0x0 load address 0x0000000008010e48
 *(.ewram*)
                0x0000000002000000                . = ALIGN (0x4)
                0x0000000002000000                __ewram_end = ABSOLUTE (.)
                0x0000000008010e48                __pad_lma = (__ewram_lma + SIZEOF (.ewram))

.sbss           0x0000000002000000        0x0
                0x0000000002000000                __sbss_start__ = ABSOLUTE (.)
 *(.sbss*)
                0x0000000002000000                . = ALIGN (0x4)
                0x0000000002000000                __sbss_end__ = ABSOLUTE (.)
                0x0000000002000000                __end__ = ABSOLUTE (.)
                0x0000000002000000                __eheap_start = ABSOLUTE (.)

.pad            0x0000000002000000        0x8 load address 0x0000000008010e48
                0x0000000002000000        0x4 LONG 0x52416b64
                0x0000000002000004        0x4 LONG 0x4d
                0x0000000002000008                . = ALIGN (0x4)
                0x0000000008010e50                __rom_end__ = (__pad_lma + SIZEOF (.pad))

.stab
 *(.stab)

.stabstr
 *(.stabstr)

.stab.excl
 *(.stab.excl)

.stab.exclstr
 *(.stab.exclstr)

.stab.index
 *(.stab.index)

.stab.indexstr
 *(.stab.indexstr)

.comment        0x0000000000000000       0x45
 *(.comment)
 .comment       0x0000000000000000       0x23 /opt/devkitpro/devkitARM/lib/gcc/arm-none-eabi/10.1.0/thumb/crtbegin.o
                                         0x24 (size before relaxing)
 .comment       0x0000000000000023       0x24 console.o
 .comment       0x0000000000000023       0x22 /opt/devkitpro/libgba/lib/libgba.a(interrupt.o)
                                         0x23 (size before relaxing)
 .comment       0x0000000000000045       0x23 /opt/devkitpro/libgba/lib/libgba.a(console.o)
 .comment       0x0000000000000045       0x23 /opt/devkitpro/libgba/lib/libgba.a(CpuSet.o)
 .comment       0x0000000000000045       0x24 /opt/devkitpro/devkitARM/lib/gcc/arm-none-eabi/10.1.0/../../../../arm-none-eabi/lib/thumb/libg.a(lib_a-init.o)
 .comment       0x0000000000000045       0x24 /opt/devkitpro/devkitARM/lib/gcc/arm-none-eabi/10.1.0/../../../../arm-none-eabi/lib/thumb/libg.a(lib_a-iprintf.o)
 .comment       0x0000000000000045       0x24 /opt/devkitpro/devkitARM/lib/gcc/arm-none-eabi/10.1.0/../../../../arm-none-eabi/lib/thumb/libg.a(lib_a-setvbuf.o)
 .comment       0x0000000000000045       0x24 /opt/devkitpro/devkitARM/lib/gcc/arm-none-eabi/10.1.0/../../../../arm-none-eabi/lib/thumb/libg.a(lib_a-siscanf.o)
 .comment       0x0000000000000045       0x24 /opt/devkitpro/devkitARM/lib/gcc/arm-none-eabi/10.1.0/../../../../arm-none-eabi/lib/thumb/libg.a(lib_a-stdio.o)
 .comment       0x0000000000000045       0x24 /opt/devkitpro/devkitARM/lib/gcc/arm-none-eabi/10.1.0/../../../../arm-none-eabi/lib/thumb/libg.a(lib_a-strlen-stub.o)
 .comment       0x0000000000000045       0x24 /opt/devkitpro/devkitARM/lib/gcc/arm-none-eabi/10.1.0/../../../../arm-none-eabi/lib/thumb/libg.a(lib_a-svfiscanf.o)
 .comment       0x0000000000000045       0x24 /opt/devkitpro/devkitARM/lib/gcc/arm-none-eabi/10.1.0/../../../../arm-none-eabi/lib/thumb/libg.a(lib_a-ungetc.o)
 .comment       0x0000000000000045       0x24 /opt/devkitpro/devkitARM/lib/gcc/arm-none-eabi/10.1.0/../../../../arm-none-eabi/lib/thumb/libg.a(lib_a-vfiprintf.o)
 .comment       0x0000000000000045       0x24 /opt/devkitpro/devkitARM/lib/gcc/arm-none-eabi/10.1.0/../../../../arm-none-eabi/lib/thumb/libg.a(lib_a-wcrtomb.o)
 .comment       0x0000000000000045       0x24 /opt/devkitpro/devkitARM/lib/gcc/arm-none-eabi/10.1.0/../../../../arm-none-eabi/lib/thumb/libg.a(lib_a-wcsrtombs.o)
 .comment       0x0000000000000045       0x24 /opt/devkitpro/devkitARM/lib/gcc/arm-none-eabi/10.1.0/../../../../arm-none-eabi/lib/thumb/libg.a(lib_a-wsetup.o)
 .comment       0x0000000000000045       0x24 /opt/devkitpro/devkitARM/lib/gcc/arm-none-eabi/10.1.0/../../../../arm-none-eabi/lib/thumb/libg.a(lib_a-ctype_.o)
 .comment       0x0000000000000045       0x24 /opt/devkitpro/devkitARM/lib/gcc/arm-none-eabi/10.1.0/../../../../arm-none-eabi/lib/thumb/libg.a(lib_a-fflush.o)
 .comment       0x0000000000000045       0x24 /opt/devkitpro/devkitARM/lib/gcc/arm-none-eabi/10.1.0/../../../../arm-none-eabi/lib/thumb/libg.a(lib_a-findfp.o)
 .comment       0x0000000000000045       0x24 /opt/devkitpro/devkitARM/lib/gcc/arm-none-eabi/10.1.0/../../../../arm-none-eabi/lib/thumb/libg.a(lib_a-freer.o)
 .comment       0x0000000000000045       0x24 /opt/devkitpro/devkitARM/lib/gcc/arm-none-eabi/10.1.0/../../../../arm-none-eabi/lib/thumb/libg.a(lib_a-fvwrite.o)
 .comment       0x0000000000000045       0x24 /opt/devkitpro/devkitARM/lib/gcc/arm-none-eabi/10.1.0/../../../../arm-none-eabi/lib/thumb/libg.a(lib_a-fwalk.o)
 .comment       0x0000000000000045       0x24 /opt/devkitpro/devkitARM/lib/gcc/arm-none-eabi/10.1.0/../../../../arm-none-eabi/lib/thumb/libg.a(lib_a-impure.o)
 .comment       0x0000000000000045       0x24 /opt/devkitpro/devkitARM/lib/gcc/arm-none-eabi/10.1.0/../../../../arm-none-eabi/lib/thumb/libg.a(lib_a-iswspace.o)
 .comment       0x0000000000000045       0x24 /opt/devkitpro/devkitARM/lib/gcc/arm-none-eabi/10.1.0/../../../../arm-none-eabi/lib/thumb/libg.a(lib_a-localeconv.o)
 .comment       0x0000000000000045       0x24 /opt/devkitpro/devkitARM/lib/gcc/arm-none-eabi/10.1.0/../../../../arm-none-eabi/lib/thumb/libg.a(lib_a-locale.o)
 .comment       0x0000000000000045       0x24 /opt/devkitpro/devkitARM/lib/gcc/arm-none-eabi/10.1.0/../../../../arm-none-eabi/lib/thumb/libg.a(lib_a-makebuf.o)
 .comment       0x0000000000000045       0x24 /opt/devkitpro/devkitARM/lib/gcc/arm-none-eabi/10.1.0/../../../../arm-none-eabi/lib/thumb/libg.a(lib_a-malloc.o)
 .comment       0x0000000000000045       0x24 /opt/devkitpro/devkitARM/lib/gcc/arm-none-eabi/10.1.0/../../../../arm-none-eabi/lib/thumb/libg.a(lib_a-mallocr.o)
 .comment       0x0000000000000045       0x24 /opt/devkitpro/devkitARM/lib/gcc/arm-none-eabi/10.1.0/../../../../arm-none-eabi/lib/thumb/libg.a(lib_a-mbrtowc.o)
 .comment       0x0000000000000045       0x24 /opt/devkitpro/devkitARM/lib/gcc/arm-none-eabi/10.1.0/../../../../arm-none-eabi/lib/thumb/libg.a(lib_a-mbtowc_r.o)
 .comment       0x0000000000000045       0x24 /opt/devkitpro/devkitARM/lib/gcc/arm-none-eabi/10.1.0/../../../../arm-none-eabi/lib/thumb/libg.a(lib_a-memchr-stub.o)
 .comment       0x0000000000000045       0x24 /opt/devkitpro/devkitARM/lib/gcc/arm-none-eabi/10.1.0/../../../../arm-none-eabi/lib/thumb/libg.a(lib_a-memcpy-stub.o)
 .comment       0x0000000000000045       0x24 /opt/devkitpro/devkitARM/lib/gcc/arm-none-eabi/10.1.0/../../../../arm-none-eabi/lib/thumb/libg.a(lib_a-memmove.o)
 .comment       0x0000000000000045       0x24 /opt/devkitpro/devkitARM/lib/gcc/arm-none-eabi/10.1.0/../../../../arm-none-eabi/lib/thumb/libg.a(lib_a-memset.o)
 .comment       0x0000000000000045       0x24 /opt/devkitpro/devkitARM/lib/gcc/arm-none-eabi/10.1.0/../../../../arm-none-eabi/lib/thumb/libg.a(lib_a-mlock.o)
 .comment       0x0000000000000045       0x24 /opt/devkitpro/devkitARM/lib/gcc/arm-none-eabi/10.1.0/../../../../arm-none-eabi/lib/thumb/libg.a(lib_a-realloc.o)
 .comment       0x0000000000000045       0x24 /opt/devkitpro/devkitARM/lib/gcc/arm-none-eabi/10.1.0/../../../../arm-none-eabi/lib/thumb/libg.a(lib_a-reallocr.o)
 .comment       0x0000000000000045       0x24 /opt/devkitpro/devkitARM/lib/gcc/arm-none-eabi/10.1.0/../../../../arm-none-eabi/lib/thumb/libg.a(lib_a-sccl.o)
 .comment       0x0000000000000045       0x24 /opt/devkitpro/devkitARM/lib/gcc/arm-none-eabi/10.1.0/../../../../arm-none-eabi/lib/thumb/libg.a(lib_a-strncpy.o)
 .comment       0x0000000000000045       0x24 /opt/devkitpro/devkitARM/lib/gcc/arm-none-eabi/10.1.0/../../../../arm-none-eabi/lib/thumb/libg.a(lib_a-strtoll.o)
 .comment       0x0000000000000045       0x24 /opt/devkitpro/devkitARM/lib/gcc/arm-none-eabi/10.1.0/../../../../arm-none-eabi/lib/thumb/libg.a(lib_a-strtol.o)
 .comment       0x0000000000000045       0x24 /opt/devkitpro/devkitARM/lib/gcc/arm-none-eabi/10.1.0/../../../../arm-none-eabi/lib/thumb/libg.a(lib_a-strtoull.o)
 .comment       0x0000000000000045       0x24 /opt/devkitpro/devkitARM/lib/gcc/arm-none-eabi/10.1.0/../../../../arm-none-eabi/lib/thumb/libg.a(lib_a-strtoul.o)
 .comment       0x0000000000000045       0x24 /opt/devkitpro/devkitARM/lib/gcc/arm-none-eabi/10.1.0/../../../../arm-none-eabi/lib/thumb/libg.a(lib_a-svfiprintf.o)
 .comment       0x0000000000000045       0x24 /opt/devkitpro/devkitARM/lib/gcc/arm-none-eabi/10.1.0/../../../../arm-none-eabi/lib/thumb/libg.a(lib_a-wcsnrtombs.o)
 .comment       0x0000000000000045       0x24 /opt/devkitpro/devkitARM/lib/gcc/arm-none-eabi/10.1.0/../../../../arm-none-eabi/lib/thumb/libg.a(lib_a-wctomb_r.o)
 .comment       0x0000000000000045       0x24 /opt/devkitpro/devkitARM/lib/gcc/arm-none-eabi/10.1.0/../../../../arm-none-eabi/lib/thumb/libg.a(lib_a-errno.o)
 .comment       0x0000000000000045       0x24 /opt/devkitpro/devkitARM/lib/gcc/arm-none-eabi/10.1.0/../../../../arm-none-eabi/lib/thumb/libg.a(lib_a-fclose.o)
 .comment       0x0000000000000045       0x24 /opt/devkitpro/devkitARM/lib/gcc/arm-none-eabi/10.1.0/../../../../arm-none-eabi/lib/thumb/libg.a(lib_a-iswspace_l.o)
 .comment       0x0000000000000045       0x24 /opt/devkitpro/devkitARM/lib/gcc/arm-none-eabi/10.1.0/../../../../arm-none-eabi/lib/thumb/libg.a(lib_a-jp2uc.o)
 .comment       0x0000000000000045       0x24 /opt/devkitpro/devkitARM/lib/gcc/arm-none-eabi/10.1.0/../../../../arm-none-eabi/lib/thumb/libg.a(lib_a-categories.o)
 .comment       0x0000000000000045       0x24 /opt/devkitpro/devkitARM/lib/gcc/arm-none-eabi/10.1.0/../../../../arm-none-eabi/lib/thumb/libsysbase.a(iosupport.o)
 .comment       0x0000000000000045       0x24 /opt/devkitpro/devkitARM/lib/gcc/arm-none-eabi/10.1.0/../../../../arm-none-eabi/lib/thumb/libsysbase.a(fstat.o)
 .comment       0x0000000000000045       0x24 /opt/devkitpro/devkitARM/lib/gcc/arm-none-eabi/10.1.0/../../../../arm-none-eabi/lib/thumb/libsysbase.a(isatty.o)
 .comment       0x0000000000000045       0x24 /opt/devkitpro/devkitARM/lib/gcc/arm-none-eabi/10.1.0/../../../../arm-none-eabi/lib/thumb/libsysbase.a(lseek.o)
 .comment       0x0000000000000045       0x24 /opt/devkitpro/devkitARM/lib/gcc/arm-none-eabi/10.1.0/../../../../arm-none-eabi/lib/thumb/libsysbase.a(read.o)
 .comment       0x0000000000000045       0x24 /opt/devkitpro/devkitARM/lib/gcc/arm-none-eabi/10.1.0/../../../../arm-none-eabi/lib/thumb/libsysbase.a(sbrk.o)
 .comment       0x0000000000000045       0x24 /opt/devkitpro/devkitARM/lib/gcc/arm-none-eabi/10.1.0/../../../../arm-none-eabi/lib/thumb/libsysbase.a(write.o)
 .comment       0x0000000000000045       0x24 /opt/devkitpro/devkitARM/lib/gcc/arm-none-eabi/10.1.0/../../../../arm-none-eabi/lib/thumb/libsysbase.a(malloc_vars.o)
 .comment       0x0000000000000045       0x24 /opt/devkitpro/devkitARM/lib/gcc/arm-none-eabi/10.1.0/../../../../arm-none-eabi/lib/thumb/libsysbase.a(flock.o)
 .comment       0x0000000000000045       0x24 /opt/devkitpro/devkitARM/lib/gcc/arm-none-eabi/10.1.0/../../../../arm-none-eabi/lib/thumb/libsysbase.a(syscall_support.o)
 .comment       0x0000000000000045       0x24 /opt/devkitpro/devkitARM/lib/gcc/arm-none-eabi/10.1.0/../../../../arm-none-eabi/lib/thumb/libsysbase.a(handle_manager.o)
 .comment       0x0000000000000045       0x24 /opt/devkitpro/devkitARM/lib/gcc/arm-none-eabi/10.1.0/../../../../arm-none-eabi/lib/thumb/libsysbase.a(getreent.o)
 .comment       0x0000000000000045       0x24 /opt/devkitpro/devkitARM/lib/gcc/arm-none-eabi/10.1.0/thumb/libgcc.a(_muldi3.o)
 .comment       0x0000000000000045       0x24 /opt/devkitpro/devkitARM/lib/gcc/arm-none-eabi/10.1.0/thumb/libgcc.a(_udivmoddi4.o)
 .comment       0x0000000000000045       0x24 /opt/devkitpro/devkitARM/lib/gcc/arm-none-eabi/10.1.0/thumb/crtend.o

.debug
 *(.debug)

.line
 *(.line)

.debug_srcinfo
 *(.debug_srcinfo)

.debug_sfnames
 *(.debug_sfnames)

.debug_aranges  0x0000000000000000       0xa0
 *(.debug_aranges)
 .debug_aranges
                0x0000000000000000       0x20 console.o
 .debug_aranges
                0x0000000000000020       0x20 /opt/devkitpro/libgba/lib/libgba.a(interrupt.o)
 .debug_aranges
                0x0000000000000040       0x20 /opt/devkitpro/libgba/lib/libgba.a(console.o)
 .debug_aranges
                0x0000000000000060       0x20 /opt/devkitpro/libgba/lib/libgba.a(InterruptDispatcher.o)
 .debug_aranges
                0x0000000000000080       0x20 /opt/devkitpro/libgba/lib/libgba.a(CpuSet.o)

.debug_pubnames
 *(.debug_pubnames)

.debug_info     0x0000000000000000     0x2875
 *(.debug_info)
 .debug_info    0x0000000000000000      0x1fc console.o
 .debug_info    0x00000000000001fc      0x41b /opt/devkitpro/libgba/lib/libgba.a(interrupt.o)
 .debug_info    0x0000000000000617     0x20fd /opt/devkitpro/libgba/lib/libgba.a(console.o)
 .debug_info    0x0000000000002714       0x26 /opt/devkitpro/libgba/lib/libgba.a(InterruptDispatcher.o)
 .debug_info    0x000000000000273a      0x13b /opt/devkitpro/libgba/lib/libgba.a(CpuSet.o)

.debug_abbrev   0x0000000000000000      0x87d
 *(.debug_abbrev)
 .debug_abbrev  0x0000000000000000       0xe9 console.o
 .debug_abbrev  0x00000000000000e9      0x1ee /opt/devkitpro/libgba/lib/libgba.a(interrupt.o)
 .debug_abbrev  0x00000000000002d7      0x4eb /opt/devkitpro/libgba/lib/libgba.a(console.o)
 .debug_abbrev  0x00000000000007c2       0x14 /opt/devkitpro/libgba/lib/libgba.a(InterruptDispatcher.o)
 .debug_abbrev  0x00000000000007d6       0xa7 /opt/devkitpro/libgba/lib/libgba.a(CpuSet.o)

.debug_line     0x0000000000000000     0x136f
 *(.debug_line)
 .debug_line    0x0000000000000000      0x139 console.o
 .debug_line    0x0000000000000139      0x5ae /opt/devkitpro/libgba/lib/libgba.a(interrupt.o)
 .debug_line    0x00000000000006e7      0xa72 /opt/devkitpro/libgba/lib/libgba.a(console.o)
 .debug_line    0x0000000000001159       0xb2 /opt/devkitpro/libgba/lib/libgba.a(InterruptDispatcher.o)
 .debug_line    0x000000000000120b      0x164 /opt/devkitpro/libgba/lib/libgba.a(CpuSet.o)

.debug_frame    0x0000000000000000      0x208
 *(.debug_frame)
 .debug_frame   0x0000000000000000       0x28 console.o
 .debug_frame   0x0000000000000028       0xb0 /opt/devkitpro/libgba/lib/libgba.a(interrupt.o)
 .debug_frame   0x00000000000000d8      0x100 /opt/devkitpro/libgba/lib/libgba.a(console.o)
 .debug_frame   0x00000000000001d8       0x30 /opt/devkitpro/libgba/lib/libgba.a(CpuSet.o)

.debug_str      0x0000000000000000     0x103a
 *(.debug_str)
 .debug_str     0x0000000000000000      0x22f console.o
                                        0x268 (size before relaxing)
 .debug_str     0x000000000000022f      0x1cc /opt/devkitpro/libgba/lib/libgba.a(interrupt.o)
                                        0x310 (size before relaxing)
 .debug_str     0x00000000000003fb      0xb85 /opt/devkitpro/libgba/lib/libgba.a(console.o)
                                        0xe18 (size before relaxing)
 .debug_str     0x0000000000000f80       0x60 /opt/devkitpro/libgba/lib/libgba.a(InterruptDispatcher.o)
                                         0xa0 (size before relaxing)
 .debug_str     0x0000000000000fe0       0x5a /opt/devkitpro/libgba/lib/libgba.a(CpuSet.o)
                                        0x18e (size before relaxing)

.debug_loc      0x0000000000000000     0x191c
 *(.debug_loc)
 .debug_loc     0x0000000000000000      0x446 /opt/devkitpro/libgba/lib/libgba.a(interrupt.o)
 .debug_loc     0x0000000000000446     0x13f8 /opt/devkitpro/libgba/lib/libgba.a(console.o)
 .debug_loc     0x000000000000183e       0xde /opt/devkitpro/libgba/lib/libgba.a(CpuSet.o)

.debug_macinfo
 *(.debug_macinfo)

.debug_weaknames
 *(.debug_weaknames)

.debug_funcnames
 *(.debug_funcnames)

.debug_typenames
 *(.debug_typenames)

.debug_varnames
 *(.debug_varnames)

.stack          0x0000000000080000        0x0
                0x0000000000080000                _stack = .
 *(.stack)

.note.gnu.arm.ident
 *(.note.gnu.arm.ident)

.ARM.attributes
                0x0000000000000000       0x2c
 *(.ARM.attributes)
 .ARM.attributes
                0x0000000000000000       0x20 /opt/devkitpro/devkitARM/lib/gcc/arm-none-eabi/10.1.0/../../../../arm-none-eabi/lib/thumb/gba_crt0.o
 .ARM.attributes
                0x0000000000000020       0x1c /opt/devkitpro/devkitARM/lib/gcc/arm-none-eabi/10.1.0/thumb/crti.o
 .ARM.attributes
                0x000000000000003c       0x2a /opt/devkitpro/devkitARM/lib/gcc/arm-none-eabi/10.1.0/thumb/crtbegin.o
 .ARM.attributes
                0x0000000000000066       0x26 console.o
 .ARM.attributes
                0x000000000000008c       0x2a /opt/devkitpro/libgba/lib/libgba.a(interrupt.o)
 .ARM.attributes
                0x00000000000000b6       0x2a /opt/devkitpro/libgba/lib/libgba.a(console.o)
 .ARM.attributes
                0x00000000000000e0       0x1a /opt/devkitpro/libgba/lib/libgba.a(InterruptDispatcher.o)
 .ARM.attributes
                0x00000000000000fa       0x14 /opt/devkitpro/libgba/lib/libgba.a(amiga.fnt.o)
 .ARM.attributes
                0x000000000000010e       0x2a /opt/devkitpro/libgba/lib/libgba.a(CpuSet.o)
 .ARM.attributes
                0x0000000000000138       0x2a /opt/devkitpro/devkitARM/lib/gcc/arm-none-eabi/10.1.0/../../../../arm-none-eabi/lib/thumb/libg.a(lib_a-init.o)
 .ARM.attributes
                0x0000000000000162       0x2a /opt/devkitpro/devkitARM/lib/gcc/arm-none-eabi/10.1.0/../../../../arm-none-eabi/lib/thumb/libg.a(lib_a-iprintf.o)
 .ARM.attributes
                0x000000000000018c       0x2a /opt/devkitpro/devkitARM/lib/gcc/arm-none-eabi/10.1.0/../../../../arm-none-eabi/lib/thumb/libg.a(lib_a-setvbuf.o)
 .ARM.attributes
                0x00000000000001b6       0x2a /opt/devkitpro/devkitARM/lib/gcc/arm-none-eabi/10.1.0/../../../../arm-none-eabi/lib/thumb/libg.a(lib_a-siscanf.o)
 .ARM.attributes
                0x00000000000001e0       0x2a /opt/devkitpro/devkitARM/lib/gcc/arm-none-eabi/10.1.0/../../../../arm-none-eabi/lib/thumb/libg.a(lib_a-stdio.o)
 .ARM.attributes
                0x000000000000020a       0x2a /opt/devkitpro/devkitARM/lib/gcc/arm-none-eabi/10.1.0/../../../../arm-none-eabi/lib/thumb/libg.a(lib_a-strlen-stub.o)
 .ARM.attributes
                0x0000000000000234       0x2a /opt/devkitpro/devkitARM/lib/gcc/arm-none-eabi/10.1.0/../../../../arm-none-eabi/lib/thumb/libg.a(lib_a-svfiscanf.o)
 .ARM.attributes
                0x000000000000025e       0x2a /opt/devkitpro/devkitARM/lib/gcc/arm-none-eabi/10.1.0/../../../../arm-none-eabi/lib/thumb/libg.a(lib_a-ungetc.o)
 .ARM.attributes
                0x0000000000000288       0x2a /opt/devkitpro/devkitARM/lib/gcc/arm-none-eabi/10.1.0/../../../../arm-none-eabi/lib/thumb/libg.a(lib_a-vfiprintf.o)
 .ARM.attributes
                0x00000000000002b2       0x2a /opt/devkitpro/devkitARM/lib/gcc/arm-none-eabi/10.1.0/../../../../arm-none-eabi/lib/thumb/libg.a(lib_a-wcrtomb.o)
 .ARM.attributes
                0x00000000000002dc       0x2a /opt/devkitpro/devkitARM/lib/gcc/arm-none-eabi/10.1.0/../../../../arm-none-eabi/lib/thumb/libg.a(lib_a-wcsrtombs.o)
 .ARM.attributes
                0x0000000000000306       0x2a /opt/devkitpro/devkitARM/lib/gcc/arm-none-eabi/10.1.0/../../../../arm-none-eabi/lib/thumb/libg.a(lib_a-wsetup.o)
 .ARM.attributes
                0x0000000000000330       0x2a /opt/devkitpro/devkitARM/lib/gcc/arm-none-eabi/10.1.0/../../../../arm-none-eabi/lib/thumb/libg.a(lib_a-ctype_.o)
 .ARM.attributes
                0x000000000000035a       0x2a /opt/devkitpro/devkitARM/lib/gcc/arm-none-eabi/10.1.0/../../../../arm-none-eabi/lib/thumb/libg.a(lib_a-fflush.o)
 .ARM.attributes
                0x0000000000000384       0x2a /opt/devkitpro/devkitARM/lib/gcc/arm-none-eabi/10.1.0/../../../../arm-none-eabi/lib/thumb/libg.a(lib_a-findfp.o)
 .ARM.attributes
                0x00000000000003ae       0x2a /opt/devkitpro/devkitARM/lib/gcc/arm-none-eabi/10.1.0/../../../../arm-none-eabi/lib/thumb/libg.a(lib_a-freer.o)
 .ARM.attributes
                0x00000000000003d8       0x2a /opt/devkitpro/devkitARM/lib/gcc/arm-none-eabi/10.1.0/../../../../arm-none-eabi/lib/thumb/libg.a(lib_a-fvwrite.o)
 .ARM.attributes
                0x0000000000000402       0x2a /opt/devkitpro/devkitARM/lib/gcc/arm-none-eabi/10.1.0/../../../../arm-none-eabi/lib/thumb/libg.a(lib_a-fwalk.o)
 .ARM.attributes
                0x000000000000042c       0x30 /opt/devkitpro/devkitARM/lib/gcc/arm-none-eabi/10.1.0/../../../../arm-none-eabi/lib/thumb/libg.a(lib_a-impure.o)
 .ARM.attributes
                0x000000000000045c       0x2a /opt/devkitpro/devkitARM/lib/gcc/arm-none-eabi/10.1.0/../../../../arm-none-eabi/lib/thumb/libg.a(lib_a-iswspace.o)
 .ARM.attributes
                0x0000000000000486       0x2a /opt/devkitpro/devkitARM/lib/gcc/arm-none-eabi/10.1.0/../../../../arm-none-eabi/lib/thumb/libg.a(lib_a-localeconv.o)
 .ARM.attributes
                0x00000000000004b0       0x2a /opt/devkitpro/devkitARM/lib/gcc/arm-none-eabi/10.1.0/../../../../arm-none-eabi/lib/thumb/libg.a(lib_a-locale.o)
 .ARM.attributes
                0x00000000000004da       0x2a /opt/devkitpro/devkitARM/lib/gcc/arm-none-eabi/10.1.0/../../../../arm-none-eabi/lib/thumb/libg.a(lib_a-makebuf.o)
 .ARM.attributes
                0x0000000000000504       0x2a /opt/devkitpro/devkitARM/lib/gcc/arm-none-eabi/10.1.0/../../../../arm-none-eabi/lib/thumb/libg.a(lib_a-malloc.o)
 .ARM.attributes
                0x000000000000052e       0x2a /opt/devkitpro/devkitARM/lib/gcc/arm-none-eabi/10.1.0/../../../../arm-none-eabi/lib/thumb/libg.a(lib_a-mallocr.o)
 .ARM.attributes
                0x0000000000000558       0x2a /opt/devkitpro/devkitARM/lib/gcc/arm-none-eabi/10.1.0/../../../../arm-none-eabi/lib/thumb/libg.a(lib_a-mbrtowc.o)
 .ARM.attributes
                0x0000000000000582       0x2a /opt/devkitpro/devkitARM/lib/gcc/arm-none-eabi/10.1.0/../../../../arm-none-eabi/lib/thumb/libg.a(lib_a-mbtowc_r.o)
 .ARM.attributes
                0x00000000000005ac       0x2a /opt/devkitpro/devkitARM/lib/gcc/arm-none-eabi/10.1.0/../../../../arm-none-eabi/lib/thumb/libg.a(lib_a-memchr-stub.o)
 .ARM.attributes
                0x00000000000005d6       0x2a /opt/devkitpro/devkitARM/lib/gcc/arm-none-eabi/10.1.0/../../../../arm-none-eabi/lib/thumb/libg.a(lib_a-memcpy-stub.o)
 .ARM.attributes
                0x0000000000000600       0x2a /opt/devkitpro/devkitARM/lib/gcc/arm-none-eabi/10.1.0/../../../../arm-none-eabi/lib/thumb/libg.a(lib_a-memmove.o)
 .ARM.attributes
                0x000000000000062a       0x2a /opt/devkitpro/devkitARM/lib/gcc/arm-none-eabi/10.1.0/../../../../arm-none-eabi/lib/thumb/libg.a(lib_a-memset.o)
 .ARM.attributes
                0x0000000000000654       0x2a /opt/devkitpro/devkitARM/lib/gcc/arm-none-eabi/10.1.0/../../../../arm-none-eabi/lib/thumb/libg.a(lib_a-mlock.o)
 .ARM.attributes
                0x000000000000067e       0x2a /opt/devkitpro/devkitARM/lib/gcc/arm-none-eabi/10.1.0/../../../../arm-none-eabi/lib/thumb/libg.a(lib_a-realloc.o)
 .ARM.attributes
                0x00000000000006a8       0x2a /opt/devkitpro/devkitARM/lib/gcc/arm-none-eabi/10.1.0/../../../../arm-none-eabi/lib/thumb/libg.a(lib_a-reallocr.o)
 .ARM.attributes
                0x00000000000006d2       0x2a /opt/devkitpro/devkitARM/lib/gcc/arm-none-eabi/10.1.0/../../../../arm-none-eabi/lib/thumb/libg.a(lib_a-sccl.o)
 .ARM.attributes
                0x00000000000006fc       0x2a /opt/devkitpro/devkitARM/lib/gcc/arm-none-eabi/10.1.0/../../../../arm-none-eabi/lib/thumb/libg.a(lib_a-strcasecmp.o)
 .ARM.attributes
                0x0000000000000726       0x2a /opt/devkitpro/devkitARM/lib/gcc/arm-none-eabi/10.1.0/../../../../arm-none-eabi/lib/thumb/libg.a(lib_a-strcat.o)
 .ARM.attributes
                0x0000000000000750       0x2a /opt/devkitpro/devkitARM/lib/gcc/arm-none-eabi/10.1.0/../../../../arm-none-eabi/lib/thumb/libg.a(lib_a-strchr.o)
 .ARM.attributes
                0x000000000000077a       0x1a /opt/devkitpro/devkitARM/lib/gcc/arm-none-eabi/10.1.0/../../../../arm-none-eabi/lib/thumb/libg.a(lib_a-strcmp.o)
 .ARM.attributes
                0x0000000000000794       0x2a /opt/devkitpro/devkitARM/lib/gcc/arm-none-eabi/10.1.0/../../../../arm-none-eabi/lib/thumb/libg.a(lib_a-strcpy.o)
 .ARM.attributes
                0x00000000000007be       0x2a /opt/devkitpro/devkitARM/lib/gcc/arm-none-eabi/10.1.0/../../../../arm-none-eabi/lib/thumb/libg.a(lib_a-strlcpy.o)
 .ARM.attributes
                0x00000000000007e8       0x2a /opt/devkitpro/devkitARM/lib/gcc/arm-none-eabi/10.1.0/../../../../arm-none-eabi/lib/thumb/libg.a(lib_a-strncasecmp.o)
 .ARM.attributes
                0x0000000000000812       0x2a /opt/devkitpro/devkitARM/lib/gcc/arm-none-eabi/10.1.0/../../../../arm-none-eabi/lib/thumb/libg.a(lib_a-strncmp.o)
 .ARM.attributes
                0x000000000000083c       0x2a /opt/devkitpro/devkitARM/lib/gcc/arm-none-eabi/10.1.0/../../../../arm-none-eabi/lib/thumb/libg.a(lib_a-strncpy.o)
 .ARM.attributes
                0x0000000000000866       0x2a /opt/devkitpro/devkitARM/lib/gcc/arm-none-eabi/10.1.0/../../../../arm-none-eabi/lib/thumb/libg.a(lib_a-strtoll.o)
 .ARM.attributes
                0x0000000000000890       0x2a /opt/devkitpro/devkitARM/lib/gcc/arm-none-eabi/10.1.0/../../../../arm-none-eabi/lib/thumb/libg.a(lib_a-strtol.o)
 .ARM.attributes
                0x00000000000008ba       0x2a /opt/devkitpro/devkitARM/lib/gcc/arm-none-eabi/10.1.0/../../../../arm-none-eabi/lib/thumb/libg.a(lib_a-strtoull.o)
 .ARM.attributes
                0x00000000000008e4       0x2a /opt/devkitpro/devkitARM/lib/gcc/arm-none-eabi/10.1.0/../../../../arm-none-eabi/lib/thumb/libg.a(lib_a-strtoul.o)
 .ARM.attributes
                0x000000000000090e       0x2a /opt/devkitpro/devkitARM/lib/gcc/arm-none-eabi/10.1.0/../../../../arm-none-eabi/lib/thumb/libg.a(lib_a-svfiprintf.o)
 .ARM.attributes
                0x0000000000000938       0x2a /opt/devkitpro/devkitARM/lib/gcc/arm-none-eabi/10.1.0/../../../../arm-none-eabi/lib/thumb/libg.a(lib_a-wcsnrtombs.o)
 .ARM.attributes
                0x0000000000000962       0x2a /opt/devkitpro/devkitARM/lib/gcc/arm-none-eabi/10.1.0/../../../../arm-none-eabi/lib/thumb/libg.a(lib_a-wctomb_r.o)
 .ARM.attributes
                0x000000000000098c       0x2a /opt/devkitpro/devkitARM/lib/gcc/arm-none-eabi/10.1.0/../../../../arm-none-eabi/lib/thumb/libg.a(lib_a-errno.o)
 .ARM.attributes
                0x00000000000009b6       0x2a /opt/devkitpro/devkitARM/lib/gcc/arm-none-eabi/10.1.0/../../../../arm-none-eabi/lib/thumb/libg.a(lib_a-fclose.o)
 .ARM.attributes
                0x00000000000009e0       0x2a /opt/devkitpro/devkitARM/lib/gcc/arm-none-eabi/10.1.0/../../../../arm-none-eabi/lib/thumb/libg.a(lib_a-getenv_r.o)
 .ARM.attributes
                0x0000000000000a0a       0x2a /opt/devkitpro/devkitARM/lib/gcc/arm-none-eabi/10.1.0/../../../../arm-none-eabi/lib/thumb/libg.a(lib_a-iswspace_l.o)
 .ARM.attributes
                0x0000000000000a34       0x2a /opt/devkitpro/devkitARM/lib/gcc/arm-none-eabi/10.1.0/../../../../arm-none-eabi/lib/thumb/libg.a(lib_a-jp2uc.o)
 .ARM.attributes
                0x0000000000000a5e       0x2a /opt/devkitpro/devkitARM/lib/gcc/arm-none-eabi/10.1.0/../../../../arm-none-eabi/lib/thumb/libg.a(lib_a-categories.o)
 .ARM.attributes
                0x0000000000000a88       0x30 /opt/devkitpro/devkitARM/lib/gcc/arm-none-eabi/10.1.0/../../../../arm-none-eabi/lib/thumb/libg.a(lib_a-environ.o)
 .ARM.attributes
                0x0000000000000ab8       0x2a /opt/devkitpro/devkitARM/lib/gcc/arm-none-eabi/10.1.0/../../../../arm-none-eabi/lib/thumb/libg.a(lib_a-envlock.o)
 .ARM.attributes
                0x0000000000000ae2       0x2a /opt/devkitpro/devkitARM/lib/gcc/arm-none-eabi/10.1.0/../../../../arm-none-eabi/lib/thumb/libsysbase.a(iosupport.o)
 .ARM.attributes
                0x0000000000000b0c       0x2a /opt/devkitpro/devkitARM/lib/gcc/arm-none-eabi/10.1.0/../../../../arm-none-eabi/lib/thumb/libsysbase.a(fstat.o)
 .ARM.attributes
                0x0000000000000b36       0x2a /opt/devkitpro/devkitARM/lib/gcc/arm-none-eabi/10.1.0/../../../../arm-none-eabi/lib/thumb/libsysbase.a(isatty.o)
 .ARM.attributes
                0x0000000000000b60       0x2a /opt/devkitpro/devkitARM/lib/gcc/arm-none-eabi/10.1.0/../../../../arm-none-eabi/lib/thumb/libsysbase.a(lseek.o)
 .ARM.attributes
                0x0000000000000b8a       0x2a /opt/devkitpro/devkitARM/lib/gcc/arm-none-eabi/10.1.0/../../../../arm-none-eabi/lib/thumb/libsysbase.a(read.o)
 .ARM.attributes
                0x0000000000000bb4       0x2a /opt/devkitpro/devkitARM/lib/gcc/arm-none-eabi/10.1.0/../../../../arm-none-eabi/lib/thumb/libsysbase.a(sbrk.o)
 .ARM.attributes
                0x0000000000000bde       0x2a /opt/devkitpro/devkitARM/lib/gcc/arm-none-eabi/10.1.0/../../../../arm-none-eabi/lib/thumb/libsysbase.a(write.o)
 .ARM.attributes
                0x0000000000000c08       0x30 /opt/devkitpro/devkitARM/lib/gcc/arm-none-eabi/10.1.0/../../../../arm-none-eabi/lib/thumb/libsysbase.a(malloc_vars.o)
 .ARM.attributes
                0x0000000000000c38       0x2a /opt/devkitpro/devkitARM/lib/gcc/arm-none-eabi/10.1.0/../../../../arm-none-eabi/lib/thumb/libsysbase.a(flock.o)
 .ARM.attributes
                0x0000000000000c62       0x2a /opt/devkitpro/devkitARM/lib/gcc/arm-none-eabi/10.1.0/../../../../arm-none-eabi/lib/thumb/libsysbase.a(syscall_support.o)
 .ARM.attributes
                0x0000000000000c8c       0x2a /opt/devkitpro/devkitARM/lib/gcc/arm-none-eabi/10.1.0/../../../../arm-none-eabi/lib/thumb/libsysbase.a(handle_manager.o)
 .ARM.attributes
                0x0000000000000cb6       0x2a /opt/devkitpro/devkitARM/lib/gcc/arm-none-eabi/10.1.0/../../../../arm-none-eabi/lib/thumb/libsysbase.a(getreent.o)
 .ARM.attributes
                0x0000000000000ce0       0x1c /opt/devkitpro/devkitARM/lib/gcc/arm-none-eabi/10.1.0/thumb/libgcc.a(_thumb1_case_uqi.o)
 .ARM.attributes
                0x0000000000000cfc       0x1c /opt/devkitpro/devkitARM/lib/gcc/arm-none-eabi/10.1.0/thumb/libgcc.a(_thumb1_case_uhi.o)
 .ARM.attributes
                0x0000000000000d18       0x1c /opt/devkitpro/devkitARM/lib/gcc/arm-none-eabi/10.1.0/thumb/libgcc.a(_udivsi3.o)
 .ARM.attributes
                0x0000000000000d34       0x1c /opt/devkitpro/devkitARM/lib/gcc/arm-none-eabi/10.1.0/thumb/libgcc.a(_divsi3.o)
 .ARM.attributes
                0x0000000000000d50       0x1c /opt/devkitpro/devkitARM/lib/gcc/arm-none-eabi/10.1.0/thumb/libgcc.a(_dvmd_tls.o)
 .ARM.attributes
                0x0000000000000d6c       0x1c /opt/devkitpro/devkitARM/lib/gcc/arm-none-eabi/10.1.0/thumb/libgcc.a(_aeabi_uldivmod.o)
 .ARM.attributes
                0x0000000000000d88       0x2a /opt/devkitpro/devkitARM/lib/gcc/arm-none-eabi/10.1.0/thumb/libgcc.a(_muldi3.o)
 .ARM.attributes
                0x0000000000000db2       0x2a /opt/devkitpro/devkitARM/lib/gcc/arm-none-eabi/10.1.0/thumb/libgcc.a(_udivmoddi4.o)
 .ARM.attributes
                0x0000000000000ddc       0x1c /opt/devkitpro/devkitARM/lib/gcc/arm-none-eabi/10.1.0/thumb/libgcc.a(_clzdi2.o)
 .ARM.attributes
                0x0000000000000df8       0x1c /opt/devkitpro/devkitARM/lib/gcc/arm-none-eabi/10.1.0/thumb/libgcc.a(_clzsi2.o)
 .ARM.attributes
                0x0000000000000e14       0x30 /opt/devkitpro/devkitARM/lib/gcc/arm-none-eabi/10.1.0/thumb/crtend.o
 .ARM.attributes
                0x0000000000000e44       0x1c /opt/devkitpro/devkitARM/lib/gcc/arm-none-eabi/10.1.0/thumb/crtn.o

/DISCARD/
 *(.note.GNU-stack)
LOAD /opt/devkitpro/devkitARM/lib/gcc/arm-none-eabi/10.1.0/../../../../arm-none-eabi/lib/thumb/gba_crt0.o
LOAD /opt/devkitpro/devkitARM/lib/gcc/arm-none-eabi/10.1.0/thumb/crti.o
LOAD /opt/devkitpro/devkitARM/lib/gcc/arm-none-eabi/10.1.0/thumb/crtbegin.o
LOAD console.o
LOAD /opt/devkitpro/libgba/lib/libgba.a
START GROUP
LOAD /opt/devkitpro/devkitARM/lib/gcc/arm-none-eabi/10.1.0/thumb/libgcc.a
LOAD /opt/devkitpro/devkitARM/lib/gcc/arm-none-eabi/10.1.0/../../../../arm-none-eabi/lib/thumb/libg.a
LOAD /opt/devkitpro/devkitARM/lib/gcc/arm-none-eabi/10.1.0/../../../../arm-none-eabi/lib/thumb/libc.a
LOAD /opt/devkitpro/devkitARM/lib/gcc/arm-none-eabi/10.1.0/../../../../arm-none-eabi/lib/thumb/libsysbase.a
END GROUP
LOAD /opt/devkitpro/devkitARM/lib/gcc/arm-none-eabi/10.1.0/thumb/crtend.o
LOAD /opt/devkitpro/devkitARM/lib/gcc/arm-none-eabi/10.1.0/thumb/crtn.o
OUTPUT(/opt/devkitpro/examples/gba/graphics/ansi_console/ansi_console.elf elf32-littlearm)

.debug_ranges   0x0000000000000000      0x190
 .debug_ranges  0x0000000000000000       0x10 console.o
 .debug_ranges  0x0000000000000010       0x70 /opt/devkitpro/libgba/lib/libgba.a(interrupt.o)
 .debug_ranges  0x0000000000000080      0x100 /opt/devkitpro/libgba/lib/libgba.a(console.o)
 .debug_ranges  0x0000000000000180       0x10 /opt/devkitpro/libgba/lib/libgba.a(CpuSet.o)
