Archive member included to satisfy reference by file (symbol)

/opt/devkitpro/libgba/lib/libgba.a(pcx.o)
                              pcx_view.o (DecodePCX)
/opt/devkitpro/libgba/lib/libgba.a(interrupt.o)
                              pcx_view.o (irqInit)
/opt/devkitpro/libgba/lib/libgba.a(fade.o)
                              pcx_view.o (FadeToPalette)
/opt/devkitpro/libgba/lib/libgba.a(input.o)
                              pcx_view.o (scanKeys)
/opt/devkitpro/libgba/lib/libgba.a(InterruptDispatcher.o)
                              /opt/devkitpro/libgba/lib/libgba.a(interrupt.o) (IntrMain)
/opt/devkitpro/devkitARM/lib/gcc/arm-none-eabi/10.1.0/thumb/libgcc.a(_divsi3.o)
                              /opt/devkitpro/libgba/lib/libgba.a(fade.o) (__aeabi_idiv)
/opt/devkitpro/devkitARM/lib/gcc/arm-none-eabi/10.1.0/thumb/libgcc.a(_dvmd_tls.o)
                              /opt/devkitpro/devkitARM/lib/gcc/arm-none-eabi/10.1.0/thumb/libgcc.a(_divsi3.o) (__aeabi_idiv0)
/opt/devkitpro/devkitARM/lib/gcc/arm-none-eabi/10.1.0/../../../../arm-none-eabi/lib/thumb/libg.a(lib_a-init.o)
                              /opt/devkitpro/devkitARM/lib/gcc/arm-none-eabi/10.1.0/../../../../arm-none-eabi/lib/thumb/gba_crt0.o (__libc_init_array)
/opt/devkitpro/devkitARM/lib/gcc/arm-none-eabi/10.1.0/../../../../arm-none-eabi/lib/thumb/libg.a(lib_a-memset.o)
                              /opt/devkitpro/libgba/lib/libgba.a(pcx.o) (memset)
/opt/devkitpro/devkitARM/lib/gcc/arm-none-eabi/10.1.0/../../../../arm-none-eabi/lib/thumb/libsysbase.a(malloc_vars.o)
                              /opt/devkitpro/devkitARM/lib/gcc/arm-none-eabi/10.1.0/../../../../arm-none-eabi/lib/thumb/gba_crt0.o (fake_heap_end)

Allocating common symbols
Common symbol       size              file

IntrTable           0x78              /opt/devkitpro/libgba/lib/libgba.a(interrupt.o)
Buf                 0xf0              /opt/devkitpro/libgba/lib/libgba.a(pcx.o)

Discarded input sections

 .text          0x0000000000000000        0x0 /opt/devkitpro/devkitARM/lib/gcc/arm-none-eabi/10.1.0/../../../../arm-none-eabi/lib/thumb/gba_crt0.o
 .data          0x0000000000000000        0x0 /opt/devkitpro/devkitARM/lib/gcc/arm-none-eabi/10.1.0/../../../../arm-none-eabi/lib/thumb/gba_crt0.o
 .bss           0x0000000000000000        0x0 /opt/devkitpro/devkitARM/lib/gcc/arm-none-eabi/10.1.0/../../../../arm-none-eabi/lib/thumb/gba_crt0.o
 .text          0x0000000000000000        0x0 /opt/devkitpro/devkitARM/lib/gcc/arm-none-eabi/10.1.0/thumb/crti.o
 .data          0x0000000000000000        0x0 /opt/devkitpro/devkitARM/lib/gcc/arm-none-eabi/10.1.0/thumb/crti.o
 .bss           0x0000000000000000        0x0 /opt/devkitpro/devkitARM/lib/gcc/arm-none-eabi/10.1.0/thumb/crti.o
 .text          0x0000000000000000        0x0 /opt/devkitpro/devkitARM/lib/gcc/arm-none-eabi/10.1.0/thumb/crtbegin.o
 .data          0x0000000000000000        0x0 /opt/devkitpro/devkitARM/lib/gcc/arm-none-eabi/10.1.0/thumb/crtbegin.o
 .bss           0x0000000000000000        0x0 /opt/devkitpro/devkitARM/lib/gcc/arm-none-eabi/10.1.0/thumb/crtbegin.o
 .data.__dso_handle
                0x0000000000000000        0x4 /opt/devkitpro/devkitARM/lib/gcc/arm-none-eabi/10.1.0/thumb/crtbegin.o
 .text          0x0000000000000000        0x0 splash.pcx.o
 .data          0x0000000000000000        0x0 splash.pcx.o
 .bss           0x0000000000000000        0x0 splash.pcx.o
 .data          0x0000000000000000        0x0 pcx_view.o
 .data          0x0000000000000000        0x0 /opt/devkitpro/libgba/lib/libgba.a(pcx.o)
 .bss           0x0000000000000000        0x0 /opt/devkitpro/libgba/lib/libgba.a(pcx.o)
 .data          0x0000000000000000        0x0 /opt/devkitpro/libgba/lib/libgba.a(interrupt.o)
 .bss           0x0000000000000000        0x0 /opt/devkitpro/libgba/lib/libgba.a(interrupt.o)
 .data          0x0000000000000000        0x0 /opt/devkitpro/libgba/lib/libgba.a(fade.o)
 .bss           0x0000000000000000        0x0 /opt/devkitpro/libgba/lib/libgba.a(fade.o)
 .text          0x0000000000000000        0x0 /opt/devkitpro/libgba/lib/libgba.a(InterruptDispatcher.o)
 .data          0x0000000000000000        0x0 /opt/devkitpro/libgba/lib/libgba.a(InterruptDispatcher.o)
 .bss           0x0000000000000000        0x0 /opt/devkitpro/libgba/lib/libgba.a(InterruptDispatcher.o)
 .data          0x0000000000000000        0x0 /opt/devkitpro/devkitARM/lib/gcc/arm-none-eabi/10.1.0/thumb/libgcc.a(_divsi3.o)
 .bss           0x0000000000000000        0x0 /opt/devkitpro/devkitARM/lib/gcc/arm-none-eabi/10.1.0/thumb/libgcc.a(_divsi3.o)
 .data          0x0000000000000000        0x0 /opt/devkitpro/devkitARM/lib/gcc/arm-none-eabi/10.1.0/thumb/libgcc.a(_dvmd_tls.o)
 .bss           0x0000000000000000        0x0 /opt/devkitpro/devkitARM/lib/gcc/arm-none-eabi/10.1.0/thumb/libgcc.a(_dvmd_tls.o)
 .text          0x0000000000000000        0x0 /opt/devkitpro/devkitARM/lib/gcc/arm-none-eabi/10.1.0/../../../../arm-none-eabi/lib/thumb/libg.a(lib_a-init.o)
 .data          0x0000000000000000        0x0 /opt/devkitpro/devkitARM/lib/gcc/arm-none-eabi/10.1.0/../../../../arm-none-eabi/lib/thumb/libg.a(lib_a-init.o)
 .bss           0x0000000000000000        0x0 /opt/devkitpro/devkitARM/lib/gcc/arm-none-eabi/10.1.0/../../../../arm-none-eabi/lib/thumb/libg.a(lib_a-init.o)
 .text          0x0000000000000000        0x0 /opt/devkitpro/devkitARM/lib/gcc/arm-none-eabi/10.1.0/../../../../arm-none-eabi/lib/thumb/libg.a(lib_a-memset.o)
 .data          0x0000000000000000        0x0 /opt/devkitpro/devkitARM/lib/gcc/arm-none-eabi/10.1.0/../../../../arm-none-eabi/lib/thumb/libg.a(lib_a-memset.o)
 .bss           0x0000000000000000        0x0 /opt/devkitpro/devkitARM/lib/gcc/arm-none-eabi/10.1.0/../../../../arm-none-eabi/lib/thumb/libg.a(lib_a-memset.o)
 .text          0x0000000000000000        0x0 /opt/devkitpro/devkitARM/lib/gcc/arm-none-eabi/10.1.0/../../../../arm-none-eabi/lib/thumb/libsysbase.a(malloc_vars.o)
 .data          0x0000000000000000        0x0 /opt/devkitpro/devkitARM/lib/gcc/arm-none-eabi/10.1.0/../../../../arm-none-eabi/lib/thumb/libsysbase.a(malloc_vars.o)
 .bss           0x0000000000000000        0x0 /opt/devkitpro/devkitARM/lib/gcc/arm-none-eabi/10.1.0/../../../../arm-none-eabi/lib/thumb/libsysbase.a(malloc_vars.o)
 .bss.fake_heap_start
                0x0000000000000000        0x4 /opt/devkitpro/devkitARM/lib/gcc/arm-none-eabi/10.1.0/../../../../arm-none-eabi/lib/thumb/libsysbase.a(malloc_vars.o)
 .text          0x0000000000000000        0x0 /opt/devkitpro/devkitARM/lib/gcc/arm-none-eabi/10.1.0/thumb/crtend.o
 .data          0x0000000000000000        0x0 /opt/devkitpro/devkitARM/lib/gcc/arm-none-eabi/10.1.0/thumb/crtend.o
 .bss           0x0000000000000000        0x0 /opt/devkitpro/devkitARM/lib/gcc/arm-none-eabi/10.1.0/thumb/crtend.o
 .text          0x0000000000000000        0x0 /opt/devkitpro/devkitARM/lib/gcc/arm-none-eabi/10.1.0/thumb/crtn.o
 .data          0x0000000000000000        0x0 /opt/devkitpro/devkitARM/lib/gcc/arm-none-eabi/10.1.0/thumb/crtn.o
 .bss           0x0000000000000000        0x0 /opt/devkitpro/devkitARM/lib/gcc/arm-none-eabi/10.1.0/thumb/crtn.o

Memory Configuration

Name             Origin             Length             Attributes
rom              0x0000000008000000 0x0000000002000000
iwram            0x0000000003000000 0x0000000000008000
ewram            0x0000000002000000 0x0000000000040000
*default*        0x0000000000000000 0xffffffffffffffff

Linker script and memory map

                0x0000000008000000                __text_start = ORIGIN (rom)
                0x0000000002040000                __eheap_end = (ORIGIN (ewram) + LENGTH (ewram))
                0x0000000003000000                __iwram_start = ORIGIN (iwram)
                0x0000000003008000                __iwram_top = (ORIGIN (iwram) + LENGTH (iwram))
                0x0000000003007fa0                __sp_irq = (__iwram_top - 0x60)
                0x0000000003007f00                __sp_usr = (__sp_irq - 0xa0)
                0x0000000003007ff8                __irq_flags = 0x3007ff8
                0x0000000008000000                . = __text_start

.crt0           0x0000000008000000      0x210
 *(.crt0)
 .crt0          0x0000000008000000      0x210 /opt/devkitpro/devkitARM/lib/gcc/arm-none-eabi/10.1.0/../../../../arm-none-eabi/lib/thumb/gba_crt0.o
                0x0000000008000000                _start
                0x00000000080000c4                __boot_method
                0x00000000080000c5                __slave_number
                0x00000000080000e0                start_vector
                0x0000000008000210                . = ALIGN (0x4)

.init           0x0000000008000210        0xc
 *(SORT_NONE(.init))
 .init          0x0000000008000210        0x4 /opt/devkitpro/devkitARM/lib/gcc/arm-none-eabi/10.1.0/thumb/crti.o
                0x0000000008000210                _init
 .init          0x0000000008000214        0x8 /opt/devkitpro/devkitARM/lib/gcc/arm-none-eabi/10.1.0/thumb/crtn.o

.plt            0x000000000800021c        0x0
 *(.plt)
                0x000000000800021c                . = ALIGN (0x4)

.text           0x0000000008000220      0xc08
 *(EXCLUDE_FILE(*.iwram*) .text*)
 .text.deregister_tm_clones
                0x0000000008000220       0x2c /opt/devkitpro/devkitARM/lib/gcc/arm-none-eabi/10.1.0/thumb/crtbegin.o
 .text.register_tm_clones
                0x000000000800024c       0x34 /opt/devkitpro/devkitARM/lib/gcc/arm-none-eabi/10.1.0/thumb/crtbegin.o
 .text.__do_global_dtors_aux
                0x0000000008000280       0x30 /opt/devkitpro/devkitARM/lib/gcc/arm-none-eabi/10.1.0/thumb/crtbegin.o
 .text.frame_dummy
                0x00000000080002b0       0x28 /opt/devkitpro/devkitARM/lib/gcc/arm-none-eabi/10.1.0/thumb/crtbegin.o
 .text          0x00000000080002d8       0x18 pcx_view.o
                0x00000000080002d8                VblankInterrupt
 .text.startup  0x00000000080002f0       0x50 pcx_view.o
                0x00000000080002f0                main
 .text          0x0000000008000340      0x1bc /opt/devkitpro/libgba/lib/libgba.a(pcx.o)
                0x0000000008000340                DecodePCX
 .text          0x00000000080004fc      0x3b8 /opt/devkitpro/libgba/lib/libgba.a(interrupt.o)
                0x00000000080004fc                dummy
                0x0000000008000500                InitInterrupt
                0x000000000800055c                irqInit
                0x00000000080005b8                SetInterrupt
                0x000000000800069c                irqSet
                0x0000000008000780                EnableInterrupt
                0x00000000080007cc                irqEnable
                0x000000000800081c                DisableInterrupt
                0x0000000008000868                irqDisable
 .text          0x00000000080008b4      0x24c /opt/devkitpro/libgba/lib/libgba.a(fade.o)
                0x0000000008000964                SetPalette
                0x000000000800098c                FadeToGrayScale
                0x0000000008000a44                FadeToPalette
 .text          0x0000000008000b00       0xbc /opt/devkitpro/libgba/lib/libgba.a(input.o)
                0x0000000008000b00                setRepeat
                0x0000000008000b0c                scanKeys
                0x0000000008000b80                keysDownRepeat
                0x0000000008000b90                keysDown
                0x0000000008000ba0                keysUp
                0x0000000008000bb0                keysHeld
 .text          0x0000000008000bbc      0x150 /opt/devkitpro/devkitARM/lib/gcc/arm-none-eabi/10.1.0/thumb/libgcc.a(_divsi3.o)
                0x0000000008000bbc                __aeabi_idiv
                0x0000000008000bbc                __divsi3
                0x0000000008000cec                __aeabi_idivmod
 .text          0x0000000008000d0c        0x4 /opt/devkitpro/devkitARM/lib/gcc/arm-none-eabi/10.1.0/thumb/libgcc.a(_dvmd_tls.o)
                0x0000000008000d0c                __aeabi_ldiv0
                0x0000000008000d0c                __aeabi_idiv0
 .text.__libc_init_array
                0x0000000008000d10       0x50 /opt/devkitpro/devkitARM/lib/gcc/arm-none-eabi/10.1.0/../../../../arm-none-eabi/lib/thumb/libg.a(lib_a-init.o)
                0x0000000008000d10                __libc_init_array
 .text.memset   0x0000000008000d60       0xb0 /opt/devkitpro/devkitARM/lib/gcc/arm-none-eabi/10.1.0/../../../../arm-none-eabi/lib/thumb/libg.a(lib_a-memset.o)
                0x0000000008000d60                memset
 .text.memset.__stub
                0x0000000008000e10       0x14 linker stubs
 *(.gnu.linkonce.t.*)
 *(.text.*personality*)
 *(.gnu.warning)
 *(.glue_7t)
 .glue_7t       0x0000000008000e28        0x0 linker stubs
 *(.glue_7)
 .glue_7        0x0000000008000e28        0x0 linker stubs
 *(.vfp11_veneer)
 .vfp11_veneer  0x0000000008000e28        0x0 linker stubs
                0x0000000008000e28                . = ALIGN (0x4)
                0x0000000008000e28                __text_end = .

.v4_bx          0x0000000008000e28        0x0
 .v4_bx         0x0000000008000e28        0x0 linker stubs

.iplt           0x0000000008000e28        0x0
 .iplt          0x0000000008000e28        0x0 /opt/devkitpro/devkitARM/lib/gcc/arm-none-eabi/10.1.0/../../../../arm-none-eabi/lib/thumb/gba_crt0.o

.fini           0x0000000008000e28        0xc
 *(.fini)
 .fini          0x0000000008000e28        0x4 /opt/devkitpro/devkitARM/lib/gcc/arm-none-eabi/10.1.0/thumb/crti.o
                0x0000000008000e28                _fini
 .fini          0x0000000008000e2c        0x8 /opt/devkitpro/devkitARM/lib/gcc/arm-none-eabi/10.1.0/thumb/crtn.o
                0x0000000008000e34                . = ALIGN (0x4)

.rodata         0x0000000008000e34     0x24fc
 *(.rodata)
 *all.rodata*(*)
 *(.roda)
 *(.rodata.*)
 .rodata.splash_pcx
                0x0000000008000e34     0x24fc splash.pcx.o
                0x0000000008000e34                splash_pcx
                0x0000000008003329                splash_pcx_end
                0x000000000800332c                splash_pcx_size
 *(.gnu.linkonce.r*)
                0x0000000008003330                . = ALIGN (0x4)

.ARM.extab
 *(.ARM.extab* .gnu.linkonce.armextab.*)
                0x0000000008003330                __exidx_start = .

.ARM.exidx
 *(.ARM.exidx* .gnu.linkonce.armexidx.*)
                0x0000000008003330                __exidx_end = .

.ctors          0x0000000008003330        0x0
 *crtbegin.o(.ctors)
 *(EXCLUDE_FILE(*crtend.o) .ctors)
 *(SORT_BY_NAME(.ctors.*))
 *(.ctors)
                0x0000000008003330                . = ALIGN (0x4)

.dtors          0x0000000008003330        0x0
 *crtbegin.o(.dtors)
 *(EXCLUDE_FILE(*crtend.o) .dtors)
 *(SORT_BY_NAME(.dtors.*))
 *(.dtors)
                0x0000000008003330                . = ALIGN (0x4)

.eh_frame       0x0000000008003330        0x4
 *(.eh_frame)
 .eh_frame      0x0000000008003330        0x0 /opt/devkitpro/devkitARM/lib/gcc/arm-none-eabi/10.1.0/thumb/crtbegin.o
 .eh_frame      0x0000000008003330        0x4 /opt/devkitpro/devkitARM/lib/gcc/arm-none-eabi/10.1.0/thumb/crtend.o
                0x0000000008003334                . = ALIGN (0x4)

.gcc_except_table
                0x0000000008003334        0x0
 *(.gcc_except_table)
                0x0000000008003334                . = ALIGN (0x4)
                0x0000000008003334                __iwram_lma = .

.iwram          0x0000000003000000       0xb8 load address 0x0000000008003334
                0x0000000003000000                __iwram_start__ = ABSOLUTE (.)
 *(.iwram .iwram*)
 .iwram         0x0000000003000000       0xb8 /opt/devkitpro/libgba/lib/libgba.a(InterruptDispatcher.o)
                0x0000000003000000                IntrMain
 *iwram.*(.text* .data*)
                0x00000000030000b8                . = ALIGN (0x4)
                0x00000000030000b8                __iwram_end__ = ABSOLUTE (.)
                0x00000000080033ec                __data_lma = (__iwram_lma + SIZEOF (.iwram))

.rel.dyn        0x00000000030000b8        0x0 load address 0x00000000080033ec
 .rel.iplt      0x00000000030000b8        0x0 /opt/devkitpro/devkitARM/lib/gcc/arm-none-eabi/10.1.0/../../../../arm-none-eabi/lib/thumb/gba_crt0.o

.bss            0x00000000030000b8      0x398
                0x00000000030000b8                __bss_start = ABSOLUTE (.)
                0x00000000030000b8                __bss_start__ = ABSOLUTE (.)
 *(.dynbss)
 *(.gnu.linkonce.b*)
 *(.bss*)
 .bss.completed.1
                0x00000000030000b8        0x1 /opt/devkitpro/devkitARM/lib/gcc/arm-none-eabi/10.1.0/thumb/crtbegin.o
 *fill*         0x00000000030000b9        0x3 
 .bss.object.0  0x00000000030000bc       0x18 /opt/devkitpro/devkitARM/lib/gcc/arm-none-eabi/10.1.0/thumb/crtbegin.o
 .bss           0x00000000030000d4      0x204 pcx_view.o
                0x00000000030000d4                frame
                0x00000000030000d8                PaletteBuffer
 .bss           0x00000000030002d8        0xa /opt/devkitpro/libgba/lib/libgba.a(input.o)
 *fill*         0x00000000030002e2        0x2 
 .bss.fake_heap_end
                0x00000000030002e4        0x4 /opt/devkitpro/devkitARM/lib/gcc/arm-none-eabi/10.1.0/../../../../arm-none-eabi/lib/thumb/libsysbase.a(malloc_vars.o)
                0x00000000030002e4                fake_heap_end
 *(COMMON)
 COMMON         0x00000000030002e8       0xf0 /opt/devkitpro/libgba/lib/libgba.a(pcx.o)
                0x00000000030002e8                Buf
 COMMON         0x00000000030003d8       0x78 /opt/devkitpro/libgba/lib/libgba.a(interrupt.o)
                0x00000000030003d8                IntrTable
                0x0000000003000450                . = ALIGN (0x4)
                0x0000000003000450                __bss_end__ = ABSOLUTE (.)

.data           0x0000000003000450        0x4 load address 0x00000000080033ec
                0x0000000003000450                __data_start__ = ABSOLUTE (.)
 *(.data*)
 .data          0x0000000003000450        0x3 /opt/devkitpro/libgba/lib/libgba.a(input.o)
 *(.gnu.linkonce.d*)
                0x0000000003000454                . = ALIGN (0x4)
 *fill*         0x0000000003000453        0x1 ff
                0x00000000080033f0                __preinit_lma = (__data_lma + SIZEOF (.data))

.igot.plt       0x0000000003000454        0x0 load address 0x00000000080033f0
 .igot.plt      0x0000000003000454        0x0 /opt/devkitpro/devkitARM/lib/gcc/arm-none-eabi/10.1.0/../../../../arm-none-eabi/lib/thumb/gba_crt0.o

.tm_clone_table
                0x0000000003000454        0x0 load address 0x00000000080033f0
 .tm_clone_table
                0x0000000003000454        0x0 /opt/devkitpro/devkitARM/lib/gcc/arm-none-eabi/10.1.0/thumb/crtbegin.o
 .tm_clone_table
                0x0000000003000454        0x0 /opt/devkitpro/devkitARM/lib/gcc/arm-none-eabi/10.1.0/thumb/crtend.o

.preinit_array  0x0000000003000454        0x0 load address 0x00000000080033f0
                0x0000000003000454                __preinit_array_start = ABSOLUTE (.)
 *(.preinit_array)
                0x0000000003000454                __preinit_array_end = ABSOLUTE (.)
                0x00000000080033f0                __init_lma = (__preinit_lma + SIZEOF (.preinit_array))

.init_array     0x0000000003000454        0x4 load address 0x00000000080033f0
                0x0000000003000454                __init_array_start = ABSOLUTE (.)
 *(SORT_BY_NAME(.init_array.*))
 *(.init_array)
 .init_array    0x0000000003000454        0x4 /opt/devkitpro/devkitARM/lib/gcc/arm-none-eabi/10.1.0/thumb/crtbegin.o
                0x0000000003000458                __init_array_end = ABSOLUTE (.)
                0x00000000080033f4                __fini_lma = (__init_lma + SIZEOF (.init_array))

.fini_array     0x0000000003000458        0x4 load address 0x00000000080033f4
                0x0000000003000458                __fini_array_start = ABSOLUTE (.)
 *(SORT_BY_NAME(.fini_array.*))
 *(.fini_array)
 .fini_array    0x0000000003000458        0x4 /opt/devkitpro/devkitARM/lib/gcc/arm-none-eabi/10.1.0/thumb/crtbegin.o
                0x000000000300045c                __fini_array_end = ABSOLUTE (.)
                0x00000000080033f8                __jcr_lma = (__fini_lma + SIZEOF (.fini_array))

.jcr            0x000000000300045c        0x0 load address 0x00000000080033f8
 *(.jcr)
                0x000000000300045c                __data_end__ = ABSOLUTE (.)
                0x00000000080033f8                __iwram_overlay_lma = (__jcr_lma + SIZEOF (.jcr))
                0x000000000300045c                __iwram_overlay_start = .

.iwram0         0x000000000300045c        0x0 load address 0x00000000080033f8
 *(.iwram0)
                0x000000000300045c                . = ALIGN (0x4)
                0x00000000080033f8                PROVIDE (__load_start_iwram0 = LOADADDR (.iwram0))
                0x00000000080033f8                PROVIDE (__load_stop_iwram0 = (LOADADDR (.iwram0) + SIZEOF (.iwram0)))

.iwram1         0x000000000300045c        0x0
 *(.iwram1)
                0x000000000300045c                . = ALIGN (0x4)
                [!provide]                        PROVIDE (__load_start_iwram1 = LOADADDR (.iwram1))
                [!provide]                        PROVIDE (__load_stop_iwram1 = (LOADADDR (.iwram1) + SIZEOF (.iwram1)))

.iwram2         0x000000000300045c        0x0
 *(.iwram2)
                0x000000000300045c                . = ALIGN (0x4)
                [!provide]                        PROVIDE (__load_start_iwram2 = LOADADDR (.iwram2))
                [!provide]                        PROVIDE (__load_stop_iwram2 = (LOADADDR (.iwram2) + SIZEOF (.iwram2)))

.iwram3         0x000000000300045c        0x0
 *(.iwram3)
                0x000000000300045c                . = ALIGN (0x4)
                [!provide]                        PROVIDE (__load_start_iwram3 = LOADADDR (.iwram3))
                [!provide]                        PROVIDE (__load_stop_iwram3 = (LOADADDR (.iwram3) + SIZEOF (.iwram3)))

.iwram4         0x000000000300045c        0x0
 *(.iwram4)
                0x000000000300045c                . = ALIGN (0x4)
                [!provide]                        PROVIDE (__load_start_iwram4 = LOADADDR (.iwram4))
                [!provide]                        PROVIDE (__load_stop_iwram4 = (LOADADDR (.iwram4) + SIZEOF (.iwram4)))

.iwram5         0x000000000300045c        0x0
 *(.iwram5)
                0x000000000300045c                . = ALIGN (0x4)
                [!provide]                        PROVIDE (__load_start_iwram5 = LOADADDR (.iwram5))
                [!provide]                        PROVIDE (__load_stop_iwram5 = (LOADADDR (.iwram5) + SIZEOF (.iwram5)))

.iwram6         0x000000000300045c        0x0
 *(.iwram6)
                0x000000000300045c                . = ALIGN (0x4)
                [!provide]                        PROVIDE (__load_start_iwram6 = LOADADDR (.iwram6))
                [!provide]                        PROVIDE (__load_stop_iwram6 = (LOADADDR (.iwram6) + SIZEOF (.iwram6)))

.iwram7         0x000000000300045c        0x0
 *(.iwram7)
                0x000000000300045c                . = ALIGN (0x4)
                [!provide]                        PROVIDE (__load_start_iwram7 = LOADADDR (.iwram7))
                [!provide]                        PROVIDE (__load_stop_iwram7 = (LOADADDR (.iwram7) + SIZEOF (.iwram7)))

.iwram8         0x000000000300045c        0x0
 *(.iwram8)
                0x000000000300045c                . = ALIGN (0x4)
                [!provide]                        PROVIDE (__load_start_iwram8 = LOADADDR (.iwram8))
                [!provide]                        PROVIDE (__load_stop_iwram8 = (LOADADDR (.iwram8) + SIZEOF (.iwram8)))

.iwram9         0x000000000300045c        0x0
 *(.iwram9)
                0x000000000300045c                . = ALIGN (0x4)
                [!provide]                        PROVIDE (__load_start_iwram9 = LOADADDR (.iwram9))
                [!provide]                        PROVIDE (__load_stop_iwram9 = (LOADADDR (.iwram9) + SIZEOF (.iwram9)))
                0x000000000300045c                __iwram_overlay_end = .
                0x00000000080033f8                __ewram_lma = (__iwram_overlay_lma + (__iwram_overlay_end - __iwram_overlay_start))
                0x000000000300045c                __iheap_start = .
                0x0000000002000000                __ewram_start = ORIGIN (ewram)

.ewram          0x0000000002000000        0x0 load address 0x00000000080033f8
 *(.ewram*)
                0x0000000002000000                . = ALIGN (0x4)
                0x0000000002000000                __ewram_end = ABSOLUTE (.)
                0x00000000080033f8                __pad_lma = (__ewram_lma + SIZEOF (.ewram))

.sbss           0x0000000002000000     0x1c00
                0x0000000002000000                __sbss_start__ = ABSOLUTE (.)
 *(.sbss*)
 .sbss          0x0000000002000000     0x1c00 /opt/devkitpro/libgba/lib/libgba.a(fade.o)
                0x0000000002000000                FadeTable
                0x0000000002001800                CurrentPalette
                0x0000000002001c00                . = ALIGN (0x4)
                0x0000000002001c00                __sbss_end__ = ABSOLUTE (.)
                0x0000000002001c00                __end__ = ABSOLUTE (.)
                0x0000000002001c00                __eheap_start = ABSOLUTE (.)

.pad            0x0000000002001c00        0x8 load address 0x00000000080033f8
                0x0000000002001c00        0x4 LONG 0x52416b64
                0x0000000002001c04        0x4 LONG 0x4d
                0x0000000002001c08                . = ALIGN (0x4)
                0x0000000008003400                __rom_end__ = (__pad_lma + SIZEOF (.pad))

.stab
 *(.stab)

.stabstr
 *(.stabstr)

.stab.excl
 *(.stab.excl)

.stab.exclstr
 *(.stab.exclstr)

.stab.index
 *(.stab.index)

.stab.indexstr
 *(.stab.indexstr)

.comment        0x0000000000000000       0x45
 *(.comment)
 .comment       0x0000000000000000       0x23 /opt/devkitpro/devkitARM/lib/gcc/arm-none-eabi/10.1.0/thumb/crtbegin.o
                                         0x24 (size before relaxing)
 .comment       0x0000000000000023       0x24 pcx_view.o
 .comment       0x0000000000000023       0x22 /opt/devkitpro/libgba/lib/libgba.a(pcx.o)
                                         0x23 (size before relaxing)
 .comment       0x0000000000000045       0x23 /opt/devkitpro/libgba/lib/libgba.a(interrupt.o)
 .comment       0x0000000000000045       0x23 /opt/devkitpro/libgba/lib/libgba.a(fade.o)
 .comment       0x0000000000000045       0x23 /opt/devkitpro/libgba/lib/libgba.a(input.o)
 .comment       0x0000000000000045       0x24 /opt/devkitpro/devkitARM/lib/gcc/arm-none-eabi/10.1.0/../../../../arm-none-eabi/lib/thumb/libg.a(lib_a-init.o)
 .comment       0x0000000000000045       0x24 /opt/devkitpro/devkitARM/lib/gcc/arm-none-eabi/10.1.0/../../../../arm-none-eabi/lib/thumb/libg.a(lib_a-memset.o)
 .comment       0x0000000000000045       0x24 /opt/devkitpro/devkitARM/lib/gcc/arm-none-eabi/10.1.0/../../../../arm-none-eabi/lib/thumb/libsysbase.a(malloc_vars.o)
 .comment       0x0000000000000045       0x24 /opt/devkitpro/devkitARM/lib/gcc/arm-none-eabi/10.1.0/thumb/crtend.o

.debug
 *(.debug)

.line
 *(.line)

.debug_srcinfo
 *(.debug_srcinfo)

.debug_sfnames
 *(.debug_sfnames)

.debug_aranges  0x0000000000000000       0xc8
 *(.debug_aranges)
 .debug_aranges
                0x0000000000000000       0x28 pcx_view.o
 .debug_aranges
                0x0000000000000028       0x20 /opt/devkitpro/libgba/lib/libgba.a(pcx.o)
 .debug_aranges
                0x0000000000000048       0x20 /opt/devkitpro/libgba/lib/libgba.a(interrupt.o)
 .debug_aranges
                0x0000000000000068       0x20 /opt/devkitpro/libgba/lib/libgba.a(fade.o)
 .debug_aranges
                0x0000000000000088       0x20 /opt/devkitpro/libgba/lib/libgba.a(input.o)
 .debug_aranges
                0x00000000000000a8       0x20 /opt/devkitpro/libgba/lib/libgba.a(InterruptDispatcher.o)

.debug_pubnames
 *(.debug_pubnames)

.debug_info     0x0000000000000000     0x1359
 *(.debug_info)
 .debug_info    0x0000000000000000      0x3a4 pcx_view.o
 .debug_info    0x00000000000003a4      0x3bd /opt/devkitpro/libgba/lib/libgba.a(pcx.o)
 .debug_info    0x0000000000000761      0x41b /opt/devkitpro/libgba/lib/libgba.a(interrupt.o)
 .debug_info    0x0000000000000b7c      0x550 /opt/devkitpro/libgba/lib/libgba.a(fade.o)
 .debug_info    0x00000000000010cc      0x267 /opt/devkitpro/libgba/lib/libgba.a(input.o)
 .debug_info    0x0000000000001333       0x26 /opt/devkitpro/libgba/lib/libgba.a(InterruptDispatcher.o)

.debug_abbrev   0x0000000000000000      0x7e0
 *(.debug_abbrev)
 .debug_abbrev  0x0000000000000000      0x19d pcx_view.o
 .debug_abbrev  0x000000000000019d      0x137 /opt/devkitpro/libgba/lib/libgba.a(pcx.o)
 .debug_abbrev  0x00000000000002d4      0x1ee /opt/devkitpro/libgba/lib/libgba.a(interrupt.o)
 .debug_abbrev  0x00000000000004c2      0x1e4 /opt/devkitpro/libgba/lib/libgba.a(fade.o)
 .debug_abbrev  0x00000000000006a6      0x126 /opt/devkitpro/libgba/lib/libgba.a(input.o)
 .debug_abbrev  0x00000000000007cc       0x14 /opt/devkitpro/libgba/lib/libgba.a(InterruptDispatcher.o)

.debug_line     0x0000000000000000     0x148c
 *(.debug_line)
 .debug_line    0x0000000000000000      0x24c pcx_view.o
 .debug_line    0x000000000000024c      0x34f /opt/devkitpro/libgba/lib/libgba.a(pcx.o)
 .debug_line    0x000000000000059b      0x5ae /opt/devkitpro/libgba/lib/libgba.a(interrupt.o)
 .debug_line    0x0000000000000b49      0x5fa /opt/devkitpro/libgba/lib/libgba.a(fade.o)
 .debug_line    0x0000000000001143      0x297 /opt/devkitpro/libgba/lib/libgba.a(input.o)
 .debug_line    0x00000000000013da       0xb2 /opt/devkitpro/libgba/lib/libgba.a(InterruptDispatcher.o)

.debug_frame    0x0000000000000000      0x258
 *(.debug_frame)
 .debug_frame   0x0000000000000000       0x40 pcx_view.o
 .debug_frame   0x0000000000000040       0x3c /opt/devkitpro/libgba/lib/libgba.a(pcx.o)
 .debug_frame   0x000000000000007c       0xb0 /opt/devkitpro/libgba/lib/libgba.a(interrupt.o)
 .debug_frame   0x000000000000012c       0xac /opt/devkitpro/libgba/lib/libgba.a(fade.o)
 .debug_frame   0x00000000000001d8       0x80 /opt/devkitpro/libgba/lib/libgba.a(input.o)

.debug_str      0x0000000000000000      0x829
 *(.debug_str)
 .debug_str     0x0000000000000000      0x393 pcx_view.o
                                        0x3dd (size before relaxing)
 .debug_str     0x0000000000000393      0x194 /opt/devkitpro/libgba/lib/libgba.a(pcx.o)
                                        0x263 (size before relaxing)
 .debug_str     0x0000000000000527      0x123 /opt/devkitpro/libgba/lib/libgba.a(interrupt.o)
                                        0x310 (size before relaxing)
 .debug_str     0x000000000000064a       0xc8 /opt/devkitpro/libgba/lib/libgba.a(fade.o)
                                        0x248 (size before relaxing)
 .debug_str     0x0000000000000712       0xb7 /opt/devkitpro/libgba/lib/libgba.a(input.o)
                                        0x21b (size before relaxing)
 .debug_str     0x00000000000007c9       0x60 /opt/devkitpro/libgba/lib/libgba.a(InterruptDispatcher.o)
                                         0xa0 (size before relaxing)

.debug_loc      0x0000000000000000     0x1221
 *(.debug_loc)
 .debug_loc     0x0000000000000000       0x18 pcx_view.o
 .debug_loc     0x0000000000000018      0x6a9 /opt/devkitpro/libgba/lib/libgba.a(pcx.o)
 .debug_loc     0x00000000000006c1      0x446 /opt/devkitpro/libgba/lib/libgba.a(interrupt.o)
 .debug_loc     0x0000000000000b07      0x6db /opt/devkitpro/libgba/lib/libgba.a(fade.o)
 .debug_loc     0x00000000000011e2       0x3f /opt/devkitpro/libgba/lib/libgba.a(input.o)

.debug_macinfo
 *(.debug_macinfo)

.debug_weaknames
 *(.debug_weaknames)

.debug_funcnames
 *(.debug_funcnames)

.debug_typenames
 *(.debug_typenames)

.debug_varnames
 *(.debug_varnames)

.stack          0x0000000000080000        0x0
                0x0000000000080000                _stack = .
 *(.stack)

.note.gnu.arm.ident
 *(.note.gnu.arm.ident)

.ARM.attributes
                0x0000000000000000       0x2c
 *(.ARM.attributes)
 .ARM.attributes
                0x0000000000000000       0x20 /opt/devkitpro/devkitARM/lib/gcc/arm-none-eabi/10.1.0/../../../../arm-none-eabi/lib/thumb/gba_crt0.o
 .ARM.attributes
                0x0000000000000020       0x1c /opt/devkitpro/devkitARM/lib/gcc/arm-none-eabi/10.1.0/thumb/crti.o
 .ARM.attributes
                0x000000000000003c       0x2a /opt/devkitpro/devkitARM/lib/gcc/arm-none-eabi/10.1.0/thumb/crtbegin.o
 .ARM.attributes
                0x0000000000000066       0x14 splash.pcx.o
 .ARM.attributes
                0x000000000000007a       0x26 pcx_view.o
 .ARM.attributes
                0x00000000000000a0       0x2a /opt/devkitpro/libgba/lib/libgba.a(pcx.o)
 .ARM.attributes
                0x00000000000000ca       0x2a /opt/devkitpro/libgba/lib/libgba.a(interrupt.o)
 .ARM.attributes
                0x00000000000000f4       0x2a /opt/devkitpro/libgba/lib/libgba.a(fade.o)
 .ARM.attributes
                0x000000000000011e       0x2a /opt/devkitpro/libgba/lib/libgba.a(input.o)
 .ARM.attributes
                0x0000000000000148       0x1a /opt/devkitpro/libgba/lib/libgba.a(InterruptDispatcher.o)
 .ARM.attributes
                0x0000000000000162       0x1c /opt/devkitpro/devkitARM/lib/gcc/arm-none-eabi/10.1.0/thumb/libgcc.a(_divsi3.o)
 .ARM.attributes
                0x000000000000017e       0x1c /opt/devkitpro/devkitARM/lib/gcc/arm-none-eabi/10.1.0/thumb/libgcc.a(_dvmd_tls.o)
 .ARM.attributes
                0x000000000000019a       0x2a /opt/devkitpro/devkitARM/lib/gcc/arm-none-eabi/10.1.0/../../../../arm-none-eabi/lib/thumb/libg.a(lib_a-init.o)
 .ARM.attributes
                0x00000000000001c4       0x2a /opt/devkitpro/devkitARM/lib/gcc/arm-none-eabi/10.1.0/../../../../arm-none-eabi/lib/thumb/libg.a(lib_a-memset.o)
 .ARM.attributes
                0x00000000000001ee       0x30 /opt/devkitpro/devkitARM/lib/gcc/arm-none-eabi/10.1.0/../../../../arm-none-eabi/lib/thumb/libsysbase.a(malloc_vars.o)
 .ARM.attributes
                0x000000000000021e       0x30 /opt/devkitpro/devkitARM/lib/gcc/arm-none-eabi/10.1.0/thumb/crtend.o
 .ARM.attributes
                0x000000000000024e       0x1c /opt/devkitpro/devkitARM/lib/gcc/arm-none-eabi/10.1.0/thumb/crtn.o

/DISCARD/
 *(.note.GNU-stack)
LOAD /opt/devkitpro/devkitARM/lib/gcc/arm-none-eabi/10.1.0/../../../../arm-none-eabi/lib/thumb/gba_crt0.o
LOAD /opt/devkitpro/devkitARM/lib/gcc/arm-none-eabi/10.1.0/thumb/crti.o
LOAD /opt/devkitpro/devkitARM/lib/gcc/arm-none-eabi/10.1.0/thumb/crtbegin.o
LOAD splash.pcx.o
LOAD pcx_view.o
LOAD /opt/devkitpro/libgba/lib/libmm.a
LOAD /opt/devkitpro/libgba/lib/libgba.a
START GROUP
LOAD /opt/devkitpro/devkitARM/lib/gcc/arm-none-eabi/10.1.0/thumb/libgcc.a
LOAD /opt/devkitpro/devkitARM/lib/gcc/arm-none-eabi/10.1.0/../../../../arm-none-eabi/lib/thumb/libg.a
LOAD /opt/devkitpro/devkitARM/lib/gcc/arm-none-eabi/10.1.0/../../../../arm-none-eabi/lib/thumb/libc.a
LOAD /opt/devkitpro/devkitARM/lib/gcc/arm-none-eabi/10.1.0/../../../../arm-none-eabi/lib/thumb/libsysbase.a
END GROUP
LOAD /opt/devkitpro/devkitARM/lib/gcc/arm-none-eabi/10.1.0/thumb/crtend.o
LOAD /opt/devkitpro/devkitARM/lib/gcc/arm-none-eabi/10.1.0/thumb/crtn.o
OUTPUT(/opt/devkitpro/examples/gba/graphics/PCXView/PCXView.elf elf32-littlearm)

.debug_ranges   0x0000000000000000      0x118
 .debug_ranges  0x0000000000000000       0x30 pcx_view.o
 .debug_ranges  0x0000000000000030       0x28 /opt/devkitpro/libgba/lib/libgba.a(pcx.o)
 .debug_ranges  0x0000000000000058       0x70 /opt/devkitpro/libgba/lib/libgba.a(interrupt.o)
 .debug_ranges  0x00000000000000c8       0x50 /opt/devkitpro/libgba/lib/libgba.a(fade.o)
