Archive member included to satisfy reference by file (symbol)

/opt/devkitpro/libtonc/lib/libtonc.a(tonc_oam.o)
                              main.o (oam_init)
/opt/devkitpro/libtonc/lib/libtonc.a(tonc_input.o)
                              main.o (key_poll)
/opt/devkitpro/libtonc/lib/libtonc.a(tte_main.o)
                              main.o (tte_erase_screen)
/opt/devkitpro/libtonc/lib/libtonc.a(tte_iohook.o)
                              main.o (tte_init_con)
/opt/devkitpro/libtonc/lib/libtonc.a(tte_init_se.o)
                              main.o (tte_init_se)
/opt/devkitpro/libtonc/lib/libtonc.a(tonc_bios.o)
                              /opt/devkitpro/libtonc/lib/libtonc.a(tonc_input.o) (VBlankIntrWait)
/opt/devkitpro/libtonc/lib/libtonc.a(tonc_memcpy.o)
                              main.o (memcpy32)
/opt/devkitpro/libtonc/lib/libtonc.a(tonc_bios_ex.o)
                              /opt/devkitpro/libtonc/lib/libtonc.a(tte_main.o) (VBlankIntrDelay)
/opt/devkitpro/libtonc/lib/libtonc.a(tonc_nocash.o)
                              /opt/devkitpro/libtonc/lib/libtonc.a(tte_iohook.o) (nocash_message)
/opt/devkitpro/libtonc/lib/libtonc.a(sys8.o)
                              main.o (sys8Font)
/opt/devkitpro/libtonc/lib/libtonc.a(tonc_surface.o)
                              /opt/devkitpro/libtonc/lib/libtonc.a(tte_init_se.o) (srf_init)
/opt/devkitpro/libtonc/lib/libtonc.a(se_drawg.o)
                              /opt/devkitpro/libtonc/lib/libtonc.a(tte_init_se.o) (se_erase)
/opt/devkitpro/libtonc/lib/libtonc.a(tonc_sbmp16.o)
                              /opt/devkitpro/libtonc/lib/libtonc.a(se_drawg.o) (sbmp16_rect)
/opt/devkitpro/libtonc/lib/libtonc.a(tonc_memset.o)
                              /opt/devkitpro/libtonc/lib/libtonc.a(tonc_sbmp16.o) (memset16)
/opt/devkitpro/devkitARM/lib/gcc/arm-none-eabi/10.1.0/thumb/libgcc.a(_udivsi3.o)
                              main.o (__aeabi_uidivmod)
/opt/devkitpro/devkitARM/lib/gcc/arm-none-eabi/10.1.0/thumb/libgcc.a(_divsi3.o)
                              /opt/devkitpro/libtonc/lib/libtonc.a(tte_main.o) (__aeabi_idiv)
/opt/devkitpro/devkitARM/lib/gcc/arm-none-eabi/10.1.0/thumb/libgcc.a(_dvmd_tls.o)
                              /opt/devkitpro/devkitARM/lib/gcc/arm-none-eabi/10.1.0/thumb/libgcc.a(_udivsi3.o) (__aeabi_idiv0)
/opt/devkitpro/devkitARM/lib/gcc/arm-none-eabi/10.1.0/../../../../arm-none-eabi/lib/thumb/libg.a(lib_a-ctype_.o)
                              /opt/devkitpro/libtonc/lib/libtonc.a(tte_main.o) (_ctype_)
/opt/devkitpro/devkitARM/lib/gcc/arm-none-eabi/10.1.0/../../../../arm-none-eabi/lib/thumb/libg.a(lib_a-init.o)
                              /opt/devkitpro/devkitARM/lib/gcc/arm-none-eabi/10.1.0/../../../../arm-none-eabi/lib/thumb/gba_crt0.o (__libc_init_array)
/opt/devkitpro/devkitARM/lib/gcc/arm-none-eabi/10.1.0/../../../../arm-none-eabi/lib/thumb/libg.a(lib_a-iprintf.o)
                              main.o (iprintf)
/opt/devkitpro/devkitARM/lib/gcc/arm-none-eabi/10.1.0/../../../../arm-none-eabi/lib/thumb/libg.a(lib_a-memcpy-stub.o)
                              main.o (memcpy)
/opt/devkitpro/devkitARM/lib/gcc/arm-none-eabi/10.1.0/../../../../arm-none-eabi/lib/thumb/libg.a(lib_a-memset.o)
                              main.o (memset)
/opt/devkitpro/devkitARM/lib/gcc/arm-none-eabi/10.1.0/../../../../arm-none-eabi/lib/thumb/libg.a(lib_a-setvbuf.o)
                              /opt/devkitpro/libtonc/lib/libtonc.a(tte_iohook.o) (setvbuf)
/opt/devkitpro/devkitARM/lib/gcc/arm-none-eabi/10.1.0/../../../../arm-none-eabi/lib/thumb/libg.a(lib_a-siscanf.o)
                              /opt/devkitpro/libtonc/lib/libtonc.a(tte_iohook.o) (siscanf)
/opt/devkitpro/devkitARM/lib/gcc/arm-none-eabi/10.1.0/../../../../arm-none-eabi/lib/thumb/libg.a(lib_a-stdio.o)
                              /opt/devkitpro/devkitARM/lib/gcc/arm-none-eabi/10.1.0/../../../../arm-none-eabi/lib/thumb/libg.a(lib_a-siscanf.o) (__seofread)
/opt/devkitpro/devkitARM/lib/gcc/arm-none-eabi/10.1.0/../../../../arm-none-eabi/lib/thumb/libg.a(lib_a-strlen-stub.o)
                              /opt/devkitpro/devkitARM/lib/gcc/arm-none-eabi/10.1.0/../../../../arm-none-eabi/lib/thumb/libg.a(lib_a-siscanf.o) (strlen)
/opt/devkitpro/devkitARM/lib/gcc/arm-none-eabi/10.1.0/../../../../arm-none-eabi/lib/thumb/libg.a(lib_a-strncpy.o)
                              /opt/devkitpro/libtonc/lib/libtonc.a(tte_iohook.o) (strncpy)
/opt/devkitpro/devkitARM/lib/gcc/arm-none-eabi/10.1.0/../../../../arm-none-eabi/lib/thumb/libg.a(lib_a-strtol.o)
                              /opt/devkitpro/libtonc/lib/libtonc.a(tte_main.o) (strtol)
/opt/devkitpro/devkitARM/lib/gcc/arm-none-eabi/10.1.0/../../../../arm-none-eabi/lib/thumb/libg.a(lib_a-svfiscanf.o)
                              /opt/devkitpro/devkitARM/lib/gcc/arm-none-eabi/10.1.0/../../../../arm-none-eabi/lib/thumb/libg.a(lib_a-siscanf.o) (__ssvfiscanf_r)
[...]
Memory Configuration

Name             Origin             Length             Attributes
rom              0x0000000008000000 0x0000000002000000
iwram            0x0000000003000000 0x0000000000008000
ewram            0x0000000002000000 0x0000000000040000
*default*        0x0000000000000000 0xffffffffffffffff

Linker script and memory map

                0x0000000008000000                __text_start = ORIGIN (rom)
                0x0000000002040000                __eheap_end = (ORIGIN (ewram) + LENGTH (ewram))
                0x0000000003000000                __iwram_start = ORIGIN (iwram)
                0x0000000003008000                __iwram_top = (ORIGIN (iwram) + LENGTH (iwram))
                0x0000000003007fa0                __sp_irq = (__iwram_top - 0x60)
                0x0000000003007f00                __sp_usr = (__sp_irq - 0xa0)
                0x0000000003007ff8                __irq_flags = 0x3007ff8
                0x0000000008000000                . = __text_start

.crt0           0x0000000008000000      0x210
 *(.crt0)
 .crt0          0x0000000008000000      0x210 /opt/devkitpro/devkitARM/lib/gcc/arm-none-eabi/10.1.0/../../../../arm-none-eabi/lib/thumb/gba_crt0.o
                0x0000000008000000                _start
                0x00000000080000c4                __boot_method
                0x00000000080000c5                __slave_number
                0x00000000080000e0                start_vector
                0x0000000008000210                . = ALIGN (0x4)

.init           0x0000000008000210        0xc
 *(SORT_NONE(.init))
 .init          0x0000000008000210        0x4 /opt/devkitpro/devkitARM/lib/gcc/arm-none-eabi/10.1.0/thumb/crti.o
                0x0000000008000210                _init
 .init          0x0000000008000214        0x8 /opt/devkitpro/devkitARM/lib/gcc/arm-none-eabi/10.1.0/thumb/crtn.o

.plt            0x000000000800021c        0x0
 *(.plt)
                0x000000000800021c                . = ALIGN (0x4)

.text           0x0000000008000220     0x8f70
 *(EXCLUDE_FILE(*.iwram*) .text*)
 .text.deregister_tm_clones
                0x0000000008000220       0x2c /opt/devkitpro/devkitARM/lib/gcc/arm-none-eabi/10.1.0/thumb/crtbegin.o
 .text.register_tm_clones
                0x000000000800024c       0x34 /opt/devkitpro/devkitARM/lib/gcc/arm-none-eabi/10.1.0/thumb/crtbegin.o
 .text.__do_global_dtors_aux
                0x0000000008000280       0x30 /opt/devkitpro/devkitARM/lib/gcc/arm-none-eabi/10.1.0/thumb/crtbegin.o
 .text.frame_dummy
                0x00000000080002b0       0x28 /opt/devkitpro/devkitARM/lib/gcc/arm-none-eabi/10.1.0/thumb/crtbegin.o
 .text          0x00000000080002d8      0x508 main.o
                0x00000000080002d8                juni_move
                0x00000000080003dc                intro
                0x00000000080004b4                decrypt_flag
                0x0000000008000530                you_won
                0x0000000008000590                init_bg
                0x00000000080005ec                process_cheatcode
                0x00000000080006b0                init_player
                0x00000000080006e0                game_loop
 .text.startup  0x00000000080007e0        0xc main.o
                0x00000000080007e0                main
 .text          0x00000000080007ec       0xbc /opt/devkitpro/libtonc/lib/libtonc.a(tonc_oam.o)
                0x00000000080007ec                oam_init
                0x0000000008000834                obj_copy
                0x0000000008000854                obj_hide_multi
                0x000000000800087c                obj_unhide_multi
 .text          0x00000000080008a8       0xa8 /opt/devkitpro/libtonc/lib/libtonc.a(tonc_input.o)
                0x00000000080008a8                key_poll
                0x00000000080008fc                key_wait_till_hit
                0x0000000008000920                key_repeat
                0x000000000800092c                key_repeat_mask
                0x000000000800093c                key_repeat_limits
 .text          0x0000000008000950      0x958 /opt/devkitpro/libtonc/lib/libtonc.a(tte_main.o)
                0x0000000008000950                dummy_drawg
                0x0000000008000954                dummy_erase
                0x0000000008000958                tte_set_context
                0x0000000008000970                tte_set_color_attr
                0x0000000008000980                tte_set_color_attrs
                0x000000000800099c                tte_set_color
                0x00000000080009bc                tte_set_colors
                0x00000000080009fc                tte_init_base
                0x0000000008000a90                utf8_decode_char
                0x0000000008000b44                tte_cmd_skip
                0x0000000008000b54                tte_cmd_next
                0x0000000008000b8c                tte_putc
                0x0000000008000bdc                tte_erase_rect
                0x0000000008000bf8                tte_erase_screen
                0x0000000008000c1c                tte_erase_line
                0x0000000008000c44                tte_cmd_default
                0x0000000008001098                tte_write
                0x0000000008001184                tte_write_ex
                0x00000000080011b4                tte_get_text_size
                0x0000000008001288                tte_set_margins
 .text          0x00000000080012a8      0x354 /opt/devkitpro/libtonc/lib/libtonc.a(tte_iohook.o)
                0x00000000080012a8                tte_con_nocash
                0x0000000008001314                tte_init_con
                0x0000000008001358                tte_cmd_vt100
                0x00000000080014b0                tte_con_write
 .text          0x00000000080015fc      0x164 /opt/devkitpro/libtonc/lib/libtonc.a(tte_init_se.o)
                0x00000000080015fc                tte_init_se
 .text          0x0000000008001760       0x8c /opt/devkitpro/libtonc/lib/libtonc.a(tonc_bios.o)
                0x0000000008001760                SoftReset
                0x0000000008001764                RegisterRamReset
                0x0000000008001768                Halt
                0x000000000800176c                Stop
                0x0000000008001770                IntrWait
                0x0000000008001774                VBlankIntrWait
                0x0000000008001778                Div
                0x000000000800177c                DivArm
                0x0000000008001780                Sqrt
                0x0000000008001784                ArcTan
                0x0000000008001788                ArcTan2
                0x000000000800178c                CpuSet
                0x0000000008001790                CpuFastSet
                0x0000000008001794                BiosCheckSum
                0x0000000008001798                BgAffineSet
                0x000000000800179c                ObjAffineSet
                0x00000000080017a0                BitUnPack
                0x00000000080017a4                LZ77UnCompWram
                0x00000000080017a8                LZ77UnCompVram
                0x00000000080017ac                HuffUnComp
                0x00000000080017b0                RLUnCompWram
                0x00000000080017b4                RLUnCompVram
                0x00000000080017b8                Diff8bitUnFilterWram
                0x00000000080017bc                Diff8bitUnFilterVram
                0x00000000080017c0                Diff16bitUnFilter
                0x00000000080017c4                SoundBias
                0x00000000080017c8                SoundDriverInit
                0x00000000080017cc                SoundDriverMode
                0x00000000080017d0                SoundDriverMain
                0x00000000080017d4                SoundDriverVSync
                0x00000000080017d8                SoundChannelClear
                0x00000000080017dc                MidiKey2Freq
                0x00000000080017e0                MultiBoot
                0x00000000080017e4                SoundDriverVSyncOff
                0x00000000080017e8                SoundDriverVSyncOn
 .text          0x00000000080017ec       0x44 /opt/devkitpro/libtonc/lib/libtonc.a(tonc_memcpy.o)
                0x00000000080017ec                memcpy16
 .text          0x0000000008001830       0x54 /opt/devkitpro/libtonc/lib/libtonc.a(tonc_bios_ex.o)
                0x0000000008001830                VBlankIntrDelay
                0x0000000008001840                DivSafe
                0x0000000008001854                Mod
                0x000000000800185c                DivAbs
                0x0000000008001864                DivArmMod
                0x000000000800186c                DivArmAbs
                0x0000000008001874                CpuFastFill
 .text          0x0000000008001884      0x16c /opt/devkitpro/libtonc/lib/libtonc.a(tonc_surface.o)
                0x0000000008001884                srf_init
                0x000000000800194c                srf_pal_copy
                0x0000000008001974                srf_get_ptr
 .text          0x00000000080019f0      0x174 /opt/devkitpro/libtonc/lib/libtonc.a(se_drawg.o)
                0x00000000080019f0                se_erase
                0x0000000008001a1c                se_drawg_w8h8
                0x0000000008001a4c                se_drawg_w8h16
                0x0000000008001a8c                se_drawg
                0x0000000008001af8                se_drawg_s
 .text          0x0000000008001b64      0x4cc /opt/devkitpro/libtonc/lib/libtonc.a(tonc_sbmp16.o)
                0x0000000008001b64                sbmp16_get_pixel
                0x0000000008001b74                sbmp16_plot
                0x0000000008001b88                sbmp16_vline
                0x0000000008001bc0                sbmp16_line
                0x0000000008001c7c                sbmp16_hline
                0x0000000008001cac                sbmp16_blit
                0x0000000008001df4                sbmp16_rect
                0x0000000008001e60                sbmp16_frame
                0x0000000008001ef0                sbmp16_floodfill_internal
                0x0000000008002004                sbmp16_floodfill
 .text          0x0000000008002030       0x3c /opt/devkitpro/libtonc/lib/libtonc.a(tonc_memset.o)
                0x0000000008002030                memset16
 .text          0x000000000800206c      0x11c /opt/devkitpro/devkitARM/lib/gcc/arm-none-eabi/10.1.0/thumb/libgcc.a(_udivsi3.o)
                0x000000000800206c                __udivsi3
                0x000000000800206c                __aeabi_uidiv
                0x0000000008002168                __aeabi_uidivmod
 .text          0x0000000008002188      0x150 /opt/devkitpro/devkitARM/lib/gcc/arm-none-eabi/10.1.0/thumb/libgcc.a(_divsi3.o)
                0x0000000008002188                __aeabi_idiv
                0x0000000008002188                __divsi3
                0x00000000080022b8                __aeabi_idivmod
 .text          0x00000000080022d8        0x4 /opt/devkitpro/devkitARM/lib/gcc/arm-none-eabi/10.1.0/thumb/libgcc.a(_dvmd_tls.o)
                0x00000000080022d8                __aeabi_ldiv0
                0x00000000080022d8                __aeabi_idiv0
 .text.__libc_init_array
                0x00000000080022dc       0x50 /opt/devkitpro/devkitARM/lib/gcc/arm-none-eabi/10.1.0/../../../../arm-none-eabi/lib/thumb/libg.a(lib_a-init.o)
                0x00000000080022dc                __libc_init_array
 .text.iprintf  0x000000000800232c       0x24 /opt/devkitpro/devkitARM/lib/gcc/arm-none-eabi/10.1.0/../../../../arm-none-eabi/lib/thumb/libg.a(lib_a-iprintf.o)
                0x000000000800232c                iprintf
 .text.memcpy   0x0000000008002350       0xa8 /opt/devkitpro/devkitARM/lib/gcc/arm-none-eabi/10.1.0/../../../../arm-none-eabi/lib/thumb/libg.a(lib_a-memcpy-stub.o)
                0x0000000008002350                memcpy
 .text.memset   0x00000000080023f8       0xb0 /opt/devkitpro/devkitARM/lib/gcc/arm-none-eabi/10.1.0/../../../../arm-none-eabi/lib/thumb/libg.a(lib_a-memset.o)
                0x00000000080023f8                memset
 .text.setvbuf  0x00000000080024a8      0x1ac /opt/devkitpro/devkitARM/lib/gcc/arm-none-eabi/10.1.0/../../../../arm-none-eabi/lib/thumb/libg.a(lib_a-setvbuf.o)
                0x00000000080024a8                setvbuf
 .text.siscanf  0x0000000008002654       0x4c /opt/devkitpro/devkitARM/lib/gcc/arm-none-eabi/10.1.0/../../../../arm-none-eabi/lib/thumb/libg.a(lib_a-siscanf.o)
                0x0000000008002654                siscanf
 .text.__sread  0x00000000080026a0       0x34 /opt/devkitpro/devkitARM/lib/gcc/arm-none-eabi/10.1.0/../../../../arm-none-eabi/lib/thumb/libg.a(lib_a-stdio.o)
                0x00000000080026a0                __sread
 .text.__seofread
                0x00000000080026d4        0x4 /opt/devkitpro/devkitARM/lib/gcc/arm-none-eabi/10.1.0/../../../../arm-none-eabi/lib/thumb/libg.a(lib_a-stdio.o)
                0x00000000080026d4                __seofread
 .text.__swrite
                0x00000000080026d8       0x54 /opt/devkitpro/devkitARM/lib/gcc/arm-none-eabi/10.1.0/../../../../arm-none-eabi/lib/thumb/libg.a(lib_a-stdio.o)
                0x00000000080026d8                __swrite
 .text.__sseek  0x000000000800272c       0x40 /opt/devkitpro/devkitARM/lib/gcc/arm-none-eabi/10.1.0/../../../../arm-none-eabi/lib/thumb/libg.a(lib_a-stdio.o)
                0x000000000800272c                __sseek
 .text.__sclose
                0x000000000800276c       0x10 /opt/devkitpro/devkitARM/lib/gcc/arm-none-eabi/10.1.0/../../../../arm-none-eabi/lib/thumb/libg.a(lib_a-stdio.o)
                0x000000000800276c                __sclose
 .text.strlen   0x000000000800277c       0x60 /opt/devkitpro/devkitARM/lib/gcc/arm-none-eabi/10.1.0/../../../../arm-none-eabi/lib/thumb/libg.a(lib_a-strlen-stub.o)
                0x000000000800277c                strlen
 .text.strncpy  0x00000000080027dc       0x74 /opt/devkitpro/devkitARM/lib/gcc/arm-none-eabi/10.1.0/../../../../arm-none-eabi/lib/thumb/libg.a(lib_a-strncpy.o)
                0x00000000080027dc                strncpy
 .text._strtol_l.part.0
                0x0000000008002850      0x150 /opt/devkitpro/devkitARM/lib/gcc/arm-none-eabi/10.1.0/../../../../arm-none-eabi/lib/thumb/libg.a(lib_a-strtol.o)
 .text._strtol_r
                0x00000000080029a0       0x20 /opt/devkitpro/devkitARM/lib/gcc/arm-none-eabi/10.1.0/../../../../arm-none-eabi/lib/thumb/libg.a(lib_a-strtol.o)
                0x00000000080029a0                _strtol_r
 .text.strtol   0x00000000080029c0       0x30 /opt/devkitpro/devkitARM/lib/gcc/arm-none-eabi/10.1.0/../../../../arm-none-eabi/lib/thumb/libg.a(lib_a-strtol.o)
                0x00000000080029c0                strtol
 .text.get_arg  0x00000000080029f0       0x32 /opt/devkitpro/devkitARM/lib/gcc/arm-none-eabi/10.1.0/../../../../arm-none-eabi/lib/thumb/libg.a(lib_a-svfiscanf.o)
 .text._sungetc_r
                0x0000000008002a22       0x7e /opt/devkitpro/devkitARM/lib/gcc/arm-none-eabi/10.1.0/../../../../arm-none-eabi/lib/thumb/libg.a(lib_a-svfiscanf.o)
                0x0000000008002a22                _sungetc_r
 .text.__ssrefill_r
                0x0000000008002aa0       0x42 /opt/devkitpro/devkitARM/lib/gcc/arm-none-eabi/10.1.0/../../../../arm-none-eabi/lib/thumb/libg.a(lib_a-svfiscanf.o)
                0x0000000008002aa0                __ssrefill_r
 .text._sfread_r
                0x0000000008002ae2       0x8a /opt/devkitpro/devkitARM/lib/gcc/arm-none-eabi/10.1.0/../../../../arm-none-eabi/lib/thumb/libg.a(lib_a-svfiscanf.o)
                0x0000000008002ae2                _sfread_r
 .text.__ssvfiscanf_r
                0x0000000008002b6c     0x1b6c /opt/devkitpro/devkitARM/lib/gcc/arm-none-eabi/10.1.0/../../../../arm-none-eabi/lib/thumb/libg.a(lib_a-svfiscanf.o)
                0x0000000008002b6c                __ssvfiscanf_r
 .text.__submore
                0x00000000080046d8       0x88 /opt/devkitpro/devkitARM/lib/gcc/arm-none-eabi/10.1.0/../../../../arm-none-eabi/lib/thumb/libg.a(lib_a-ungetc.o)
                0x00000000080046d8                __submore
 .text.get_arg  0x0000000008004760      0x3f0 /opt/devkitpro/devkitARM/lib/gcc/arm-none-eabi/10.1.0/../../../../arm-none-eabi/lib/thumb/libg.a(lib_a-vfiprintf.o)
 .text.__sprint_r
                0x0000000008004b50       0x20 /opt/devkitpro/devkitARM/lib/gcc/arm-none-eabi/10.1.0/../../../../arm-none-eabi/lib/thumb/libg.a(lib_a-vfiprintf.o)
                0x0000000008004b50                __sprint_r
 .text._vfiprintf_r
                0x0000000008004b70     0x1800 /opt/devkitpro/devkitARM/lib/gcc/arm-none-eabi/10.1.0/../../../../arm-none-eabi/lib/thumb/libg.a(lib_a-vfiprintf.o)
                0x0000000008004b70                _vfiprintf_r
 .text.__sbprintf
                0x0000000008006370       0x8c /opt/devkitpro/devkitARM/lib/gcc/arm-none-eabi/10.1.0/../../../../arm-none-eabi/lib/thumb/libg.a(lib_a-vfiprintf.o)
 .text._wcrtomb_r
                0x00000000080063fc       0x5c /opt/devkitpro/devkitARM/lib/gcc/arm-none-eabi/10.1.0/../../../../arm-none-eabi/lib/thumb/libg.a(lib_a-wcrtomb.o)
                0x00000000080063fc                _wcrtomb_r
 .text._wcsrtombs_r
                0x0000000008006458       0x1c /opt/devkitpro/devkitARM/lib/gcc/arm-none-eabi/10.1.0/../../../../arm-none-eabi/lib/thumb/libg.a(lib_a-wcsrtombs.o)
                0x0000000008006458                _wcsrtombs_r
 .text.__swsetup_r
                0x0000000008006474       0xe4 /opt/devkitpro/devkitARM/lib/gcc/arm-none-eabi/10.1.0/../../../../arm-none-eabi/lib/thumb/libg.a(lib_a-wsetup.o)
                0x0000000008006474                __swsetup_r
 .text.__errno  0x0000000008006558        0xc /opt/devkitpro/devkitARM/lib/gcc/arm-none-eabi/10.1.0/../../../../arm-none-eabi/lib/thumb/libg.a(lib_a-errno.o)
                0x0000000008006558                __errno
 .text.__sflush_r
                0x0000000008006564      0x1c0 /opt/devkitpro/devkitARM/lib/gcc/arm-none-eabi/10.1.0/../../../../arm-none-eabi/lib/thumb/libg.a(lib_a-fflush.o)
                0x0000000008006564                __sflush_r
 .text._fflush_r
                0x0000000008006724       0x70 /opt/devkitpro/devkitARM/lib/gcc/arm-none-eabi/10.1.0/../../../../arm-none-eabi/lib/thumb/libg.a(lib_a-fflush.o)
                0x0000000008006724                _fflush_r
 .text._cleanup_r
                0x0000000008006794       0x14 /opt/devkitpro/devkitARM/lib/gcc/arm-none-eabi/10.1.0/../../../../arm-none-eabi/lib/thumb/libg.a(lib_a-findfp.o)
                0x0000000008006794                _cleanup_r
 .text.__sinit  0x00000000080067a8      0x124 /opt/devkitpro/devkitARM/lib/gcc/arm-none-eabi/10.1.0/../../../../arm-none-eabi/lib/thumb/libg.a(lib_a-findfp.o)
                0x00000000080067a8                __sinit
 .text.__sfp_lock_acquire
                0x00000000080068cc       0x14 /opt/devkitpro/devkitARM/lib/gcc/arm-none-eabi/10.1.0/../../../../arm-none-eabi/lib/thumb/libg.a(lib_a-findfp.o)
                0x00000000080068cc                __sfp_lock_acquire
 .text.__sfp_lock_release
                0x00000000080068e0       0x14 /opt/devkitpro/devkitARM/lib/gcc/arm-none-eabi/10.1.0/../../../../arm-none-eabi/lib/thumb/libg.a(lib_a-findfp.o)
                0x00000000080068e0                __sfp_lock_release
 .text._malloc_trim_r
                0x00000000080068f4       0xa0 /opt/devkitpro/devkitARM/lib/gcc/arm-none-eabi/10.1.0/../../../../arm-none-eabi/lib/thumb/libg.a(lib_a-freer.o)
                0x00000000080068f4                _malloc_trim_r
 .text._free_r  0x0000000008006994      0x1e0 /opt/devkitpro/devkitARM/lib/gcc/arm-none-eabi/10.1.0/../../../../arm-none-eabi/lib/thumb/libg.a(lib_a-freer.o)
                0x0000000008006994                _free_r
 .text.__sfvwrite_r
                0x0000000008006b74      0x324 /opt/devkitpro/devkitARM/lib/gcc/arm-none-eabi/10.1.0/../../../../arm-none-eabi/lib/thumb/libg.a(lib_a-fvwrite.o)
                0x0000000008006b74                __sfvwrite_r
 .text._fwalk_reent
                0x0000000008006e98       0x50 /opt/devkitpro/devkitARM/lib/gcc/arm-none-eabi/10.1.0/../../../../arm-none-eabi/lib/thumb/libg.a(lib_a-fwalk.o)
                0x0000000008006e98                _fwalk_reent
 .text.iswspace
                0x0000000008006ee8       0x10 /opt/devkitpro/devkitARM/lib/gcc/arm-none-eabi/10.1.0/../../../../arm-none-eabi/lib/thumb/libg.a(lib_a-iswspace.o)
                0x0000000008006ee8                iswspace
 .text._localeconv_r
                0x0000000008006ef8        0x8 /opt/devkitpro/devkitARM/lib/gcc/arm-none-eabi/10.1.0/../../../../arm-none-eabi/lib/thumb/libg.a(lib_a-localeconv.o)
                0x0000000008006ef8                _localeconv_r
 .text.__locale_mb_cur_max
                0x0000000008006f00       0x10 /opt/devkitpro/devkitARM/lib/gcc/arm-none-eabi/10.1.0/../../../../arm-none-eabi/lib/thumb/libg.a(lib_a-locale.o)
                0x0000000008006f00                __locale_mb_cur_max
 .text.__smakebuf_r
                0x0000000008006f10       0xec /opt/devkitpro/devkitARM/lib/gcc/arm-none-eabi/10.1.0/../../../../arm-none-eabi/lib/thumb/libg.a(lib_a-makebuf.o)
                0x0000000008006f10                __smakebuf_r
 .text.__swhatbuf_r
                0x0000000008006ffc       0x64 /opt/devkitpro/devkitARM/lib/gcc/arm-none-eabi/10.1.0/../../../../arm-none-eabi/lib/thumb/libg.a(lib_a-makebuf.o)
                0x0000000008006ffc                __swhatbuf_r
 .text.malloc   0x0000000008007060       0x14 /opt/devkitpro/devkitARM/lib/gcc/arm-none-eabi/10.1.0/../../../../arm-none-eabi/lib/thumb/libg.a(lib_a-malloc.o)
                0x0000000008007060                malloc
 .text.free     0x0000000008007074       0x14 /opt/devkitpro/devkitARM/lib/gcc/arm-none-eabi/10.1.0/../../../../arm-none-eabi/lib/thumb/libg.a(lib_a-malloc.o)
                0x0000000008007074                free
 .text._malloc_r
                0x0000000008007088      0x59c /opt/devkitpro/devkitARM/lib/gcc/arm-none-eabi/10.1.0/../../../../arm-none-eabi/lib/thumb/libg.a(lib_a-mallocr.o)
                0x0000000008007088                _malloc_r
 .text._mbrtowc_r
                0x0000000008007624       0x60 /opt/devkitpro/devkitARM/lib/gcc/arm-none-eabi/10.1.0/../../../../arm-none-eabi/lib/thumb/libg.a(lib_a-mbrtowc.o)
                0x0000000008007624                _mbrtowc_r
 .text.__utf8_mbtowc
                0x0000000008007684      0x280 /opt/devkitpro/devkitARM/lib/gcc/arm-none-eabi/10.1.0/../../../../arm-none-eabi/lib/thumb/libg.a(lib_a-mbtowc_r.o)
                0x0000000008007684                __utf8_mbtowc
 .text.memchr   0x0000000008007904       0x78 /opt/devkitpro/devkitARM/lib/gcc/arm-none-eabi/10.1.0/../../../../arm-none-eabi/lib/thumb/libg.a(lib_a-memchr-stub.o)
                0x0000000008007904                memchr
 .text.memmove  0x000000000800797c       0xbc /opt/devkitpro/devkitARM/lib/gcc/arm-none-eabi/10.1.0/../../../../arm-none-eabi/lib/thumb/libg.a(lib_a-memmove.o)
                0x000000000800797c                memmove
 .text.__malloc_lock
                0x0000000008007a38       0x14 /opt/devkitpro/devkitARM/lib/gcc/arm-none-eabi/10.1.0/../../../../arm-none-eabi/lib/thumb/libg.a(lib_a-mlock.o)
                0x0000000008007a38                __malloc_lock
 .text.__malloc_unlock
                0x0000000008007a4c       0x14 /opt/devkitpro/devkitARM/lib/gcc/arm-none-eabi/10.1.0/../../../../arm-none-eabi/lib/thumb/libg.a(lib_a-mlock.o)
                0x0000000008007a4c                __malloc_unlock
 .text.realloc  0x0000000008007a60       0x18 /opt/devkitpro/devkitARM/lib/gcc/arm-none-eabi/10.1.0/../../../../arm-none-eabi/lib/thumb/libg.a(lib_a-realloc.o)
                0x0000000008007a60                realloc
 .text._realloc_r
                0x0000000008007a78      0x38c /opt/devkitpro/devkitARM/lib/gcc/arm-none-eabi/10.1.0/../../../../arm-none-eabi/lib/thumb/libg.a(lib_a-reallocr.o)
                0x0000000008007a78                _realloc_r
 .text.__sccl   0x0000000008007e04       0x90 /opt/devkitpro/devkitARM/lib/gcc/arm-none-eabi/10.1.0/../../../../arm-none-eabi/lib/thumb/libg.a(lib_a-sccl.o)
                0x0000000008007e04                __sccl
 .text          0x0000000008007e94      0x224 /opt/devkitpro/devkitARM/lib/gcc/arm-none-eabi/10.1.0/../../../../arm-none-eabi/lib/thumb/libg.a(lib_a-strcmp.o)
                0x0000000008007e94                strcmp
 .text._strtoll_l.constprop.0
                0x00000000080080b8      0x1ac /opt/devkitpro/devkitARM/lib/gcc/arm-none-eabi/10.1.0/../../../../arm-none-eabi/lib/thumb/libg.a(lib_a-strtoll.o)
 .text._strtoll_r
                0x0000000008008264        0xc /opt/devkitpro/devkitARM/lib/gcc/arm-none-eabi/10.1.0/../../../../arm-none-eabi/lib/thumb/libg.a(lib_a-strtoll.o)
                0x0000000008008264                _strtoll_r
 .text._strtoull_l.constprop.0
                0x0000000008008270      0x1c8 /opt/devkitpro/devkitARM/lib/gcc/arm-none-eabi/10.1.0/../../../../arm-none-eabi/lib/thumb/libg.a(lib_a-strtoull.o)
 .text._strtoull_r
                0x0000000008008438        0xc /opt/devkitpro/devkitARM/lib/gcc/arm-none-eabi/10.1.0/../../../../arm-none-eabi/lib/thumb/libg.a(lib_a-strtoull.o)
                0x0000000008008438                _strtoull_r
 .text._strtoul_l.constprop.0
                0x0000000008008444      0x148 /opt/devkitpro/devkitARM/lib/gcc/arm-none-eabi/10.1.0/../../../../arm-none-eabi/lib/thumb/libg.a(lib_a-strtoul.o)
 .text._strtoul_r
                0x000000000800858c        0xc /opt/devkitpro/devkitARM/lib/gcc/arm-none-eabi/10.1.0/../../../../arm-none-eabi/lib/thumb/libg.a(lib_a-strtoul.o)
                0x000000000800858c                _strtoul_r
 .text._wcsnrtombs_l
                0x0000000008008598      0x138 /opt/devkitpro/devkitARM/lib/gcc/arm-none-eabi/10.1.0/../../../../arm-none-eabi/lib/thumb/libg.a(lib_a-wcsnrtombs.o)
                0x0000000008008598                _wcsnrtombs_l
 .text._wcsnrtombs_r
                0x00000000080086d0       0x30 /opt/devkitpro/devkitARM/lib/gcc/arm-none-eabi/10.1.0/../../../../arm-none-eabi/lib/thumb/libg.a(lib_a-wcsnrtombs.o)
                0x00000000080086d0                _wcsnrtombs_r
 .text.__utf8_wctomb
                0x0000000008008700       0xb4 /opt/devkitpro/devkitARM/lib/gcc/arm-none-eabi/10.1.0/../../../../arm-none-eabi/lib/thumb/libg.a(lib_a-wctomb_r.o)
                0x0000000008008700                __utf8_wctomb
 .text._fclose_r
                0x00000000080087b4       0xe8 /opt/devkitpro/devkitARM/lib/gcc/arm-none-eabi/10.1.0/../../../../arm-none-eabi/lib/thumb/libg.a(lib_a-fclose.o)
                0x00000000080087b4                _fclose_r
 .text.iswspace_l
                0x000000000800889c       0x2c /opt/devkitpro/devkitARM/lib/gcc/arm-none-eabi/10.1.0/../../../../arm-none-eabi/lib/thumb/libg.a(lib_a-iswspace_l.o)
                0x000000000800889c                iswspace_l
 .text.__jp2uc  0x00000000080088c8      0x164 /opt/devkitpro/devkitARM/lib/gcc/arm-none-eabi/10.1.0/../../../../arm-none-eabi/lib/thumb/libg.a(lib_a-jp2uc.o)
 .text._jp2uc_l
                0x0000000008008a2c       0x6c /opt/devkitpro/devkitARM/lib/gcc/arm-none-eabi/10.1.0/../../../../arm-none-eabi/lib/thumb/libg.a(lib_a-jp2uc.o)
                0x0000000008008a2c                _jp2uc_l
 .text.category
                0x0000000008008a98       0x54 /opt/devkitpro/devkitARM/lib/gcc/arm-none-eabi/10.1.0/../../../../arm-none-eabi/lib/thumb/libg.a(lib_a-categories.o)
                0x0000000008008a98                category
 .text.null_write
                0x0000000008008aec        0x4 /opt/devkitpro/devkitARM/lib/gcc/arm-none-eabi/10.1.0/../../../../arm-none-eabi/lib/thumb/libsysbase.a(iosupport.o)
 .text._fstat_r
                0x0000000008008af0       0x4c /opt/devkitpro/devkitARM/lib/gcc/arm-none-eabi/10.1.0/../../../../arm-none-eabi/lib/thumb/libsysbase.a(fstat.o)
                0x0000000008008af0                _fstat_r
 .text._isatty_r
                0x0000000008008b3c        0x4 /opt/devkitpro/devkitARM/lib/gcc/arm-none-eabi/10.1.0/../../../../arm-none-eabi/lib/thumb/libsysbase.a(isatty.o)
                0x0000000008008b3c                _isatty_r
 .text._lseek_r
                0x0000000008008b40       0x5c /opt/devkitpro/devkitARM/lib/gcc/arm-none-eabi/10.1.0/../../../../arm-none-eabi/lib/thumb/libsysbase.a(lseek.o)
                0x0000000008008b40                _lseek_r
 .text._read_r  0x0000000008008b9c       0x50 /opt/devkitpro/devkitARM/lib/gcc/arm-none-eabi/10.1.0/../../../../arm-none-eabi/lib/thumb/libsysbase.a(read.o)
                0x0000000008008b9c                _read_r
 .text._sbrk_r  0x0000000008008bec       0x54 /opt/devkitpro/devkitARM/lib/gcc/arm-none-eabi/10.1.0/../../../../arm-none-eabi/lib/thumb/libsysbase.a(sbrk.o)
                0x0000000008008bec                _sbrk_r
 .text._write_r
                0x0000000008008c40       0x50 /opt/devkitpro/devkitARM/lib/gcc/arm-none-eabi/10.1.0/../../../../arm-none-eabi/lib/thumb/libsysbase.a(write.o)
                0x0000000008008c40                _write_r
 .text.__flockfile
                0x0000000008008c90       0x10 /opt/devkitpro/devkitARM/lib/gcc/arm-none-eabi/10.1.0/../../../../arm-none-eabi/lib/thumb/libsysbase.a(flock.o)
                0x0000000008008c90                __flockfile
 .text.__funlockfile
                0x0000000008008ca0       0x10 /opt/devkitpro/devkitARM/lib/gcc/arm-none-eabi/10.1.0/../../../../arm-none-eabi/lib/thumb/libsysbase.a(flock.o)
                0x0000000008008ca0                __funlockfile
 .text.__libc_lock_acquire
                0x0000000008008cb0       0x1c /opt/devkitpro/devkitARM/lib/gcc/arm-none-eabi/10.1.0/../../../../arm-none-eabi/lib/thumb/libsysbase.a(syscall_support.o)
                0x0000000008008cb0                __libc_lock_acquire
 .text.__libc_lock_release
                0x0000000008008ccc       0x1c /opt/devkitpro/devkitARM/lib/gcc/arm-none-eabi/10.1.0/../../../../arm-none-eabi/lib/thumb/libsysbase.a(syscall_support.o)
                0x0000000008008ccc                __libc_lock_release
 .text.__libc_lock_init_recursive
                0x0000000008008ce8       0x1c /opt/devkitpro/devkitARM/lib/gcc/arm-none-eabi/10.1.0/../../../../arm-none-eabi/lib/thumb/libsysbase.a(syscall_support.o)
                0x0000000008008ce8                __libc_lock_init_recursive
 .text.__libc_lock_acquire_recursive
                0x0000000008008d04       0x1c /opt/devkitpro/devkitARM/lib/gcc/arm-none-eabi/10.1.0/../../../../arm-none-eabi/lib/thumb/libsysbase.a(syscall_support.o)
                0x0000000008008d04                __libc_lock_acquire_recursive
 .text.__libc_lock_release_recursive
                0x0000000008008d20       0x1c /opt/devkitpro/devkitARM/lib/gcc/arm-none-eabi/10.1.0/../../../../arm-none-eabi/lib/thumb/libsysbase.a(syscall_support.o)
                0x0000000008008d20                __libc_lock_release_recursive
 .text.__libc_lock_close_recursive
                0x0000000008008d3c       0x1c /opt/devkitpro/devkitARM/lib/gcc/arm-none-eabi/10.1.0/../../../../arm-none-eabi/lib/thumb/libsysbase.a(syscall_support.o)
                0x0000000008008d3c                __libc_lock_close_recursive
 .text.__get_handle
                0x0000000008008d58       0x34 /opt/devkitpro/devkitARM/lib/gcc/arm-none-eabi/10.1.0/../../../../arm-none-eabi/lib/thumb/libsysbase.a(handle_manager.o)
                0x0000000008008d58                __get_handle
 .text._close_r
                0x0000000008008d8c       0xb8 /opt/devkitpro/devkitARM/lib/gcc/arm-none-eabi/10.1.0/../../../../arm-none-eabi/lib/thumb/libsysbase.a(handle_manager.o)
                0x0000000008008d8c                _close_r
 .text.__getreent
                0x0000000008008e44       0x28 /opt/devkitpro/devkitARM/lib/gcc/arm-none-eabi/10.1.0/../../../../arm-none-eabi/lib/thumb/libsysbase.a(getreent.o)
                0x0000000008008e44                __getreent
 .text          0x0000000008008e6c       0x14 /opt/devkitpro/devkitARM/lib/gcc/arm-none-eabi/10.1.0/thumb/libgcc.a(_thumb1_case_uqi.o)
                0x0000000008008e6c                __gnu_thumb1_case_uqi
 .text          0x0000000008008e80       0x14 /opt/devkitpro/devkitARM/lib/gcc/arm-none-eabi/10.1.0/thumb/libgcc.a(_thumb1_case_uhi.o)
                0x0000000008008e80                __gnu_thumb1_case_uhi
 .text          0x0000000008008e94       0x3c /opt/devkitpro/devkitARM/lib/gcc/arm-none-eabi/10.1.0/thumb/libgcc.a(_aeabi_uldivmod.o)
                0x0000000008008e94                __aeabi_uldivmod
 .text.__muldi3
                0x0000000008008ed0       0x54 /opt/devkitpro/devkitARM/lib/gcc/arm-none-eabi/10.1.0/thumb/libgcc.a(_muldi3.o)
                0x0000000008008ed0                __aeabi_lmul
                0x0000000008008ed0                __muldi3
 .text.__udivmoddi4
                0x0000000008008f24      0x19c /opt/devkitpro/devkitARM/lib/gcc/arm-none-eabi/10.1.0/thumb/libgcc.a(_udivmoddi4.o)
                0x0000000008008f24                __udivmoddi4
 .text          0x00000000080090c0       0x28 /opt/devkitpro/devkitARM/lib/gcc/arm-none-eabi/10.1.0/thumb/libgcc.a(_clzdi2.o)
                0x00000000080090c0                __clzdi2
 .text          0x00000000080090e8       0x48 /opt/devkitpro/devkitARM/lib/gcc/arm-none-eabi/10.1.0/thumb/libgcc.a(_clzsi2.o)
                0x00000000080090e8                __clzsi2
 .text.__stub   0x0000000008009130       0x54 linker stubs
 *(.gnu.linkonce.t.*)
 *(.text.*personality*)
 *(.gnu.warning)
 *(.glue_7t)
 .glue_7t       0x0000000008009190        0x0 linker stubs
 *(.glue_7)
 .glue_7        0x0000000008009190        0x0 linker stubs
 *(.vfp11_veneer)
 .vfp11_veneer  0x0000000008009190        0x0 linker stubs
                0x0000000008009190                . = ALIGN (0x4)
                0x0000000008009190                __text_end = .

.v4_bx          0x0000000008009190        0x0
 .v4_bx         0x0000000008009190        0x0 linker stubs

.iplt           0x0000000008009190        0x0
 .iplt          0x0000000008009190        0x0 /opt/devkitpro/devkitARM/lib/gcc/arm-none-eabi/10.1.0/../../../../arm-none-eabi/lib/thumb/gba_crt0.o

.fini           0x0000000008009190        0xc
 *(.fini)
 .fini          0x0000000008009190        0x4 /opt/devkitpro/devkitARM/lib/gcc/arm-none-eabi/10.1.0/thumb/crti.o
                0x0000000008009190                _fini
 .fini          0x0000000008009194        0x8 /opt/devkitpro/devkitARM/lib/gcc/arm-none-eabi/10.1.0/thumb/crtn.o
                0x000000000800919c                . = ALIGN (0x4)

.rodata         0x000000000800919c     0x81d8
 *(.rodata)
 .rodata        0x000000000800919c      0xc20 tileset.o
                0x000000000800919c                tilesetPal
                0x000000000800939c                tilesetMap
                0x0000000008009b9c                tilesetTiles
 .rodata        0x0000000008009dbc      0x280 juni.o
                0x0000000008009dbc                juniPal
                0x0000000008009fbc                juniTiles
 .rodata        0x000000000800a03c      0x1f0 /opt/devkitpro/libtonc/lib/libtonc.a(tte_main.o)
 .rodata        0x000000000800a22c      0x1b4 /opt/devkitpro/libtonc/lib/libtonc.a(tte_iohook.o)
                0x000000000800a300                tte_dotab_stdout
                0x000000000800a370                tte_dotab_nocash
 .rodata        0x000000000800a3e0      0x318 /opt/devkitpro/libtonc/lib/libtonc.a(sys8.o)
                0x000000000800a3e0                sys8Font
                0x000000000800a3f8                sys8Glyphs
 .rodata        0x000000000800a6f8       0x1c /opt/devkitpro/libtonc/lib/libtonc.a(tonc_surface.o)
 *all.rodata*(*)
 *(.roda)
 *(.rodata.*)
 .rodata.str1.4
                0x000000000800a714      0x12f main.o
 *fill*         0x000000000800a843        0x1 ff
 .rodata.str1.4
                0x000000000800a844       0x3b /opt/devkitpro/libtonc/lib/libtonc.a(tte_iohook.o)
 *fill*         0x000000000800a87f        0x1 ff
 .rodata._ctype_
                0x000000000800a880      0x101 /opt/devkitpro/devkitARM/lib/gcc/arm-none-eabi/10.1.0/../../../../arm-none-eabi/lib/thumb/libg.a(lib_a-ctype_.o)
                0x000000000800a880                _ctype_
 *fill*         0x000000000800a981        0x3 ff
 .rodata.basefix.0
                0x000000000800a984       0x22 /opt/devkitpro/devkitARM/lib/gcc/arm-none-eabi/10.1.0/../../../../arm-none-eabi/lib/thumb/libg.a(lib_a-svfiscanf.o)
 .rodata._vfiprintf_r.str1.1
                0x000000000800a9a6       0x29 /opt/devkitpro/devkitARM/lib/gcc/arm-none-eabi/10.1.0/../../../../arm-none-eabi/lib/thumb/libg.a(lib_a-vfiprintf.o)
 *fill*         0x000000000800a9cf        0x1 ff
 .rodata.blanks.1
                0x000000000800a9d0       0x10 /opt/devkitpro/devkitARM/lib/gcc/arm-none-eabi/10.1.0/../../../../arm-none-eabi/lib/thumb/libg.a(lib_a-vfiprintf.o)
 .rodata.zeroes.0
                0x000000000800a9e0       0x10 /opt/devkitpro/devkitARM/lib/gcc/arm-none-eabi/10.1.0/../../../../arm-none-eabi/lib/thumb/libg.a(lib_a-vfiprintf.o)
 .rodata.str1.4
                0x000000000800a9f0       0x48 /opt/devkitpro/devkitARM/lib/gcc/arm-none-eabi/10.1.0/../../../../arm-none-eabi/lib/thumb/libg.a(lib_a-locale.o)
                                         0x4c (size before relaxing)
 .rodata._mbrtowc_r.str1.4
                0x000000000800aa38        0x1 /opt/devkitpro/devkitARM/lib/gcc/arm-none-eabi/10.1.0/../../../../arm-none-eabi/lib/thumb/libg.a(lib_a-mbrtowc.o)
 .rodata.__action_table
                0x000000000800aa38       0x6c /opt/devkitpro/devkitARM/lib/gcc/arm-none-eabi/10.1.0/../../../../arm-none-eabi/lib/thumb/libg.a(lib_a-svfiprintf.o)
                0x000000000800aa38                __action_table
 .rodata.__chclass
                0x000000000800aaa4      0x100 /opt/devkitpro/devkitARM/lib/gcc/arm-none-eabi/10.1.0/../../../../arm-none-eabi/lib/thumb/libg.a(lib_a-svfiprintf.o)
                0x000000000800aaa4                __chclass
 .rodata.__state_table
                0x000000000800aba4       0x6c /opt/devkitpro/devkitARM/lib/gcc/arm-none-eabi/10.1.0/../../../../arm-none-eabi/lib/thumb/libg.a(lib_a-svfiprintf.o)
                0x000000000800aba4                __state_table
 .rodata.__jp2uc
                0x000000000800ac10       0x20 /opt/devkitpro/devkitARM/lib/gcc/arm-none-eabi/10.1.0/../../../../arm-none-eabi/lib/thumb/libg.a(lib_a-jp2uc.o)
 .rodata._jp2uc_l.str1.4
                0x000000000800ac30       0x12 /opt/devkitpro/devkitARM/lib/gcc/arm-none-eabi/10.1.0/../../../../arm-none-eabi/lib/thumb/libg.a(lib_a-jp2uc.o)
 *fill*         0x000000000800ac42        0x2 ff
 .rodata.a1     0x000000000800ac44       0xbc /opt/devkitpro/devkitARM/lib/gcc/arm-none-eabi/10.1.0/../../../../arm-none-eabi/lib/thumb/libg.a(lib_a-jp2uc.o)
 .rodata.a2     0x000000000800ad00       0xbc /opt/devkitpro/devkitARM/lib/gcc/arm-none-eabi/10.1.0/../../../../arm-none-eabi/lib/thumb/libg.a(lib_a-jp2uc.o)
 .rodata.a3     0x000000000800adbc       0x5b /opt/devkitpro/devkitARM/lib/gcc/arm-none-eabi/10.1.0/../../../../arm-none-eabi/lib/thumb/libg.a(lib_a-jp2uc.o)
 *fill*         0x000000000800ae17        0x1 ff
 .rodata.a6     0x000000000800ae18       0x70 /opt/devkitpro/devkitARM/lib/gcc/arm-none-eabi/10.1.0/../../../../arm-none-eabi/lib/thumb/libg.a(lib_a-jp2uc.o)
 .rodata.a7     0x000000000800ae88       0xa2 /opt/devkitpro/devkitARM/lib/gcc/arm-none-eabi/10.1.0/../../../../arm-none-eabi/lib/thumb/libg.a(lib_a-jp2uc.o)
 *fill*         0x000000000800af2a        0x2 ff
 .rodata.a8     0x000000000800af2c       0x40 /opt/devkitpro/devkitARM/lib/gcc/arm-none-eabi/10.1.0/../../../../arm-none-eabi/lib/thumb/libg.a(lib_a-jp2uc.o)
 .rodata.b02cf  0x000000000800af6c     0x172a /opt/devkitpro/devkitARM/lib/gcc/arm-none-eabi/10.1.0/../../../../arm-none-eabi/lib/thumb/libg.a(lib_a-jp2uc.o)
 *fill*         0x000000000800c696        0x2 ff
 .rodata.d02f4  0x000000000800c698     0x1a7c /opt/devkitpro/devkitARM/lib/gcc/arm-none-eabi/10.1.0/../../../../arm-none-eabi/lib/thumb/libg.a(lib_a-jp2uc.o)
 .rodata.categories
                0x000000000800e114     0x31e6 /opt/devkitpro/devkitARM/lib/gcc/arm-none-eabi/10.1.0/../../../../arm-none-eabi/lib/thumb/libg.a(lib_a-categories.o)
 *fill*         0x00000000080112fa        0x2 ff
 .rodata.AddDevice.str1.4
                0x00000000080112fc        0x8 /opt/devkitpro/devkitARM/lib/gcc/arm-none-eabi/10.1.0/../../../../arm-none-eabi/lib/thumb/libsysbase.a(iosupport.o)
 .rodata.dotab_stdnull
                0x0000000008011304       0x70 /opt/devkitpro/devkitARM/lib/gcc/arm-none-eabi/10.1.0/../../../../arm-none-eabi/lib/thumb/libsysbase.a(iosupport.o)
                0x0000000008011304                dotab_stdnull
 *(.gnu.linkonce.r*)
                0x0000000008011374                . = ALIGN (0x4)

.ARM.extab
 *(.ARM.extab* .gnu.linkonce.armextab.*)
                0x0000000008011374                __exidx_start = .

.ARM.exidx
 *(.ARM.exidx* .gnu.linkonce.armexidx.*)
                0x0000000008011374                __exidx_end = .

.ctors          0x0000000008011374        0x0
 *crtbegin.o(.ctors)
 *(EXCLUDE_FILE(*crtend.o) .ctors)
 *(SORT_BY_NAME(.ctors.*))
 *(.ctors)
                0x0000000008011374                . = ALIGN (0x4)

.dtors          0x0000000008011374        0x0
 *crtbegin.o(.dtors)
 *(EXCLUDE_FILE(*crtend.o) .dtors)
 *(SORT_BY_NAME(.dtors.*))
 *(.dtors)
                0x0000000008011374                . = ALIGN (0x4)

.eh_frame       0x0000000008011374        0x4
 *(.eh_frame)
 .eh_frame      0x0000000008011374        0x0 /opt/devkitpro/devkitARM/lib/gcc/arm-none-eabi/10.1.0/thumb/crtbegin.o
 .eh_frame      0x0000000008011374        0x4 /opt/devkitpro/devkitARM/lib/gcc/arm-none-eabi/10.1.0/thumb/crtend.o
                0x0000000008011378                . = ALIGN (0x4)

.gcc_except_table
                0x0000000008011378        0x0
 *(.gcc_except_table)
                0x0000000008011378                . = ALIGN (0x4)
                0x0000000008011378                __iwram_lma = .

.iwram          0x0000000003000000       0x84 load address 0x0000000008011378
                0x0000000003000000                __iwram_start__ = ABSOLUTE (.)
 *(.iwram .iwram*)
 .iwram         0x0000000003000000       0x38 /opt/devkitpro/libtonc/lib/libtonc.a(tonc_memcpy.o)
                0x0000000003000000                memcpy32
 .iwram         0x0000000003000038       0x4c /opt/devkitpro/libtonc/lib/libtonc.a(tonc_memset.o)
                0x0000000003000038                memset32
 *iwram.*(.text* .data*)
                0x0000000003000084                . = ALIGN (0x4)
                0x0000000003000084                __iwram_end__ = ABSOLUTE (.)
                0x00000000080113fc                __data_lma = (__iwram_lma + SIZEOF (.iwram))

.bss            0x0000000003000084      0x54c
                0x0000000003000084                __bss_start = ABSOLUTE (.)
                0x0000000003000084                __bss_start__ = ABSOLUTE (.)
 *(.dynbss)
 *(.gnu.linkonce.b*)
 *(.bss*)
 .bss.completed.1
                0x0000000003000084        0x1 /opt/devkitpro/devkitARM/lib/gcc/arm-none-eabi/10.1.0/thumb/crtbegin.o
 *fill*         0x0000000003000085        0x3 
 .bss.object.0  0x0000000003000088       0x18 /opt/devkitpro/devkitARM/lib/gcc/arm-none-eabi/10.1.0/thumb/crtbegin.o
 .bss           0x00000000030000a0      0x458 main.o
                0x00000000030000a0                flag
                0x00000000030000bc                cheat_mode
                0x00000000030000c0                cheat_input
                0x00000000030000f4                cheat_entry_idx
                0x00000000030000f8                obj_buffer
 .bss           0x00000000030004f8        0x4 /opt/devkitpro/libtonc/lib/libtonc.a(tonc_input.o)
                0x00000000030004f8                __key_curr
                0x00000000030004fa                __key_prev
 .bss           0x00000000030004fc        0x4 /opt/devkitpro/libtonc/lib/libtonc.a(tte_iohook.o)
 .bss.__malloc_current_mallinfo
                0x0000000003000500       0x28 /opt/devkitpro/devkitARM/lib/gcc/arm-none-eabi/10.1.0/../../../../arm-none-eabi/lib/thumb/libg.a(lib_a-mallocr.o)
                0x0000000003000500                __malloc_current_mallinfo
 .bss.__malloc_max_sbrked_mem
                0x0000000003000528        0x4 /opt/devkitpro/devkitARM/lib/gcc/arm-none-eabi/10.1.0/../../../../arm-none-eabi/lib/thumb/libg.a(lib_a-mallocr.o)
                0x0000000003000528                __malloc_max_sbrked_mem
 .bss.__malloc_max_total_mem
                0x000000000300052c        0x4 /opt/devkitpro/devkitARM/lib/gcc/arm-none-eabi/10.1.0/../../../../arm-none-eabi/lib/thumb/libg.a(lib_a-mallocr.o)
                0x000000000300052c                __malloc_max_total_mem
 .bss.__malloc_top_pad
                0x0000000003000530        0x4 /opt/devkitpro/devkitARM/lib/gcc/arm-none-eabi/10.1.0/../../../../arm-none-eabi/lib/thumb/libg.a(lib_a-mallocr.o)
                0x0000000003000530                __malloc_top_pad
 .bss.heap_start.0
                0x0000000003000534        0x4 /opt/devkitpro/devkitARM/lib/gcc/arm-none-eabi/10.1.0/../../../../arm-none-eabi/lib/thumb/libsysbase.a(sbrk.o)
 .bss.fake_heap_end
                0x0000000003000538        0x4 /opt/devkitpro/devkitARM/lib/gcc/arm-none-eabi/10.1.0/../../../../arm-none-eabi/lib/thumb/libsysbase.a(malloc_vars.o)
                0x0000000003000538                fake_heap_end
 .bss.fake_heap_start
                0x000000000300053c        0x4 /opt/devkitpro/devkitARM/lib/gcc/arm-none-eabi/10.1.0/../../../../arm-none-eabi/lib/thumb/libsysbase.a(malloc_vars.o)
                0x000000000300053c                fake_heap_start
 .bss.__syscalls
                0x0000000003000540       0x48 /opt/devkitpro/devkitARM/lib/gcc/arm-none-eabi/10.1.0/../../../../arm-none-eabi/lib/thumb/libsysbase.a(syscall_support.o)
                0x0000000003000540                __syscalls
 *(COMMON)
 COMMON         0x0000000003000588       0x48 /opt/devkitpro/libtonc/lib/libtonc.a(tte_main.o)
                0x0000000003000588                __tte_main_context
                0x00000000030005d0                . = ALIGN (0x4)
                0x00000000030005d0                __bss_end__ = ABSOLUTE (.)

.data           0x00000000030005d0     0x1b24 load address 0x00000000080113fc
                0x00000000030005d0                __data_start__ = ABSOLUTE (.)
 *(.data*)
 .data          0x00000000030005d0       0x60 main.o
                0x00000000030005d0                KEYS
                0x00000000030005f8                cheatcode
                0x0000000003000628                playerstr
                0x000000000300062c                obj_aff_buffer
 .data          0x0000000003000630        0x8 /opt/devkitpro/libtonc/lib/libtonc.a(tonc_input.o)
                0x0000000003000630                __key_rpt
 .data          0x0000000003000638        0x4 /opt/devkitpro/libtonc/lib/libtonc.a(tte_main.o)
                0x0000000003000638                gp_tte_context
 .data.__sfp_recursive_mutex
                0x000000000300063c        0xc /opt/devkitpro/devkitARM/lib/gcc/arm-none-eabi/10.1.0/../../../../arm-none-eabi/lib/thumb/libg.a(lib_a-findfp.o)
 .data.__sinit_recursive_mutex
                0x0000000003000648        0xc /opt/devkitpro/devkitARM/lib/gcc/arm-none-eabi/10.1.0/../../../../arm-none-eabi/lib/thumb/libg.a(lib_a-findfp.o)
 .data._impure_ptr
                0x0000000003000654        0x4 /opt/devkitpro/devkitARM/lib/gcc/arm-none-eabi/10.1.0/../../../../arm-none-eabi/lib/thumb/libg.a(lib_a-impure.o)
                0x0000000003000654                _impure_ptr
 .data.impure_data
                0x0000000003000658      0x460 /opt/devkitpro/devkitARM/lib/gcc/arm-none-eabi/10.1.0/../../../../arm-none-eabi/lib/thumb/libg.a(lib_a-impure.o)
 .data.__global_locale
                0x0000000003000ab8      0x16c /opt/devkitpro/devkitARM/lib/gcc/arm-none-eabi/10.1.0/../../../../arm-none-eabi/lib/thumb/libg.a(lib_a-locale.o)
                0x0000000003000ab8                __global_locale
 .data.__malloc_av_
                0x0000000003000c24      0x408 /opt/devkitpro/devkitARM/lib/gcc/arm-none-eabi/10.1.0/../../../../arm-none-eabi/lib/thumb/libg.a(lib_a-mallocr.o)
                0x0000000003000c24                __malloc_av_
 .data.__malloc_sbrk_base
                0x000000000300102c        0x4 /opt/devkitpro/devkitARM/lib/gcc/arm-none-eabi/10.1.0/../../../../arm-none-eabi/lib/thumb/libg.a(lib_a-mallocr.o)
                0x000000000300102c                __malloc_sbrk_base
 .data.__malloc_trim_threshold
                0x0000000003001030        0x4 /opt/devkitpro/devkitARM/lib/gcc/arm-none-eabi/10.1.0/../../../../arm-none-eabi/lib/thumb/libg.a(lib_a-mallocr.o)
                0x0000000003001030                __malloc_trim_threshold
 .data.__malloc_recursive_mutex
                0x0000000003001034        0xc /opt/devkitpro/devkitARM/lib/gcc/arm-none-eabi/10.1.0/../../../../arm-none-eabi/lib/thumb/libg.a(lib_a-mlock.o)
 .data.devoptab_list
                0x0000000003001040       0x8c /opt/devkitpro/devkitARM/lib/gcc/arm-none-eabi/10.1.0/../../../../arm-none-eabi/lib/thumb/libsysbase.a(iosupport.o)
                0x0000000003001040                devoptab_list
 .data.__hndl_lock
                0x00000000030010cc        0x4 /opt/devkitpro/devkitARM/lib/gcc/arm-none-eabi/10.1.0/../../../../arm-none-eabi/lib/thumb/libsysbase.a(handle_manager.o)
 .data.__stderr_handle
                0x00000000030010d0        0xc /opt/devkitpro/devkitARM/lib/gcc/arm-none-eabi/10.1.0/../../../../arm-none-eabi/lib/thumb/libsysbase.a(handle_manager.o)
 .data.__stdin_handle
                0x00000000030010dc        0xc /opt/devkitpro/devkitARM/lib/gcc/arm-none-eabi/10.1.0/../../../../arm-none-eabi/lib/thumb/libsysbase.a(handle_manager.o)
 .data.__stdout_handle
                0x00000000030010e8        0xc /opt/devkitpro/devkitARM/lib/gcc/arm-none-eabi/10.1.0/../../../../arm-none-eabi/lib/thumb/libsysbase.a(handle_manager.o)
 .data.handles  0x00000000030010f4     0x1000 /opt/devkitpro/devkitARM/lib/gcc/arm-none-eabi/10.1.0/../../../../arm-none-eabi/lib/thumb/libsysbase.a(handle_manager.o)
 *(.gnu.linkonce.d*)
                0x00000000030020f4                . = ALIGN (0x4)
                0x0000000008012f20                __preinit_lma = (__data_lma + SIZEOF (.data))

.igot.plt       0x00000000030020f4        0x0 load address 0x0000000008012f20
 .igot.plt      0x00000000030020f4        0x0 /opt/devkitpro/devkitARM/lib/gcc/arm-none-eabi/10.1.0/../../../../arm-none-eabi/lib/thumb/gba_crt0.o

.tm_clone_table
                0x00000000030020f4        0x0 load address 0x0000000008012f20
 .tm_clone_table
                0x00000000030020f4        0x0 /opt/devkitpro/devkitARM/lib/gcc/arm-none-eabi/10.1.0/thumb/crtbegin.o
 .tm_clone_table
                0x00000000030020f4        0x0 /opt/devkitpro/devkitARM/lib/gcc/arm-none-eabi/10.1.0/thumb/crtend.o

.preinit_array  0x00000000030020f4        0x0 load address 0x0000000008012f20
                0x00000000030020f4                __preinit_array_start = ABSOLUTE (.)
 *(.preinit_array)
                0x00000000030020f4                __preinit_array_end = ABSOLUTE (.)
                0x0000000008012f20                __init_lma = (__preinit_lma + SIZEOF (.preinit_array))

.init_array     0x00000000030020f4        0x4 load address 0x0000000008012f20
                0x00000000030020f4                __init_array_start = ABSOLUTE (.)
 *(SORT_BY_NAME(.init_array.*))
 *(.init_array)
 .init_array    0x00000000030020f4        0x4 /opt/devkitpro/devkitARM/lib/gcc/arm-none-eabi/10.1.0/thumb/crtbegin.o
                0x00000000030020f8                __init_array_end = ABSOLUTE (.)
                0x0000000008012f24                __fini_lma = (__init_lma + SIZEOF (.init_array))

.fini_array     0x00000000030020f8        0x4 load address 0x0000000008012f24
                0x00000000030020f8                __fini_array_start = ABSOLUTE (.)
 *(SORT_BY_NAME(.fini_array.*))
 *(.fini_array)
 .fini_array    0x00000000030020f8        0x4 /opt/devkitpro/devkitARM/lib/gcc/arm-none-eabi/10.1.0/thumb/crtbegin.o
                0x00000000030020fc                __fini_array_end = ABSOLUTE (.)
                0x0000000008012f28                __jcr_lma = (__fini_lma + SIZEOF (.fini_array))

.jcr            0x00000000030020fc        0x0 load address 0x0000000008012f28
 *(.jcr)
                0x00000000030020fc                __data_end__ = ABSOLUTE (.)
                0x0000000008012f28                __iwram_overlay_lma = (__jcr_lma + SIZEOF (.jcr))
                0x00000000030020fc                __iwram_overlay_start = .

.iwram0         0x00000000030020fc        0x0 load address 0x0000000008012f28
 *(.iwram0)
                0x00000000030020fc                . = ALIGN (0x4)
                0x0000000008012f28                PROVIDE (__load_start_iwram0 = LOADADDR (.iwram0))
                0x0000000008012f28                PROVIDE (__load_stop_iwram0 = (LOADADDR (.iwram0) + SIZEOF (.iwram0)))

.iwram1         0x00000000030020fc        0x0
 *(.iwram1)
                0x00000000030020fc                . = ALIGN (0x4)
                [!provide]                        PROVIDE (__load_start_iwram1 = LOADADDR (.iwram1))
                [!provide]                        PROVIDE (__load_stop_iwram1 = (LOADADDR (.iwram1) + SIZEOF (.iwram1)))

.iwram2         0x00000000030020fc        0x0
 *(.iwram2)
                0x00000000030020fc                . = ALIGN (0x4)
                [!provide]                        PROVIDE (__load_start_iwram2 = LOADADDR (.iwram2))
                [!provide]                        PROVIDE (__load_stop_iwram2 = (LOADADDR (.iwram2) + SIZEOF (.iwram2)))

.iwram3         0x00000000030020fc        0x0
 *(.iwram3)
                0x00000000030020fc                . = ALIGN (0x4)
                [!provide]                        PROVIDE (__load_start_iwram3 = LOADADDR (.iwram3))
                [!provide]                        PROVIDE (__load_stop_iwram3 = (LOADADDR (.iwram3) + SIZEOF (.iwram3)))

.iwram4         0x00000000030020fc        0x0
 *(.iwram4)
                0x00000000030020fc                . = ALIGN (0x4)
                [!provide]                        PROVIDE (__load_start_iwram4 = LOADADDR (.iwram4))
                [!provide]                        PROVIDE (__load_stop_iwram4 = (LOADADDR (.iwram4) + SIZEOF (.iwram4)))

.iwram5         0x00000000030020fc        0x0
 *(.iwram5)
                0x00000000030020fc                . = ALIGN (0x4)
                [!provide]                        PROVIDE (__load_start_iwram5 = LOADADDR (.iwram5))
                [!provide]                        PROVIDE (__load_stop_iwram5 = (LOADADDR (.iwram5) + SIZEOF (.iwram5)))

.iwram6         0x00000000030020fc        0x0
 *(.iwram6)
                0x00000000030020fc                . = ALIGN (0x4)
                [!provide]                        PROVIDE (__load_start_iwram6 = LOADADDR (.iwram6))
                [!provide]                        PROVIDE (__load_stop_iwram6 = (LOADADDR (.iwram6) + SIZEOF (.iwram6)))

.iwram7         0x00000000030020fc        0x0
 *(.iwram7)
                0x00000000030020fc                . = ALIGN (0x4)
                [!provide]                        PROVIDE (__load_start_iwram7 = LOADADDR (.iwram7))
                [!provide]                        PROVIDE (__load_stop_iwram7 = (LOADADDR (.iwram7) + SIZEOF (.iwram7)))

.iwram8         0x00000000030020fc        0x0
 *(.iwram8)
                0x00000000030020fc                . = ALIGN (0x4)
                [!provide]                        PROVIDE (__load_start_iwram8 = LOADADDR (.iwram8))
                [!provide]                        PROVIDE (__load_stop_iwram8 = (LOADADDR (.iwram8) + SIZEOF (.iwram8)))

.iwram9         0x00000000030020fc        0x0
 *(.iwram9)
                0x00000000030020fc                . = ALIGN (0x4)
                [!provide]                        PROVIDE (__load_start_iwram9 = LOADADDR (.iwram9))
                [!provide]                        PROVIDE (__load_stop_iwram9 = (LOADADDR (.iwram9) + SIZEOF (.iwram9)))
                0x00000000030020fc                __iwram_overlay_end = .
                0x0000000008012f28                __ewram_lma = (__iwram_overlay_lma + (__iwram_overlay_end - __iwram_overlay_start))
                0x00000000030020fc                __iheap_start = .
                0x0000000002000000                __ewram_start = ORIGIN (ewram)

.ewram          0x0000000002000000       0x5c load address 0x0000000008012f28
 *(.ewram*)
 .ewram         0x0000000002000000       0x5c /opt/devkitpro/libtonc/lib/libtonc.a(tonc_nocash.o)
                0x0000000002000000                nocash_message
                0x0000000002000008                nocash_buffer
                0x000000000200005c                . = ALIGN (0x4)
                0x000000000200005c                __ewram_end = ABSOLUTE (.)
                0x0000000008012f84                __pad_lma = (__ewram_lma + SIZEOF (.ewram))

.rel.dyn        0x000000000200005c        0x0 load address 0x0000000008012f84
 .rel.iplt      0x000000000200005c        0x0 /opt/devkitpro/devkitARM/lib/gcc/arm-none-eabi/10.1.0/../../../../arm-none-eabi/lib/thumb/gba_crt0.o

.sbss           0x000000000200005c        0x0
                0x000000000200005c                __sbss_start__ = ABSOLUTE (.)
 *(.sbss*)
                0x000000000200005c                . = ALIGN (0x4)
                0x000000000200005c                __sbss_end__ = ABSOLUTE (.)
                0x000000000200005c                __end__ = ABSOLUTE (.)
                0x000000000200005c                __eheap_start = ABSOLUTE (.)

.pad            0x000000000200005c        0x8 load address 0x0000000008012f84
                0x000000000200005c        0x4 LONG 0x52416b64
                0x0000000002000060        0x4 LONG 0x4d
                0x0000000002000064                . = ALIGN (0x4)
                0x0000000008012f8c                __rom_end__ = (__pad_lma + SIZEOF (.pad))

.stab
 *(.stab)

.stabstr
 *(.stabstr)

.stab.excl
 *(.stab.excl)

.stab.exclstr
 *(.stab.exclstr)

.stab.index
 *(.stab.index)

.stab.indexstr
 *(.stab.indexstr)

.comment        0x0000000000000000       0x45
 *(.comment)
 .comment       0x0000000000000000       0x23 /opt/devkitpro/devkitARM/lib/gcc/arm-none-eabi/10.1.0/thumb/crtbegin.o
                                         0x24 (size before relaxing)
 .comment       0x0000000000000023       0x24 main.o
 .comment       0x0000000000000023       0x24 tileset.o
 .comment       0x0000000000000023       0x24 juni.o
 .comment       0x0000000000000023       0x22 /opt/devkitpro/libtonc/lib/libtonc.a(tonc_oam.o)
                                         0x23 (size before relaxing)
 .comment       0x0000000000000045       0x23 /opt/devkitpro/libtonc/lib/libtonc.a(tonc_input.o)
 .comment       0x0000000000000045       0x23 /opt/devkitpro/libtonc/lib/libtonc.a(tte_main.o)
 .comment       0x0000000000000045       0x23 /opt/devkitpro/libtonc/lib/libtonc.a(tte_iohook.o)
 .comment       0x0000000000000045       0x23 /opt/devkitpro/libtonc/lib/libtonc.a(tte_init_se.o)
 .comment       0x0000000000000045       0x23 /opt/devkitpro/libtonc/lib/libtonc.a(tonc_surface.o)
 .comment       0x0000000000000045       0x23 /opt/devkitpro/libtonc/lib/libtonc.a(se_drawg.o)
 .comment       0x0000000000000045       0x23 /opt/devkitpro/libtonc/lib/libtonc.a(tonc_sbmp16.o)
 .comment       0x0000000000000045       0x24 /opt/devkitpro/devkitARM/lib/gcc/arm-none-eabi/10.1.0/../../../../arm-none-eabi/lib/thumb/libg.a(lib_a-ctype_.o)
 .comment       0x0000000000000045       0x24 /opt/devkitpro/devkitARM/lib/gcc/arm-none-eabi/10.1.0/../../../../arm-none-eabi/lib/thumb/libg.a(lib_a-init.o)
 .comment       0x0000000000000045       0x24 /opt/devkitpro/devkitARM/lib/gcc/arm-none-eabi/10.1.0/../../../../arm-none-eabi/lib/thumb/libg.a(lib_a-iprintf.o)
 .comment       0x0000000000000045       0x24 /opt/devkitpro/devkitARM/lib/gcc/arm-none-eabi/10.1.0/../../../../arm-none-eabi/lib/thumb/libg.a(lib_a-memcpy-stub.o)
 .comment       0x0000000000000045       0x24 /opt/devkitpro/devkitARM/lib/gcc/arm-none-eabi/10.1.0/../../../../arm-none-eabi/lib/thumb/libg.a(lib_a-memset.o)
 .comment       0x0000000000000045       0x24 /opt/devkitpro/devkitARM/lib/gcc/arm-none-eabi/10.1.0/../../../../arm-none-eabi/lib/thumb/libg.a(lib_a-setvbuf.o)
 .comment       0x0000000000000045       0x24 /opt/devkitpro/devkitARM/lib/gcc/arm-none-eabi/10.1.0/../../../../arm-none-eabi/lib/thumb/libg.a(lib_a-siscanf.o)
 .comment       0x0000000000000045       0x24 /opt/devkitpro/devkitARM/lib/gcc/arm-none-eabi/10.1.0/../../../../arm-none-eabi/lib/thumb/libg.a(lib_a-stdio.o)
 .comment       0x0000000000000045       0x24 /opt/devkitpro/devkitARM/lib/gcc/arm-none-eabi/10.1.0/../../../../arm-none-eabi/lib/thumb/libg.a(lib_a-strlen-stub.o)
 .comment       0x0000000000000045       0x24 /opt/devkitpro/devkitARM/lib/gcc/arm-none-eabi/10.1.0/../../../../arm-none-eabi/lib/thumb/libg.a(lib_a-strncpy.o)
 .comment       0x0000000000000045       0x24 /opt/devkitpro/devkitARM/lib/gcc/arm-none-eabi/10.1.0/../../../../arm-none-eabi/lib/thumb/libg.a(lib_a-strtol.o)
 .comment       0x0000000000000045       0x24 /opt/devkitpro/devkitARM/lib/gcc/arm-none-eabi/10.1.0/../../../../arm-none-eabi/lib/thumb/libg.a(lib_a-svfiscanf.o)
 .comment       0x0000000000000045       0x24 /opt/devkitpro/devkitARM/lib/gcc/arm-none-eabi/10.1.0/../../../../arm-none-eabi/lib/thumb/libg.a(lib_a-ungetc.o)
 .comment       0x0000000000000045       0x24 /opt/devkitpro/devkitARM/lib/gcc/arm-none-eabi/10.1.0/../../../../arm-none-eabi/lib/thumb/libg.a(lib_a-vfiprintf.o)
 .comment       0x0000000000000045       0x24 /opt/devkitpro/devkitARM/lib/gcc/arm-none-eabi/10.1.0/../../../../arm-none-eabi/lib/thumb/libg.a(lib_a-wcrtomb.o)
 .comment       0x0000000000000045       0x24 /opt/devkitpro/devkitARM/lib/gcc/arm-none-eabi/10.1.0/../../../../arm-none-eabi/lib/thumb/libg.a(lib_a-wcsrtombs.o)
 .comment       0x0000000000000045       0x24 /opt/devkitpro/devkitARM/lib/gcc/arm-none-eabi/10.1.0/../../../../arm-none-eabi/lib/thumb/libg.a(lib_a-wsetup.o)
 .comment       0x0000000000000045       0x24 /opt/devkitpro/devkitARM/lib/gcc/arm-none-eabi/10.1.0/../../../../arm-none-eabi/lib/thumb/libg.a(lib_a-errno.o)
 .comment       0x0000000000000045       0x24 /opt/devkitpro/devkitARM/lib/gcc/arm-none-eabi/10.1.0/../../../../arm-none-eabi/lib/thumb/libg.a(lib_a-fflush.o)
 .comment       0x0000000000000045       0x24 /opt/devkitpro/devkitARM/lib/gcc/arm-none-eabi/10.1.0/../../../../arm-none-eabi/lib/thumb/libg.a(lib_a-findfp.o)
 .comment       0x0000000000000045       0x24 /opt/devkitpro/devkitARM/lib/gcc/arm-none-eabi/10.1.0/../../../../arm-none-eabi/lib/thumb/libg.a(lib_a-freer.o)
 .comment       0x0000000000000045       0x24 /opt/devkitpro/devkitARM/lib/gcc/arm-none-eabi/10.1.0/../../../../arm-none-eabi/lib/thumb/libg.a(lib_a-fvwrite.o)
 .comment       0x0000000000000045       0x24 /opt/devkitpro/devkitARM/lib/gcc/arm-none-eabi/10.1.0/../../../../arm-none-eabi/lib/thumb/libg.a(lib_a-fwalk.o)
 .comment       0x0000000000000045       0x24 /opt/devkitpro/devkitARM/lib/gcc/arm-none-eabi/10.1.0/../../../../arm-none-eabi/lib/thumb/libg.a(lib_a-impure.o)
 .comment       0x0000000000000045       0x24 /opt/devkitpro/devkitARM/lib/gcc/arm-none-eabi/10.1.0/../../../../arm-none-eabi/lib/thumb/libg.a(lib_a-iswspace.o)
 .comment       0x0000000000000045       0x24 /opt/devkitpro/devkitARM/lib/gcc/arm-none-eabi/10.1.0/../../../../arm-none-eabi/lib/thumb/libg.a(lib_a-localeconv.o)
 .comment       0x0000000000000045       0x24 /opt/devkitpro/devkitARM/lib/gcc/arm-none-eabi/10.1.0/../../../../arm-none-eabi/lib/thumb/libg.a(lib_a-locale.o)
 .comment       0x0000000000000045       0x24 /opt/devkitpro/devkitARM/lib/gcc/arm-none-eabi/10.1.0/../../../../arm-none-eabi/lib/thumb/libg.a(lib_a-makebuf.o)
 .comment       0x0000000000000045       0x24 /opt/devkitpro/devkitARM/lib/gcc/arm-none-eabi/10.1.0/../../../../arm-none-eabi/lib/thumb/libg.a(lib_a-malloc.o)
 .comment       0x0000000000000045       0x24 /opt/devkitpro/devkitARM/lib/gcc/arm-none-eabi/10.1.0/../../../../arm-none-eabi/lib/thumb/libg.a(lib_a-mallocr.o)
 .comment       0x0000000000000045       0x24 /opt/devkitpro/devkitARM/lib/gcc/arm-none-eabi/10.1.0/../../../../arm-none-eabi/lib/thumb/libg.a(lib_a-mbrtowc.o)
 .comment       0x0000000000000045       0x24 /opt/devkitpro/devkitARM/lib/gcc/arm-none-eabi/10.1.0/../../../../arm-none-eabi/lib/thumb/libg.a(lib_a-mbtowc_r.o)
 .comment       0x0000000000000045       0x24 /opt/devkitpro/devkitARM/lib/gcc/arm-none-eabi/10.1.0/../../../../arm-none-eabi/lib/thumb/libg.a(lib_a-memchr-stub.o)
 .comment       0x0000000000000045       0x24 /opt/devkitpro/devkitARM/lib/gcc/arm-none-eabi/10.1.0/../../../../arm-none-eabi/lib/thumb/libg.a(lib_a-memmove.o)
 .comment       0x0000000000000045       0x24 /opt/devkitpro/devkitARM/lib/gcc/arm-none-eabi/10.1.0/../../../../arm-none-eabi/lib/thumb/libg.a(lib_a-mlock.o)
 .comment       0x0000000000000045       0x24 /opt/devkitpro/devkitARM/lib/gcc/arm-none-eabi/10.1.0/../../../../arm-none-eabi/lib/thumb/libg.a(lib_a-realloc.o)
 .comment       0x0000000000000045       0x24 /opt/devkitpro/devkitARM/lib/gcc/arm-none-eabi/10.1.0/../../../../arm-none-eabi/lib/thumb/libg.a(lib_a-reallocr.o)
 .comment       0x0000000000000045       0x24 /opt/devkitpro/devkitARM/lib/gcc/arm-none-eabi/10.1.0/../../../../arm-none-eabi/lib/thumb/libg.a(lib_a-sccl.o)
 .comment       0x0000000000000045       0x24 /opt/devkitpro/devkitARM/lib/gcc/arm-none-eabi/10.1.0/../../../../arm-none-eabi/lib/thumb/libg.a(lib_a-strtoll.o)
 .comment       0x0000000000000045       0x24 /opt/devkitpro/devkitARM/lib/gcc/arm-none-eabi/10.1.0/../../../../arm-none-eabi/lib/thumb/libg.a(lib_a-strtoull.o)
 .comment       0x0000000000000045       0x24 /opt/devkitpro/devkitARM/lib/gcc/arm-none-eabi/10.1.0/../../../../arm-none-eabi/lib/thumb/libg.a(lib_a-strtoul.o)
 .comment       0x0000000000000045       0x24 /opt/devkitpro/devkitARM/lib/gcc/arm-none-eabi/10.1.0/../../../../arm-none-eabi/lib/thumb/libg.a(lib_a-svfiprintf.o)
 .comment       0x0000000000000045       0x24 /opt/devkitpro/devkitARM/lib/gcc/arm-none-eabi/10.1.0/../../../../arm-none-eabi/lib/thumb/libg.a(lib_a-wcsnrtombs.o)
 .comment       0x0000000000000045       0x24 /opt/devkitpro/devkitARM/lib/gcc/arm-none-eabi/10.1.0/../../../../arm-none-eabi/lib/thumb/libg.a(lib_a-wctomb_r.o)
 .comment       0x0000000000000045       0x24 /opt/devkitpro/devkitARM/lib/gcc/arm-none-eabi/10.1.0/../../../../arm-none-eabi/lib/thumb/libg.a(lib_a-fclose.o)
 .comment       0x0000000000000045       0x24 /opt/devkitpro/devkitARM/lib/gcc/arm-none-eabi/10.1.0/../../../../arm-none-eabi/lib/thumb/libg.a(lib_a-iswspace_l.o)
 .comment       0x0000000000000045       0x24 /opt/devkitpro/devkitARM/lib/gcc/arm-none-eabi/10.1.0/../../../../arm-none-eabi/lib/thumb/libg.a(lib_a-jp2uc.o)
 .comment       0x0000000000000045       0x24 /opt/devkitpro/devkitARM/lib/gcc/arm-none-eabi/10.1.0/../../../../arm-none-eabi/lib/thumb/libg.a(lib_a-categories.o)
 .comment       0x0000000000000045       0x24 /opt/devkitpro/devkitARM/lib/gcc/arm-none-eabi/10.1.0/../../../../arm-none-eabi/lib/thumb/libsysbase.a(iosupport.o)
 .comment       0x0000000000000045       0x24 /opt/devkitpro/devkitARM/lib/gcc/arm-none-eabi/10.1.0/../../../../arm-none-eabi/lib/thumb/libsysbase.a(fstat.o)
 .comment       0x0000000000000045       0x24 /opt/devkitpro/devkitARM/lib/gcc/arm-none-eabi/10.1.0/../../../../arm-none-eabi/lib/thumb/libsysbase.a(isatty.o)
 .comment       0x0000000000000045       0x24 /opt/devkitpro/devkitARM/lib/gcc/arm-none-eabi/10.1.0/../../../../arm-none-eabi/lib/thumb/libsysbase.a(lseek.o)
 .comment       0x0000000000000045       0x24 /opt/devkitpro/devkitARM/lib/gcc/arm-none-eabi/10.1.0/../../../../arm-none-eabi/lib/thumb/libsysbase.a(read.o)
 .comment       0x0000000000000045       0x24 /opt/devkitpro/devkitARM/lib/gcc/arm-none-eabi/10.1.0/../../../../arm-none-eabi/lib/thumb/libsysbase.a(sbrk.o)
 .comment       0x0000000000000045       0x24 /opt/devkitpro/devkitARM/lib/gcc/arm-none-eabi/10.1.0/../../../../arm-none-eabi/lib/thumb/libsysbase.a(write.o)
 .comment       0x0000000000000045       0x24 /opt/devkitpro/devkitARM/lib/gcc/arm-none-eabi/10.1.0/../../../../arm-none-eabi/lib/thumb/libsysbase.a(malloc_vars.o)
 .comment       0x0000000000000045       0x24 /opt/devkitpro/devkitARM/lib/gcc/arm-none-eabi/10.1.0/../../../../arm-none-eabi/lib/thumb/libsysbase.a(flock.o)
 .comment       0x0000000000000045       0x24 /opt/devkitpro/devkitARM/lib/gcc/arm-none-eabi/10.1.0/../../../../arm-none-eabi/lib/thumb/libsysbase.a(syscall_support.o)
 .comment       0x0000000000000045       0x24 /opt/devkitpro/devkitARM/lib/gcc/arm-none-eabi/10.1.0/../../../../arm-none-eabi/lib/thumb/libsysbase.a(handle_manager.o)
 .comment       0x0000000000000045       0x24 /opt/devkitpro/devkitARM/lib/gcc/arm-none-eabi/10.1.0/../../../../arm-none-eabi/lib/thumb/libsysbase.a(getreent.o)
 .comment       0x0000000000000045       0x24 /opt/devkitpro/devkitARM/lib/gcc/arm-none-eabi/10.1.0/thumb/libgcc.a(_muldi3.o)
 .comment       0x0000000000000045       0x24 /opt/devkitpro/devkitARM/lib/gcc/arm-none-eabi/10.1.0/thumb/libgcc.a(_udivmoddi4.o)
 .comment       0x0000000000000045       0x24 /opt/devkitpro/devkitARM/lib/gcc/arm-none-eabi/10.1.0/thumb/crtend.o

.debug
 *(.debug)

.line
 *(.line)

.debug_srcinfo
 *(.debug_srcinfo)

.debug_sfnames
 *(.debug_sfnames)

.debug_aranges  0x0000000000000000       0x58
 *(.debug_aranges)
 .debug_aranges
                0x0000000000000000       0x28 main.o
 .debug_aranges
                0x0000000000000028       0x18 tileset.o
 .debug_aranges
                0x0000000000000040       0x18 juni.o

.debug_pubnames
 *(.debug_pubnames)

.debug_info     0x0000000000000000      0xfd6
 *(.debug_info)
 .debug_info    0x0000000000000000      0xeaa main.o
 .debug_info    0x0000000000000eaa       0xab tileset.o
 .debug_info    0x0000000000000f55       0x81 juni.o

.debug_abbrev   0x0000000000000000      0x503
 *(.debug_abbrev)
 .debug_abbrev  0x0000000000000000      0x466 main.o
 .debug_abbrev  0x0000000000000466       0x53 tileset.o
 .debug_abbrev  0x00000000000004b9       0x4a juni.o

.debug_line     0x0000000000000000      0x8fc
 *(.debug_line)
 .debug_line    0x0000000000000000      0x86b main.o
 .debug_line    0x000000000000086b       0x4a tileset.o
 .debug_line    0x00000000000008b5       0x47 juni.o

.debug_frame    0x0000000000000000      0x118
 *(.debug_frame)
 .debug_frame   0x0000000000000000      0x118 main.o

.debug_str      0x0000000000000000      0x58d
 *(.debug_str)
 .debug_str     0x0000000000000000      0x53c main.o
                                        0x59e (size before relaxing)
 .debug_str     0x000000000000053c       0x2a tileset.o
                                         0xe9 (size before relaxing)
 .debug_str     0x0000000000000566       0x27 juni.o
                                         0xd5 (size before relaxing)

.debug_loc      0x0000000000000000      0x3eb
 *(.debug_loc)
 .debug_loc     0x0000000000000000      0x3eb main.o

.debug_macinfo
 *(.debug_macinfo)

.debug_weaknames
 *(.debug_weaknames)

.debug_funcnames
 *(.debug_funcnames)

.debug_typenames
 *(.debug_typenames)

.debug_varnames
 *(.debug_varnames)

.stack          0x0000000000080000        0x0
                0x0000000000080000                _stack = .
 *(.stack)

.note.gnu.arm.ident
 *(.note.gnu.arm.ident)

.ARM.attributes
                0x0000000000000000       0x2c
 *(.ARM.attributes)
 .ARM.attributes
                0x0000000000000000       0x20 /opt/devkitpro/devkitARM/lib/gcc/arm-none-eabi/10.1.0/../../../../arm-none-eabi/lib/thumb/gba_crt0.o
 .ARM.attributes
                0x0000000000000020       0x1c /opt/devkitpro/devkitARM/lib/gcc/arm-none-eabi/10.1.0/thumb/crti.o
 .ARM.attributes
                0x000000000000003c       0x2a /opt/devkitpro/devkitARM/lib/gcc/arm-none-eabi/10.1.0/thumb/crtbegin.o
 .ARM.attributes
                0x0000000000000066       0x30 brin.o
 .ARM.attributes
                0x0000000000000096       0x30 coin.o
 .ARM.attributes
                0x00000000000000c6       0x30 shot.o
 .ARM.attributes
                0x00000000000000f6       0x2a main.o
 .ARM.attributes
                0x0000000000000120       0x30 tileset.o
 .ARM.attributes
                0x0000000000000150       0x30 juni.o
 .ARM.attributes
                0x0000000000000180       0x2a /opt/devkitpro/libtonc/lib/libtonc.a(tonc_oam.o)
 .ARM.attributes
                0x00000000000001aa       0x2a /opt/devkitpro/libtonc/lib/libtonc.a(tonc_input.o)
 .ARM.attributes
                0x00000000000001d4       0x2a /opt/devkitpro/libtonc/lib/libtonc.a(tte_main.o)
 .ARM.attributes
                0x00000000000001fe       0x2a /opt/devkitpro/libtonc/lib/libtonc.a(tte_iohook.o)
 .ARM.attributes
                0x0000000000000228       0x2a /opt/devkitpro/libtonc/lib/libtonc.a(tte_init_se.o)
 .ARM.attributes
                0x0000000000000252       0x1a /opt/devkitpro/libtonc/lib/libtonc.a(tonc_bios.o)
 .ARM.attributes
                0x000000000000026c       0x1a /opt/devkitpro/libtonc/lib/libtonc.a(tonc_memcpy.o)
 .ARM.attributes
                0x0000000000000286       0x1a /opt/devkitpro/libtonc/lib/libtonc.a(tonc_bios_ex.o)
 .ARM.attributes
                0x00000000000002a0       0x1a /opt/devkitpro/libtonc/lib/libtonc.a(tonc_nocash.o)
 .ARM.attributes
                0x00000000000002ba       0x1a /opt/devkitpro/libtonc/lib/libtonc.a(sys8.o)
 .ARM.attributes
                0x00000000000002d4       0x2a /opt/devkitpro/libtonc/lib/libtonc.a(tonc_surface.o)
 .ARM.attributes
                0x00000000000002fe       0x2a /opt/devkitpro/libtonc/lib/libtonc.a(se_drawg.o)
 .ARM.attributes
                0x0000000000000328       0x2a /opt/devkitpro/libtonc/lib/libtonc.a(tonc_sbmp16.o)
 .ARM.attributes
                0x0000000000000352       0x1a /opt/devkitpro/libtonc/lib/libtonc.a(tonc_memset.o)
 .ARM.attributes
                0x000000000000036c       0x1c /opt/devkitpro/devkitARM/lib/gcc/arm-none-eabi/10.1.0/thumb/libgcc.a(_udivsi3.o)
 .ARM.attributes
                0x0000000000000388       0x1c /opt/devkitpro/devkitARM/lib/gcc/arm-none-eabi/10.1.0/thumb/libgcc.a(_divsi3.o)
 .ARM.attributes
                0x00000000000003a4       0x1c /opt/devkitpro/devkitARM/lib/gcc/arm-none-eabi/10.1.0/thumb/libgcc.a(_dvmd_tls.o)
 .ARM.attributes
                0x00000000000003c0       0x2a /opt/devkitpro/devkitARM/lib/gcc/arm-none-eabi/10.1.0/../../../../arm-none-eabi/lib/thumb/libg.a(lib_a-ctype_.o)
 .ARM.attributes
                0x00000000000003ea       0x2a /opt/devkitpro/devkitARM/lib/gcc/arm-none-eabi/10.1.0/../../../../arm-none-eabi/lib/thumb/libg.a(lib_a-init.o)
 .ARM.attributes
                0x0000000000000414       0x2a /opt/devkitpro/devkitARM/lib/gcc/arm-none-eabi/10.1.0/../../../../arm-none-eabi/lib/thumb/libg.a(lib_a-iprintf.o)
 .ARM.attributes
                0x000000000000043e       0x2a /opt/devkitpro/devkitARM/lib/gcc/arm-none-eabi/10.1.0/../../../../arm-none-eabi/lib/thumb/libg.a(lib_a-memcpy-stub.o)
 .ARM.attributes
                0x0000000000000468       0x2a /opt/devkitpro/devkitARM/lib/gcc/arm-none-eabi/10.1.0/../../../../arm-none-eabi/lib/thumb/libg.a(lib_a-memset.o)
 .ARM.attributes
                0x0000000000000492       0x2a /opt/devkitpro/devkitARM/lib/gcc/arm-none-eabi/10.1.0/../../../../arm-none-eabi/lib/thumb/libg.a(lib_a-setvbuf.o)
 .ARM.attributes
                0x00000000000004bc       0x2a /opt/devkitpro/devkitARM/lib/gcc/arm-none-eabi/10.1.0/../../../../arm-none-eabi/lib/thumb/libg.a(lib_a-siscanf.o)
 .ARM.attributes
                0x00000000000004e6       0x2a /opt/devkitpro/devkitARM/lib/gcc/arm-none-eabi/10.1.0/../../../../arm-none-eabi/lib/thumb/libg.a(lib_a-stdio.o)
 .ARM.attributes
                0x0000000000000510       0x2a /opt/devkitpro/devkitARM/lib/gcc/arm-none-eabi/10.1.0/../../../../arm-none-eabi/lib/thumb/libg.a(lib_a-strlen-stub.o)
 .ARM.attributes
                0x000000000000053a       0x2a /opt/devkitpro/devkitARM/lib/gcc/arm-none-eabi/10.1.0/../../../../arm-none-eabi/lib/thumb/libg.a(lib_a-strncpy.o)
 .ARM.attributes
                0x0000000000000564       0x2a /opt/devkitpro/devkitARM/lib/gcc/arm-none-eabi/10.1.0/../../../../arm-none-eabi/lib/thumb/libg.a(lib_a-strtol.o)
 .ARM.attributes
                0x000000000000058e       0x2a /opt/devkitpro/devkitARM/lib/gcc/arm-none-eabi/10.1.0/../../../../arm-none-eabi/lib/thumb/libg.a(lib_a-svfiscanf.o)
 .ARM.attributes
                0x00000000000005b8       0x2a /opt/devkitpro/devkitARM/lib/gcc/arm-none-eabi/10.1.0/../../../../arm-none-eabi/lib/thumb/libg.a(lib_a-ungetc.o)
 .ARM.attributes
                0x00000000000005e2       0x2a /opt/devkitpro/devkitARM/lib/gcc/arm-none-eabi/10.1.0/../../../../arm-none-eabi/lib/thumb/libg.a(lib_a-vfiprintf.o)
 .ARM.attributes
                0x000000000000060c       0x2a /opt/devkitpro/devkitARM/lib/gcc/arm-none-eabi/10.1.0/../../../../arm-none-eabi/lib/thumb/libg.a(lib_a-wcrtomb.o)
 .ARM.attributes
                0x0000000000000636       0x2a /opt/devkitpro/devkitARM/lib/gcc/arm-none-eabi/10.1.0/../../../../arm-none-eabi/lib/thumb/libg.a(lib_a-wcsrtombs.o)
 .ARM.attributes
                0x0000000000000660       0x2a /opt/devkitpro/devkitARM/lib/gcc/arm-none-eabi/10.1.0/../../../../arm-none-eabi/lib/thumb/libg.a(lib_a-wsetup.o)
 .ARM.attributes
                0x000000000000068a       0x2a /opt/devkitpro/devkitARM/lib/gcc/arm-none-eabi/10.1.0/../../../../arm-none-eabi/lib/thumb/libg.a(lib_a-errno.o)
 .ARM.attributes
                0x00000000000006b4       0x2a /opt/devkitpro/devkitARM/lib/gcc/arm-none-eabi/10.1.0/../../../../arm-none-eabi/lib/thumb/libg.a(lib_a-fflush.o)
 .ARM.attributes
                0x00000000000006de       0x2a /opt/devkitpro/devkitARM/lib/gcc/arm-none-eabi/10.1.0/../../../../arm-none-eabi/lib/thumb/libg.a(lib_a-findfp.o)
 .ARM.attributes
                0x0000000000000708       0x2a /opt/devkitpro/devkitARM/lib/gcc/arm-none-eabi/10.1.0/../../../../arm-none-eabi/lib/thumb/libg.a(lib_a-freer.o)
 .ARM.attributes
                0x0000000000000732       0x2a /opt/devkitpro/devkitARM/lib/gcc/arm-none-eabi/10.1.0/../../../../arm-none-eabi/lib/thumb/libg.a(lib_a-fvwrite.o)
 .ARM.attributes
                0x000000000000075c       0x2a /opt/devkitpro/devkitARM/lib/gcc/arm-none-eabi/10.1.0/../../../../arm-none-eabi/lib/thumb/libg.a(lib_a-fwalk.o)
 .ARM.attributes
                0x0000000000000786       0x30 /opt/devkitpro/devkitARM/lib/gcc/arm-none-eabi/10.1.0/../../../../arm-none-eabi/lib/thumb/libg.a(lib_a-impure.o)
 .ARM.attributes
                0x00000000000007b6       0x2a /opt/devkitpro/devkitARM/lib/gcc/arm-none-eabi/10.1.0/../../../../arm-none-eabi/lib/thumb/libg.a(lib_a-iswspace.o)
 .ARM.attributes
                0x00000000000007e0       0x2a /opt/devkitpro/devkitARM/lib/gcc/arm-none-eabi/10.1.0/../../../../arm-none-eabi/lib/thumb/libg.a(lib_a-localeconv.o)
 .ARM.attributes
                0x000000000000080a       0x2a /opt/devkitpro/devkitARM/lib/gcc/arm-none-eabi/10.1.0/../../../../arm-none-eabi/lib/thumb/libg.a(lib_a-locale.o)
 .ARM.attributes
                0x0000000000000834       0x2a /opt/devkitpro/devkitARM/lib/gcc/arm-none-eabi/10.1.0/../../../../arm-none-eabi/lib/thumb/libg.a(lib_a-makebuf.o)
 .ARM.attributes
                0x000000000000085e       0x2a /opt/devkitpro/devkitARM/lib/gcc/arm-none-eabi/10.1.0/../../../../arm-none-eabi/lib/thumb/libg.a(lib_a-malloc.o)
 .ARM.attributes
                0x0000000000000888       0x2a /opt/devkitpro/devkitARM/lib/gcc/arm-none-eabi/10.1.0/../../../../arm-none-eabi/lib/thumb/libg.a(lib_a-mallocr.o)
 .ARM.attributes
                0x00000000000008b2       0x2a /opt/devkitpro/devkitARM/lib/gcc/arm-none-eabi/10.1.0/../../../../arm-none-eabi/lib/thumb/libg.a(lib_a-mbrtowc.o)
 .ARM.attributes
                0x00000000000008dc       0x2a /opt/devkitpro/devkitARM/lib/gcc/arm-none-eabi/10.1.0/../../../../arm-none-eabi/lib/thumb/libg.a(lib_a-mbtowc_r.o)
 .ARM.attributes
                0x0000000000000906       0x2a /opt/devkitpro/devkitARM/lib/gcc/arm-none-eabi/10.1.0/../../../../arm-none-eabi/lib/thumb/libg.a(lib_a-memchr-stub.o)
 .ARM.attributes
                0x0000000000000930       0x2a /opt/devkitpro/devkitARM/lib/gcc/arm-none-eabi/10.1.0/../../../../arm-none-eabi/lib/thumb/libg.a(lib_a-memmove.o)
 .ARM.attributes
                0x000000000000095a       0x2a /opt/devkitpro/devkitARM/lib/gcc/arm-none-eabi/10.1.0/../../../../arm-none-eabi/lib/thumb/libg.a(lib_a-mlock.o)
 .ARM.attributes
                0x0000000000000984       0x2a /opt/devkitpro/devkitARM/lib/gcc/arm-none-eabi/10.1.0/../../../../arm-none-eabi/lib/thumb/libg.a(lib_a-realloc.o)
 .ARM.attributes
                0x00000000000009ae       0x2a /opt/devkitpro/devkitARM/lib/gcc/arm-none-eabi/10.1.0/../../../../arm-none-eabi/lib/thumb/libg.a(lib_a-reallocr.o)
 .ARM.attributes
                0x00000000000009d8       0x2a /opt/devkitpro/devkitARM/lib/gcc/arm-none-eabi/10.1.0/../../../../arm-none-eabi/lib/thumb/libg.a(lib_a-sccl.o)
 .ARM.attributes
                0x0000000000000a02       0x2a /opt/devkitpro/devkitARM/lib/gcc/arm-none-eabi/10.1.0/../../../../arm-none-eabi/lib/thumb/libg.a(lib_a-strcasecmp.o)
 .ARM.attributes
                0x0000000000000a2c       0x2a /opt/devkitpro/devkitARM/lib/gcc/arm-none-eabi/10.1.0/../../../../arm-none-eabi/lib/thumb/libg.a(lib_a-strcat.o)
 .ARM.attributes
                0x0000000000000a56       0x2a /opt/devkitpro/devkitARM/lib/gcc/arm-none-eabi/10.1.0/../../../../arm-none-eabi/lib/thumb/libg.a(lib_a-strchr.o)
 .ARM.attributes
                0x0000000000000a80       0x1a /opt/devkitpro/devkitARM/lib/gcc/arm-none-eabi/10.1.0/../../../../arm-none-eabi/lib/thumb/libg.a(lib_a-strcmp.o)
 .ARM.attributes
                0x0000000000000a9a       0x2a /opt/devkitpro/devkitARM/lib/gcc/arm-none-eabi/10.1.0/../../../../arm-none-eabi/lib/thumb/libg.a(lib_a-strcpy.o)
 .ARM.attributes
                0x0000000000000ac4       0x2a /opt/devkitpro/devkitARM/lib/gcc/arm-none-eabi/10.1.0/../../../../arm-none-eabi/lib/thumb/libg.a(lib_a-strlcpy.o)
 .ARM.attributes
                0x0000000000000aee       0x2a /opt/devkitpro/devkitARM/lib/gcc/arm-none-eabi/10.1.0/../../../../arm-none-eabi/lib/thumb/libg.a(lib_a-strncasecmp.o)
 .ARM.attributes
                0x0000000000000b18       0x2a /opt/devkitpro/devkitARM/lib/gcc/arm-none-eabi/10.1.0/../../../../arm-none-eabi/lib/thumb/libg.a(lib_a-strncmp.o)
 .ARM.attributes
                0x0000000000000b42       0x2a /opt/devkitpro/devkitARM/lib/gcc/arm-none-eabi/10.1.0/../../../../arm-none-eabi/lib/thumb/libg.a(lib_a-strtoll.o)
 .ARM.attributes
                0x0000000000000b6c       0x2a /opt/devkitpro/devkitARM/lib/gcc/arm-none-eabi/10.1.0/../../../../arm-none-eabi/lib/thumb/libg.a(lib_a-strtoull.o)
 .ARM.attributes
                0x0000000000000b96       0x2a /opt/devkitpro/devkitARM/lib/gcc/arm-none-eabi/10.1.0/../../../../arm-none-eabi/lib/thumb/libg.a(lib_a-strtoul.o)
 .ARM.attributes
                0x0000000000000bc0       0x2a /opt/devkitpro/devkitARM/lib/gcc/arm-none-eabi/10.1.0/../../../../arm-none-eabi/lib/thumb/libg.a(lib_a-svfiprintf.o)
 .ARM.attributes
                0x0000000000000bea       0x2a /opt/devkitpro/devkitARM/lib/gcc/arm-none-eabi/10.1.0/../../../../arm-none-eabi/lib/thumb/libg.a(lib_a-wcsnrtombs.o)
 .ARM.attributes
                0x0000000000000c14       0x2a /opt/devkitpro/devkitARM/lib/gcc/arm-none-eabi/10.1.0/../../../../arm-none-eabi/lib/thumb/libg.a(lib_a-wctomb_r.o)
 .ARM.attributes
                0x0000000000000c3e       0x2a /opt/devkitpro/devkitARM/lib/gcc/arm-none-eabi/10.1.0/../../../../arm-none-eabi/lib/thumb/libg.a(lib_a-fclose.o)
 .ARM.attributes
                0x0000000000000c68       0x2a /opt/devkitpro/devkitARM/lib/gcc/arm-none-eabi/10.1.0/../../../../arm-none-eabi/lib/thumb/libg.a(lib_a-getenv_r.o)
 .ARM.attributes
                0x0000000000000c92       0x2a /opt/devkitpro/devkitARM/lib/gcc/arm-none-eabi/10.1.0/../../../../arm-none-eabi/lib/thumb/libg.a(lib_a-iswspace_l.o)
 .ARM.attributes
                0x0000000000000cbc       0x2a /opt/devkitpro/devkitARM/lib/gcc/arm-none-eabi/10.1.0/../../../../arm-none-eabi/lib/thumb/libg.a(lib_a-jp2uc.o)
 .ARM.attributes
                0x0000000000000ce6       0x2a /opt/devkitpro/devkitARM/lib/gcc/arm-none-eabi/10.1.0/../../../../arm-none-eabi/lib/thumb/libg.a(lib_a-categories.o)
 .ARM.attributes
                0x0000000000000d10       0x30 /opt/devkitpro/devkitARM/lib/gcc/arm-none-eabi/10.1.0/../../../../arm-none-eabi/lib/thumb/libg.a(lib_a-environ.o)
 .ARM.attributes
                0x0000000000000d40       0x2a /opt/devkitpro/devkitARM/lib/gcc/arm-none-eabi/10.1.0/../../../../arm-none-eabi/lib/thumb/libg.a(lib_a-envlock.o)
 .ARM.attributes
                0x0000000000000d6a       0x2a /opt/devkitpro/devkitARM/lib/gcc/arm-none-eabi/10.1.0/../../../../arm-none-eabi/lib/thumb/libsysbase.a(iosupport.o)
 .ARM.attributes
                0x0000000000000d94       0x2a /opt/devkitpro/devkitARM/lib/gcc/arm-none-eabi/10.1.0/../../../../arm-none-eabi/lib/thumb/libsysbase.a(fstat.o)
 .ARM.attributes
                0x0000000000000dbe       0x2a /opt/devkitpro/devkitARM/lib/gcc/arm-none-eabi/10.1.0/../../../../arm-none-eabi/lib/thumb/libsysbase.a(isatty.o)
 .ARM.attributes
                0x0000000000000de8       0x2a /opt/devkitpro/devkitARM/lib/gcc/arm-none-eabi/10.1.0/../../../../arm-none-eabi/lib/thumb/libsysbase.a(lseek.o)
 .ARM.attributes
                0x0000000000000e12       0x2a /opt/devkitpro/devkitARM/lib/gcc/arm-none-eabi/10.1.0/../../../../arm-none-eabi/lib/thumb/libsysbase.a(read.o)
 .ARM.attributes
                0x0000000000000e3c       0x2a /opt/devkitpro/devkitARM/lib/gcc/arm-none-eabi/10.1.0/../../../../arm-none-eabi/lib/thumb/libsysbase.a(sbrk.o)
 .ARM.attributes
                0x0000000000000e66       0x2a /opt/devkitpro/devkitARM/lib/gcc/arm-none-eabi/10.1.0/../../../../arm-none-eabi/lib/thumb/libsysbase.a(write.o)
 .ARM.attributes
                0x0000000000000e90       0x30 /opt/devkitpro/devkitARM/lib/gcc/arm-none-eabi/10.1.0/../../../../arm-none-eabi/lib/thumb/libsysbase.a(malloc_vars.o)
 .ARM.attributes
                0x0000000000000ec0       0x2a /opt/devkitpro/devkitARM/lib/gcc/arm-none-eabi/10.1.0/../../../../arm-none-eabi/lib/thumb/libsysbase.a(flock.o)
 .ARM.attributes
                0x0000000000000eea       0x2a /opt/devkitpro/devkitARM/lib/gcc/arm-none-eabi/10.1.0/../../../../arm-none-eabi/lib/thumb/libsysbase.a(syscall_support.o)
 .ARM.attributes
                0x0000000000000f14       0x2a /opt/devkitpro/devkitARM/lib/gcc/arm-none-eabi/10.1.0/../../../../arm-none-eabi/lib/thumb/libsysbase.a(handle_manager.o)
 .ARM.attributes
                0x0000000000000f3e       0x2a /opt/devkitpro/devkitARM/lib/gcc/arm-none-eabi/10.1.0/../../../../arm-none-eabi/lib/thumb/libsysbase.a(getreent.o)
 .ARM.attributes
                0x0000000000000f68       0x1c /opt/devkitpro/devkitARM/lib/gcc/arm-none-eabi/10.1.0/thumb/libgcc.a(_thumb1_case_uqi.o)
 .ARM.attributes
                0x0000000000000f84       0x1c /opt/devkitpro/devkitARM/lib/gcc/arm-none-eabi/10.1.0/thumb/libgcc.a(_thumb1_case_uhi.o)
 .ARM.attributes
                0x0000000000000fa0       0x1c /opt/devkitpro/devkitARM/lib/gcc/arm-none-eabi/10.1.0/thumb/libgcc.a(_aeabi_uldivmod.o)
 .ARM.attributes
                0x0000000000000fbc       0x2a /opt/devkitpro/devkitARM/lib/gcc/arm-none-eabi/10.1.0/thumb/libgcc.a(_muldi3.o)
 .ARM.attributes
                0x0000000000000fe6       0x2a /opt/devkitpro/devkitARM/lib/gcc/arm-none-eabi/10.1.0/thumb/libgcc.a(_udivmoddi4.o)
 .ARM.attributes
                0x0000000000001010       0x1c /opt/devkitpro/devkitARM/lib/gcc/arm-none-eabi/10.1.0/thumb/libgcc.a(_clzdi2.o)
 .ARM.attributes
                0x000000000000102c       0x1c /opt/devkitpro/devkitARM/lib/gcc/arm-none-eabi/10.1.0/thumb/libgcc.a(_clzsi2.o)
 .ARM.attributes
                0x0000000000001048       0x30 /opt/devkitpro/devkitARM/lib/gcc/arm-none-eabi/10.1.0/thumb/crtend.o
 .ARM.attributes
                0x0000000000001078       0x1c /opt/devkitpro/devkitARM/lib/gcc/arm-none-eabi/10.1.0/thumb/crtn.o

/DISCARD/
 *(.note.GNU-stack)
LOAD /opt/devkitpro/devkitARM/lib/gcc/arm-none-eabi/10.1.0/../../../../arm-none-eabi/lib/thumb/gba_crt0.o
LOAD /opt/devkitpro/devkitARM/lib/gcc/arm-none-eabi/10.1.0/thumb/crti.o
LOAD /opt/devkitpro/devkitARM/lib/gcc/arm-none-eabi/10.1.0/thumb/crtbegin.o
LOAD brin.o
LOAD coin.o
LOAD shot.o
LOAD main.o
LOAD tileset.o
LOAD juni.o
LOAD /opt/devkitpro/libgba/lib/libmm.a
LOAD /opt/devkitpro/libgba/lib/libgba.a
LOAD /opt/devkitpro/libtonc/lib/libtonc.a
START GROUP
LOAD /opt/devkitpro/devkitARM/lib/gcc/arm-none-eabi/10.1.0/thumb/libgcc.a
LOAD /opt/devkitpro/devkitARM/lib/gcc/arm-none-eabi/10.1.0/../../../../arm-none-eabi/lib/thumb/libg.a
LOAD /opt/devkitpro/devkitARM/lib/gcc/arm-none-eabi/10.1.0/../../../../arm-none-eabi/lib/thumb/libc.a
LOAD /opt/devkitpro/devkitARM/lib/gcc/arm-none-eabi/10.1.0/../../../../arm-none-eabi/lib/thumb/libsysbase.a
END GROUP
LOAD /opt/devkitpro/devkitARM/lib/gcc/arm-none-eabi/10.1.0/thumb/crtend.o
LOAD /opt/devkitpro/devkitARM/lib/gcc/arm-none-eabi/10.1.0/thumb/crtn.o
OUTPUT(/opt/devkitpro/super-spy/super-spy.elf elf32-littlearm)

.debug_ranges   0x0000000000000000      0x1d0
 .debug_ranges  0x0000000000000000      0x1d0 main.o
